[0.175s] DEBUG:colcon:Command line arguments: ['/usr/bin/colcon', 'build', '--packages-select', 'robile_planning', '--symlink-install']
[0.175s] DEBUG:colcon:Parsed command line arguments: Namespace(log_base=None, log_level=None, verb_name='build', build_base='build', install_base='install', merge_install=False, symlink_install=True, test_result_base=None, continue_on_error=False, executor='parallel', parallel_workers=8, event_handlers=None, ignore_user_meta=False, metas=['./colcon.meta'], base_paths=['.'], packages_ignore=None, packages_ignore_regex=None, paths=None, packages_up_to=None, packages_up_to_regex=None, packages_above=None, packages_above_and_dependencies=None, packages_above_depth=None, packages_select_by_dep=None, packages_skip_by_dep=None, packages_skip_up_to=None, packages_select_build_failed=False, packages_skip_build_finished=False, packages_select_test_failures=False, packages_skip_test_passed=False, packages_select=['robile_planning'], packages_skip=None, packages_select_regex=None, packages_skip_regex=None, packages_start=None, packages_end=None, allow_overriding=[], cmake_args=None, cmake_target=None, cmake_target_skip_unavailable=False, cmake_clean_cache=False, cmake_clean_first=False, cmake_force_configure=False, ament_cmake_args=None, catkin_cmake_args=None, catkin_skip_building_tests=False, verb_parser=<colcon_defaults.argument_parser.defaults.DefaultArgumentsDecorator object at 0x74b4cbd99b10>, verb_extension=<colcon_core.verb.build.BuildVerb object at 0x74b4cbd99540>, main=<bound method BuildVerb.main of <colcon_core.verb.build.BuildVerb object at 0x74b4cbd99540>>)
[0.521s] Level 1:colcon.colcon_core.package_discovery:discover_packages(colcon_meta) check parameters
[0.521s] Level 1:colcon.colcon_core.package_discovery:discover_packages(recursive) check parameters
[0.521s] Level 1:colcon.colcon_core.package_discovery:discover_packages(ignore) check parameters
[0.521s] Level 1:colcon.colcon_core.package_discovery:discover_packages(path) check parameters
[0.521s] Level 1:colcon.colcon_core.package_discovery:discover_packages(colcon_meta) discover
[0.521s] Level 1:colcon.colcon_core.package_discovery:discover_packages(recursive) discover
[0.521s] INFO:colcon.colcon_core.package_discovery:Crawling recursively for packages in '/home/md/amr_final_ws'
[0.521s] Level 1:colcon.colcon_core.package_identification:_identify(.) by extensions ['ignore', 'ignore_ament_install']
[0.521s] Level 1:colcon.colcon_core.package_identification:_identify(.) by extension 'ignore'
[0.521s] Level 1:colcon.colcon_core.package_identification:_identify(.) by extension 'ignore_ament_install'
[0.522s] Level 1:colcon.colcon_core.package_identification:_identify(.) by extensions ['colcon_pkg']
[0.522s] Level 1:colcon.colcon_core.package_identification:_identify(.) by extension 'colcon_pkg'
[0.522s] Level 1:colcon.colcon_core.package_identification:_identify(.) by extensions ['colcon_meta']
[0.522s] Level 1:colcon.colcon_core.package_identification:_identify(.) by extension 'colcon_meta'
[0.522s] Level 1:colcon.colcon_core.package_identification:_identify(.) by extensions ['ros']
[0.522s] Level 1:colcon.colcon_core.package_identification:_identify(.) by extension 'ros'
[0.573s] Level 1:colcon.colcon_core.package_identification:_identify(.) by extensions ['cmake', 'python']
[0.573s] Level 1:colcon.colcon_core.package_identification:_identify(.) by extension 'cmake'
[0.573s] Level 1:colcon.colcon_core.package_identification:_identify(.) by extension 'python'
[0.573s] Level 1:colcon.colcon_core.package_identification:_identify(.) by extensions ['python_setup_py']
[0.573s] Level 1:colcon.colcon_core.package_identification:_identify(.) by extension 'python_setup_py'
[0.574s] Level 1:colcon.colcon_core.package_identification:_identify(build) by extensions ['ignore', 'ignore_ament_install']
[0.574s] Level 1:colcon.colcon_core.package_identification:_identify(build) by extension 'ignore'
[0.574s] Level 1:colcon.colcon_core.package_identification:_identify(build) ignored
[0.574s] Level 1:colcon.colcon_core.package_identification:_identify(install) by extensions ['ignore', 'ignore_ament_install']
[0.574s] Level 1:colcon.colcon_core.package_identification:_identify(install) by extension 'ignore'
[0.574s] Level 1:colcon.colcon_core.package_identification:_identify(install) ignored
[0.574s] Level 1:colcon.colcon_core.package_identification:_identify(log) by extensions ['ignore', 'ignore_ament_install']
[0.575s] Level 1:colcon.colcon_core.package_identification:_identify(log) by extension 'ignore'
[0.575s] Level 1:colcon.colcon_core.package_identification:_identify(log) ignored
[0.575s] Level 1:colcon.colcon_core.package_identification:_identify(src) by extensions ['ignore', 'ignore_ament_install']
[0.575s] Level 1:colcon.colcon_core.package_identification:_identify(src) by extension 'ignore'
[0.575s] Level 1:colcon.colcon_core.package_identification:_identify(src) by extension 'ignore_ament_install'
[0.575s] Level 1:colcon.colcon_core.package_identification:_identify(src) by extensions ['colcon_pkg']
[0.575s] Level 1:colcon.colcon_core.package_identification:_identify(src) by extension 'colcon_pkg'
[0.575s] Level 1:colcon.colcon_core.package_identification:_identify(src) by extensions ['colcon_meta']
[0.575s] Level 1:colcon.colcon_core.package_identification:_identify(src) by extension 'colcon_meta'
[0.575s] Level 1:colcon.colcon_core.package_identification:_identify(src) by extensions ['ros']
[0.575s] Level 1:colcon.colcon_core.package_identification:_identify(src) by extension 'ros'
[0.575s] Level 1:colcon.colcon_core.package_identification:_identify(src) by extensions ['cmake', 'python']
[0.576s] Level 1:colcon.colcon_core.package_identification:_identify(src) by extension 'cmake'
[0.576s] Level 1:colcon.colcon_core.package_identification:_identify(src) by extension 'python'
[0.576s] Level 1:colcon.colcon_core.package_identification:_identify(src) by extensions ['python_setup_py']
[0.576s] Level 1:colcon.colcon_core.package_identification:_identify(src) by extension 'python_setup_py'
[0.576s] Level 1:colcon.colcon_core.package_identification:_identify(src/kelo_tulip) by extensions ['ignore', 'ignore_ament_install']
[0.576s] Level 1:colcon.colcon_core.package_identification:_identify(src/kelo_tulip) by extension 'ignore'
[0.576s] Level 1:colcon.colcon_core.package_identification:_identify(src/kelo_tulip) by extension 'ignore_ament_install'
[0.576s] Level 1:colcon.colcon_core.package_identification:_identify(src/kelo_tulip) by extensions ['colcon_pkg']
[0.576s] Level 1:colcon.colcon_core.package_identification:_identify(src/kelo_tulip) by extension 'colcon_pkg'
[0.576s] Level 1:colcon.colcon_core.package_identification:_identify(src/kelo_tulip) by extensions ['colcon_meta']
[0.577s] Level 1:colcon.colcon_core.package_identification:_identify(src/kelo_tulip) by extension 'colcon_meta'
[0.577s] Level 1:colcon.colcon_core.package_identification:_identify(src/kelo_tulip) by extensions ['ros']
[0.577s] Level 1:colcon.colcon_core.package_identification:_identify(src/kelo_tulip) by extension 'ros'
[0.580s] DEBUG:colcon.colcon_core.package_identification:Package 'src/kelo_tulip' with type 'ros.catkin' and name 'kelo_tulip'
[0.580s] Level 1:colcon.colcon_core.package_identification:_identify(src/map_1st_task) by extensions ['ignore', 'ignore_ament_install']
[0.580s] Level 1:colcon.colcon_core.package_identification:_identify(src/map_1st_task) by extension 'ignore'
[0.580s] Level 1:colcon.colcon_core.package_identification:_identify(src/map_1st_task) by extension 'ignore_ament_install'
[0.580s] Level 1:colcon.colcon_core.package_identification:_identify(src/map_1st_task) by extensions ['colcon_pkg']
[0.580s] Level 1:colcon.colcon_core.package_identification:_identify(src/map_1st_task) by extension 'colcon_pkg'
[0.581s] Level 1:colcon.colcon_core.package_identification:_identify(src/map_1st_task) by extensions ['colcon_meta']
[0.581s] Level 1:colcon.colcon_core.package_identification:_identify(src/map_1st_task) by extension 'colcon_meta'
[0.581s] Level 1:colcon.colcon_core.package_identification:_identify(src/map_1st_task) by extensions ['ros']
[0.581s] Level 1:colcon.colcon_core.package_identification:_identify(src/map_1st_task) by extension 'ros'
[0.581s] Level 1:colcon.colcon_core.package_identification:_identify(src/map_1st_task) by extensions ['cmake', 'python']
[0.581s] Level 1:colcon.colcon_core.package_identification:_identify(src/map_1st_task) by extension 'cmake'
[0.581s] Level 1:colcon.colcon_core.package_identification:_identify(src/map_1st_task) by extension 'python'
[0.581s] Level 1:colcon.colcon_core.package_identification:_identify(src/map_1st_task) by extensions ['python_setup_py']
[0.581s] Level 1:colcon.colcon_core.package_identification:_identify(src/map_1st_task) by extension 'python_setup_py'
[0.581s] Level 1:colcon.colcon_core.package_identification:_identify(src/robile_description) by extensions ['ignore', 'ignore_ament_install']
[0.581s] Level 1:colcon.colcon_core.package_identification:_identify(src/robile_description) by extension 'ignore'
[0.581s] Level 1:colcon.colcon_core.package_identification:_identify(src/robile_description) by extension 'ignore_ament_install'
[0.582s] Level 1:colcon.colcon_core.package_identification:_identify(src/robile_description) by extensions ['colcon_pkg']
[0.582s] Level 1:colcon.colcon_core.package_identification:_identify(src/robile_description) by extension 'colcon_pkg'
[0.582s] Level 1:colcon.colcon_core.package_identification:_identify(src/robile_description) by extensions ['colcon_meta']
[0.582s] Level 1:colcon.colcon_core.package_identification:_identify(src/robile_description) by extension 'colcon_meta'
[0.582s] Level 1:colcon.colcon_core.package_identification:_identify(src/robile_description) by extensions ['ros']
[0.582s] Level 1:colcon.colcon_core.package_identification:_identify(src/robile_description) by extension 'ros'
[0.582s] DEBUG:colcon.colcon_core.package_identification:Package 'src/robile_description' with type 'ros.ament_cmake' and name 'robile_description'
[0.582s] Level 1:colcon.colcon_core.package_identification:_identify(src/robile_exploration) by extensions ['ignore', 'ignore_ament_install']
[0.583s] Level 1:colcon.colcon_core.package_identification:_identify(src/robile_exploration) by extension 'ignore'
[0.583s] Level 1:colcon.colcon_core.package_identification:_identify(src/robile_exploration) by extension 'ignore_ament_install'
[0.583s] Level 1:colcon.colcon_core.package_identification:_identify(src/robile_exploration) by extensions ['colcon_pkg']
[0.583s] Level 1:colcon.colcon_core.package_identification:_identify(src/robile_exploration) by extension 'colcon_pkg'
[0.583s] Level 1:colcon.colcon_core.package_identification:_identify(src/robile_exploration) by extensions ['colcon_meta']
[0.583s] Level 1:colcon.colcon_core.package_identification:_identify(src/robile_exploration) by extension 'colcon_meta'
[0.583s] Level 1:colcon.colcon_core.package_identification:_identify(src/robile_exploration) by extensions ['ros']
[0.583s] Level 1:colcon.colcon_core.package_identification:_identify(src/robile_exploration) by extension 'ros'
[0.584s] DEBUG:colcon.colcon_core.package_identification:Package 'src/robile_exploration' with type 'ros.ament_python' and name 'robile_exploration'
[0.584s] Level 1:colcon.colcon_core.package_identification:_identify(src/robile_gazebo) by extensions ['ignore', 'ignore_ament_install']
[0.584s] Level 1:colcon.colcon_core.package_identification:_identify(src/robile_gazebo) by extension 'ignore'
[0.584s] Level 1:colcon.colcon_core.package_identification:_identify(src/robile_gazebo) by extension 'ignore_ament_install'
[0.584s] Level 1:colcon.colcon_core.package_identification:_identify(src/robile_gazebo) by extensions ['colcon_pkg']
[0.584s] Level 1:colcon.colcon_core.package_identification:_identify(src/robile_gazebo) by extension 'colcon_pkg'
[0.584s] Level 1:colcon.colcon_core.package_identification:_identify(src/robile_gazebo) by extensions ['colcon_meta']
[0.584s] Level 1:colcon.colcon_core.package_identification:_identify(src/robile_gazebo) by extension 'colcon_meta'
[0.585s] Level 1:colcon.colcon_core.package_identification:_identify(src/robile_gazebo) by extensions ['ros']
[0.585s] Level 1:colcon.colcon_core.package_identification:_identify(src/robile_gazebo) by extension 'ros'
[0.588s] DEBUG:colcon.colcon_core.package_identification:Package 'src/robile_gazebo' with type 'ros.ament_cmake' and name 'robile_gazebo'
[0.588s] Level 1:colcon.colcon_core.package_identification:_identify(src/robile_interfaces) by extensions ['ignore', 'ignore_ament_install']
[0.588s] Level 1:colcon.colcon_core.package_identification:_identify(src/robile_interfaces) by extension 'ignore'
[0.588s] Level 1:colcon.colcon_core.package_identification:_identify(src/robile_interfaces) by extension 'ignore_ament_install'
[0.588s] Level 1:colcon.colcon_core.package_identification:_identify(src/robile_interfaces) by extensions ['colcon_pkg']
[0.588s] Level 1:colcon.colcon_core.package_identification:_identify(src/robile_interfaces) by extension 'colcon_pkg'
[0.588s] Level 1:colcon.colcon_core.package_identification:_identify(src/robile_interfaces) by extensions ['colcon_meta']
[0.589s] Level 1:colcon.colcon_core.package_identification:_identify(src/robile_interfaces) by extension 'colcon_meta'
[0.589s] Level 1:colcon.colcon_core.package_identification:_identify(src/robile_interfaces) by extensions ['ros']
[0.589s] Level 1:colcon.colcon_core.package_identification:_identify(src/robile_interfaces) by extension 'ros'
[0.590s] DEBUG:colcon.colcon_core.package_identification:Package 'src/robile_interfaces' with type 'ros.ament_cmake' and name 'robile_interfaces'
[0.590s] Level 1:colcon.colcon_core.package_identification:_identify(src/robile_localization) by extensions ['ignore', 'ignore_ament_install']
[0.590s] Level 1:colcon.colcon_core.package_identification:_identify(src/robile_localization) by extension 'ignore'
[0.591s] Level 1:colcon.colcon_core.package_identification:_identify(src/robile_localization) by extension 'ignore_ament_install'
[0.591s] Level 1:colcon.colcon_core.package_identification:_identify(src/robile_localization) by extensions ['colcon_pkg']
[0.591s] Level 1:colcon.colcon_core.package_identification:_identify(src/robile_localization) by extension 'colcon_pkg'
[0.591s] Level 1:colcon.colcon_core.package_identification:_identify(src/robile_localization) by extensions ['colcon_meta']
[0.591s] Level 1:colcon.colcon_core.package_identification:_identify(src/robile_localization) by extension 'colcon_meta'
[0.591s] Level 1:colcon.colcon_core.package_identification:_identify(src/robile_localization) by extensions ['ros']
[0.591s] Level 1:colcon.colcon_core.package_identification:_identify(src/robile_localization) by extension 'ros'
[0.593s] DEBUG:colcon.colcon_core.package_identification:Package 'src/robile_localization' with type 'ros.ament_python' and name 'robile_localization'
[0.594s] Level 1:colcon.colcon_core.package_identification:_identify(src/robile_navigation) by extensions ['ignore', 'ignore_ament_install']
[0.594s] Level 1:colcon.colcon_core.package_identification:_identify(src/robile_navigation) by extension 'ignore'
[0.594s] Level 1:colcon.colcon_core.package_identification:_identify(src/robile_navigation) by extension 'ignore_ament_install'
[0.594s] Level 1:colcon.colcon_core.package_identification:_identify(src/robile_navigation) by extensions ['colcon_pkg']
[0.594s] Level 1:colcon.colcon_core.package_identification:_identify(src/robile_navigation) by extension 'colcon_pkg'
[0.594s] Level 1:colcon.colcon_core.package_identification:_identify(src/robile_navigation) by extensions ['colcon_meta']
[0.594s] Level 1:colcon.colcon_core.package_identification:_identify(src/robile_navigation) by extension 'colcon_meta'
[0.594s] Level 1:colcon.colcon_core.package_identification:_identify(src/robile_navigation) by extensions ['ros']
[0.594s] Level 1:colcon.colcon_core.package_identification:_identify(src/robile_navigation) by extension 'ros'
[0.596s] DEBUG:colcon.colcon_core.package_identification:Package 'src/robile_navigation' with type 'ros.ament_cmake' and name 'robile_navigation'
[0.596s] Level 1:colcon.colcon_core.package_identification:_identify(src/robile_planning) by extensions ['ignore', 'ignore_ament_install']
[0.596s] Level 1:colcon.colcon_core.package_identification:_identify(src/robile_planning) by extension 'ignore'
[0.596s] Level 1:colcon.colcon_core.package_identification:_identify(src/robile_planning) by extension 'ignore_ament_install'
[0.597s] Level 1:colcon.colcon_core.package_identification:_identify(src/robile_planning) by extensions ['colcon_pkg']
[0.597s] Level 1:colcon.colcon_core.package_identification:_identify(src/robile_planning) by extension 'colcon_pkg'
[0.597s] Level 1:colcon.colcon_core.package_identification:_identify(src/robile_planning) by extensions ['colcon_meta']
[0.597s] Level 1:colcon.colcon_core.package_identification:_identify(src/robile_planning) by extension 'colcon_meta'
[0.597s] Level 1:colcon.colcon_core.package_identification:_identify(src/robile_planning) by extensions ['ros']
[0.597s] Level 1:colcon.colcon_core.package_identification:_identify(src/robile_planning) by extension 'ros'
[0.599s] DEBUG:colcon.colcon_core.package_identification:Package 'src/robile_planning' with type 'ros.ament_python' and name 'robile_planning'
[0.599s] Level 1:colcon.colcon_core.package_discovery:discover_packages(recursive) using defaults
[0.599s] Level 1:colcon.colcon_core.package_discovery:discover_packages(ignore) discover
[0.599s] Level 1:colcon.colcon_core.package_discovery:discover_packages(ignore) using defaults
[0.599s] Level 1:colcon.colcon_core.package_discovery:discover_packages(path) discover
[0.599s] Level 1:colcon.colcon_core.package_discovery:discover_packages(path) using defaults
[0.638s] INFO:colcon.colcon_core.package_selection:Skipping not selected package 'kelo_tulip' in 'src/kelo_tulip'
[0.638s] INFO:colcon.colcon_core.package_selection:Skipping not selected package 'robile_description' in 'src/robile_description'
[0.638s] INFO:colcon.colcon_core.package_selection:Skipping not selected package 'robile_exploration' in 'src/robile_exploration'
[0.638s] INFO:colcon.colcon_core.package_selection:Skipping not selected package 'robile_interfaces' in 'src/robile_interfaces'
[0.638s] INFO:colcon.colcon_core.package_selection:Skipping not selected package 'robile_localization' in 'src/robile_localization'
[0.638s] INFO:colcon.colcon_core.package_selection:Skipping not selected package 'robile_gazebo' in 'src/robile_gazebo'
[0.638s] INFO:colcon.colcon_core.package_selection:Skipping not selected package 'robile_navigation' in 'src/robile_navigation'
[0.639s] Level 1:colcon.colcon_core.package_discovery:discover_packages(prefix_path) check parameters
[0.639s] Level 1:colcon.colcon_core.package_discovery:discover_packages(prefix_path) discover
[0.644s] DEBUG:colcon.colcon_installed_package_information.package_discovery:Found 8 installed packages in /home/md/amr_final_ws/install
[0.644s] DEBUG:colcon.colcon_installed_package_information.package_discovery:Found 1 installed packages in /home/md/robile_ser_ws/install
[0.645s] DEBUG:colcon.colcon_installed_package_information.package_discovery:Found 6 installed packages in /home/md/ros2_robot_ws/install
[0.645s] DEBUG:colcon.colcon_installed_package_information.package_discovery:Found 2 installed packages in /home/md/Desktop/ros2_ws/install
[0.647s] DEBUG:colcon.colcon_installed_package_information.package_discovery:Found 428 installed packages in /opt/ros/humble
[0.649s] Level 1:colcon.colcon_core.package_discovery:discover_packages(prefix_path) using defaults
[0.717s] Level 5:colcon.colcon_core.verb:set package 'robile_planning' build argument 'cmake_args' from command line to 'None'
[0.717s] Level 5:colcon.colcon_core.verb:set package 'robile_planning' build argument 'cmake_target' from command line to 'None'
[0.717s] Level 5:colcon.colcon_core.verb:set package 'robile_planning' build argument 'cmake_target_skip_unavailable' from command line to 'False'
[0.717s] Level 5:colcon.colcon_core.verb:set package 'robile_planning' build argument 'cmake_clean_cache' from command line to 'False'
[0.717s] Level 5:colcon.colcon_core.verb:set package 'robile_planning' build argument 'cmake_clean_first' from command line to 'False'
[0.717s] Level 5:colcon.colcon_core.verb:set package 'robile_planning' build argument 'cmake_force_configure' from command line to 'False'
[0.717s] Level 5:colcon.colcon_core.verb:set package 'robile_planning' build argument 'ament_cmake_args' from command line to 'None'
[0.717s] Level 5:colcon.colcon_core.verb:set package 'robile_planning' build argument 'catkin_cmake_args' from command line to 'None'
[0.717s] Level 5:colcon.colcon_core.verb:set package 'robile_planning' build argument 'catkin_skip_building_tests' from command line to 'False'
[0.717s] DEBUG:colcon.colcon_core.verb:Building package 'robile_planning' with the following arguments: {'ament_cmake_args': None, 'build_base': '/home/md/amr_final_ws/build/robile_planning', 'catkin_cmake_args': None, 'catkin_skip_building_tests': False, 'cmake_args': None, 'cmake_clean_cache': False, 'cmake_clean_first': False, 'cmake_force_configure': False, 'cmake_target': None, 'cmake_target_skip_unavailable': False, 'install_base': '/home/md/amr_final_ws/install/robile_planning', 'merge_install': False, 'path': '/home/md/amr_final_ws/src/robile_planning', 'symlink_install': True, 'test_result_base': None}
[0.718s] INFO:colcon.colcon_core.executor:Executing jobs using 'parallel' executor
[0.719s] DEBUG:colcon.colcon_parallel_executor.executor.parallel:run_until_complete
[0.720s] INFO:colcon.colcon_ros.task.ament_python.build:Building ROS package in '/home/md/amr_final_ws/src/robile_planning' with build type 'ament_python'
[0.720s] Level 1:colcon.colcon_core.shell:create_environment_hook('robile_planning', 'ament_prefix_path')
[0.724s] INFO:colcon.colcon_core.plugin_system:Skipping extension 'colcon_core.shell.bat': Not used on non-Windows systems
[0.724s] INFO:colcon.colcon_core.shell:Creating environment hook '/home/md/amr_final_ws/install/robile_planning/share/robile_planning/hook/ament_prefix_path.ps1'
[0.725s] INFO:colcon.colcon_core.shell:Creating environment descriptor '/home/md/amr_final_ws/install/robile_planning/share/robile_planning/hook/ament_prefix_path.dsv'
[0.726s] INFO:colcon.colcon_core.shell:Creating environment hook '/home/md/amr_final_ws/install/robile_planning/share/robile_planning/hook/ament_prefix_path.sh'
[0.728s] INFO:colcon.colcon_core.shell:Skip shell extension 'powershell' for command environment: Not usable outside of PowerShell
[0.728s] DEBUG:colcon.colcon_core.shell:Skip shell extension 'dsv' for command environment
[1.240s] INFO:colcon.colcon_core.task.python.build:Building Python package in '/home/md/amr_final_ws/src/robile_planning'
[1.240s] INFO:colcon.colcon_core.shell:Skip shell extension 'powershell' for command environment: Not usable outside of PowerShell
[1.240s] DEBUG:colcon.colcon_core.shell:Skip shell extension 'dsv' for command environment
[2.050s] DEBUG:colcon.colcon_core.event_handler.log_command:Invoking command in '/home/md/amr_final_ws/build/robile_planning': PYTHONPATH=/home/md/amr_final_ws/build/robile_planning/prefix_override:/usr/lib/python3/dist-packages/colcon_core/task/python/colcon_distutils_commands:/home/md/amr_final_ws/install/robile_planning/lib/python3.10/site-packages:${PYTHONPATH} /usr/bin/python3 -W ignore:setup.py install is deprecated -W ignore:easy_install command is deprecated setup.py develop --editable --build-directory /home/md/amr_final_ws/build/robile_planning/build --no-deps symlink_data
[2.956s] Level 1:colcon.colcon_core.shell:create_environment_hook('robile_planning', 'pythonpath_develop')
[2.957s] DEBUG:colcon.colcon_core.event_handler.log_command:Invoked command in '/home/md/amr_final_ws/build/robile_planning' returned '0': PYTHONPATH=/home/md/amr_final_ws/build/robile_planning/prefix_override:/usr/lib/python3/dist-packages/colcon_core/task/python/colcon_distutils_commands:/home/md/amr_final_ws/install/robile_planning/lib/python3.10/site-packages:${PYTHONPATH} /usr/bin/python3 -W ignore:setup.py install is deprecated -W ignore:easy_install command is deprecated setup.py develop --editable --build-directory /home/md/amr_final_ws/build/robile_planning/build --no-deps symlink_data
[2.958s] INFO:colcon.colcon_core.shell:Creating environment hook '/home/md/amr_final_ws/build/robile_planning/share/robile_planning/hook/pythonpath_develop.ps1'
[2.959s] INFO:colcon.colcon_core.shell:Creating environment descriptor '/home/md/amr_final_ws/build/robile_planning/share/robile_planning/hook/pythonpath_develop.dsv'
[2.960s] INFO:colcon.colcon_core.shell:Creating environment hook '/home/md/amr_final_ws/build/robile_planning/share/robile_planning/hook/pythonpath_develop.sh'
[2.971s] Level 1:colcon.colcon_core.environment:checking '/home/md/amr_final_ws/install/robile_planning' for CMake module files
[2.971s] Level 1:colcon.colcon_core.environment:checking '/home/md/amr_final_ws/install/robile_planning' for CMake config files
[2.973s] Level 1:colcon.colcon_core.environment:checking '/home/md/amr_final_ws/install/robile_planning/lib'
[2.974s] Level 1:colcon.colcon_core.environment:checking '/home/md/amr_final_ws/install/robile_planning/bin'
[2.974s] Level 1:colcon.colcon_core.environment:checking '/home/md/amr_final_ws/install/robile_planning/lib/pkgconfig/robile_planning.pc'
[2.974s] Level 1:colcon.colcon_core.environment:checking '/home/md/amr_final_ws/install/robile_planning/lib/python3.10/site-packages'
[2.974s] Level 1:colcon.colcon_core.shell:create_environment_hook('robile_planning', 'pythonpath')
[2.974s] INFO:colcon.colcon_core.shell:Creating environment hook '/home/md/amr_final_ws/install/robile_planning/share/robile_planning/hook/pythonpath.ps1'
[2.975s] INFO:colcon.colcon_core.shell:Creating environment descriptor '/home/md/amr_final_ws/install/robile_planning/share/robile_planning/hook/pythonpath.dsv'
[2.975s] INFO:colcon.colcon_core.shell:Creating environment hook '/home/md/amr_final_ws/install/robile_planning/share/robile_planning/hook/pythonpath.sh'
[2.976s] Level 1:colcon.colcon_core.environment:checking '/home/md/amr_final_ws/install/robile_planning/bin'
[2.976s] Level 1:colcon.colcon_core.environment:create_environment_scripts_only(robile_planning)
[2.977s] INFO:colcon.colcon_core.shell:Creating package script '/home/md/amr_final_ws/install/robile_planning/share/robile_planning/package.ps1'
[2.979s] INFO:colcon.colcon_core.shell:Creating package descriptor '/home/md/amr_final_ws/install/robile_planning/share/robile_planning/package.dsv'
[2.980s] INFO:colcon.colcon_core.shell:Creating package script '/home/md/amr_final_ws/install/robile_planning/share/robile_planning/package.sh'
[2.983s] INFO:colcon.colcon_core.shell:Creating package script '/home/md/amr_final_ws/install/robile_planning/share/robile_planning/package.bash'
[2.985s] INFO:colcon.colcon_core.shell:Creating package script '/home/md/amr_final_ws/install/robile_planning/share/robile_planning/package.zsh'
[2.987s] Level 1:colcon.colcon_core.environment:create_file_with_runtime_dependencies(/home/md/amr_final_ws/install/robile_planning/share/colcon-core/packages/robile_planning)
[2.988s] DEBUG:colcon.colcon_parallel_executor.executor.parallel:closing loop
[2.988s] DEBUG:colcon.colcon_parallel_executor.executor.parallel:loop closed
[2.988s] DEBUG:colcon.colcon_parallel_executor.executor.parallel:run_until_complete finished with '0'
[2.988s] DEBUG:colcon.colcon_core.event_reactor:joining thread
[3.003s] INFO:colcon.colcon_core.plugin_system:Skipping extension 'colcon_notification.desktop_notification.terminal_notifier': Not used on non-Darwin systems
[3.004s] INFO:colcon.colcon_core.plugin_system:Skipping extension 'colcon_notification.desktop_notification.win32': Not used on non-Windows systems
[3.004s] INFO:colcon.colcon_notification.desktop_notification:Sending desktop notification using 'notify2'
[3.033s] DEBUG:colcon.colcon_core.event_reactor:joined thread
[3.033s] INFO:colcon.colcon_core.shell:Creating prefix script '/home/md/amr_final_ws/install/local_setup.ps1'
[3.036s] INFO:colcon.colcon_core.shell:Creating prefix util module '/home/md/amr_final_ws/install/_local_setup_util_ps1.py'
[3.039s] INFO:colcon.colcon_core.shell:Creating prefix chain script '/home/md/amr_final_ws/install/setup.ps1'
[3.043s] INFO:colcon.colcon_core.shell:Creating prefix script '/home/md/amr_final_ws/install/local_setup.sh'
[3.047s] INFO:colcon.colcon_core.shell:Creating prefix util module '/home/md/amr_final_ws/install/_local_setup_util_sh.py'
[3.049s] INFO:colcon.colcon_core.shell:Creating prefix chain script '/home/md/amr_final_ws/install/setup.sh'
[3.054s] INFO:colcon.colcon_core.shell:Creating prefix script '/home/md/amr_final_ws/install/local_setup.bash'
[3.055s] INFO:colcon.colcon_core.shell:Creating prefix chain script '/home/md/amr_final_ws/install/setup.bash'
[3.061s] INFO:colcon.colcon_core.shell:Creating prefix script '/home/md/amr_final_ws/install/local_setup.zsh'
[3.062s] INFO:colcon.colcon_core.shell:Creating prefix chain script '/home/md/amr_final_ws/install/setup.zsh'
