[0.424s] DEBUG:colcon:Command line arguments: ['/usr/bin/colcon', 'build', '--symlink-install', '--packages-skip', 'kelo_tulip']
[0.425s] DEBUG:colcon:Parsed command line arguments: Namespace(log_base=None, log_level=None, verb_name='build', build_base='build', install_base='install', merge_install=False, symlink_install=True, test_result_base=None, continue_on_error=False, executor='parallel', parallel_workers=8, event_handlers=None, ignore_user_meta=False, metas=['./colcon.meta'], base_paths=['.'], packages_ignore=None, packages_ignore_regex=None, paths=None, packages_up_to=None, packages_up_to_regex=None, packages_above=None, packages_above_and_dependencies=None, packages_above_depth=None, packages_select_by_dep=None, packages_skip_by_dep=None, packages_skip_up_to=None, packages_select_build_failed=False, packages_skip_build_finished=False, packages_select_test_failures=False, packages_skip_test_passed=False, packages_select=None, packages_skip=['kelo_tulip'], packages_select_regex=None, packages_skip_regex=None, packages_start=None, packages_end=None, allow_overriding=[], cmake_args=None, cmake_target=None, cmake_target_skip_unavailable=False, cmake_clean_cache=False, cmake_clean_first=False, cmake_force_configure=False, ament_cmake_args=None, catkin_cmake_args=None, catkin_skip_building_tests=False, verb_parser=<colcon_defaults.argument_parser.defaults.DefaultArgumentsDecorator object at 0x705d93b610c0>, verb_extension=<colcon_core.verb.build.BuildVerb object at 0x705d93b60af0>, main=<bound method BuildVerb.main of <colcon_core.verb.build.BuildVerb object at 0x705d93b60af0>>)
[1.177s] Level 1:colcon.colcon_core.package_discovery:discover_packages(colcon_meta) check parameters
[1.178s] Level 1:colcon.colcon_core.package_discovery:discover_packages(recursive) check parameters
[1.178s] Level 1:colcon.colcon_core.package_discovery:discover_packages(ignore) check parameters
[1.178s] Level 1:colcon.colcon_core.package_discovery:discover_packages(path) check parameters
[1.178s] Level 1:colcon.colcon_core.package_discovery:discover_packages(colcon_meta) discover
[1.178s] Level 1:colcon.colcon_core.package_discovery:discover_packages(recursive) discover
[1.178s] INFO:colcon.colcon_core.package_discovery:Crawling recursively for packages in '/home/md/amr_final_ws'
[1.178s] Level 1:colcon.colcon_core.package_identification:_identify(.) by extensions ['ignore', 'ignore_ament_install']
[1.178s] Level 1:colcon.colcon_core.package_identification:_identify(.) by extension 'ignore'
[1.179s] Level 1:colcon.colcon_core.package_identification:_identify(.) by extension 'ignore_ament_install'
[1.179s] Level 1:colcon.colcon_core.package_identification:_identify(.) by extensions ['colcon_pkg']
[1.179s] Level 1:colcon.colcon_core.package_identification:_identify(.) by extension 'colcon_pkg'
[1.179s] Level 1:colcon.colcon_core.package_identification:_identify(.) by extensions ['colcon_meta']
[1.179s] Level 1:colcon.colcon_core.package_identification:_identify(.) by extension 'colcon_meta'
[1.179s] Level 1:colcon.colcon_core.package_identification:_identify(.) by extensions ['ros']
[1.179s] Level 1:colcon.colcon_core.package_identification:_identify(.) by extension 'ros'
[1.307s] Level 1:colcon.colcon_core.package_identification:_identify(.) by extensions ['cmake', 'python']
[1.307s] Level 1:colcon.colcon_core.package_identification:_identify(.) by extension 'cmake'
[1.307s] Level 1:colcon.colcon_core.package_identification:_identify(.) by extension 'python'
[1.308s] Level 1:colcon.colcon_core.package_identification:_identify(.) by extensions ['python_setup_py']
[1.308s] Level 1:colcon.colcon_core.package_identification:_identify(.) by extension 'python_setup_py'
[1.308s] Level 1:colcon.colcon_core.package_identification:_identify(build) by extensions ['ignore', 'ignore_ament_install']
[1.309s] Level 1:colcon.colcon_core.package_identification:_identify(build) by extension 'ignore'
[1.310s] Level 1:colcon.colcon_core.package_identification:_identify(build) ignored
[1.312s] Level 1:colcon.colcon_core.package_identification:_identify(install) by extensions ['ignore', 'ignore_ament_install']
[1.313s] Level 1:colcon.colcon_core.package_identification:_identify(install) by extension 'ignore'
[1.313s] Level 1:colcon.colcon_core.package_identification:_identify(install) ignored
[1.314s] Level 1:colcon.colcon_core.package_identification:_identify(log) by extensions ['ignore', 'ignore_ament_install']
[1.314s] Level 1:colcon.colcon_core.package_identification:_identify(log) by extension 'ignore'
[1.314s] Level 1:colcon.colcon_core.package_identification:_identify(log) ignored
[1.315s] Level 1:colcon.colcon_core.package_identification:_identify(src) by extensions ['ignore', 'ignore_ament_install']
[1.315s] Level 1:colcon.colcon_core.package_identification:_identify(src) by extension 'ignore'
[1.315s] Level 1:colcon.colcon_core.package_identification:_identify(src) by extension 'ignore_ament_install'
[1.315s] Level 1:colcon.colcon_core.package_identification:_identify(src) by extensions ['colcon_pkg']
[1.315s] Level 1:colcon.colcon_core.package_identification:_identify(src) by extension 'colcon_pkg'
[1.315s] Level 1:colcon.colcon_core.package_identification:_identify(src) by extensions ['colcon_meta']
[1.316s] Level 1:colcon.colcon_core.package_identification:_identify(src) by extension 'colcon_meta'
[1.316s] Level 1:colcon.colcon_core.package_identification:_identify(src) by extensions ['ros']
[1.316s] Level 1:colcon.colcon_core.package_identification:_identify(src) by extension 'ros'
[1.316s] Level 1:colcon.colcon_core.package_identification:_identify(src) by extensions ['cmake', 'python']
[1.316s] Level 1:colcon.colcon_core.package_identification:_identify(src) by extension 'cmake'
[1.316s] Level 1:colcon.colcon_core.package_identification:_identify(src) by extension 'python'
[1.316s] Level 1:colcon.colcon_core.package_identification:_identify(src) by extensions ['python_setup_py']
[1.316s] Level 1:colcon.colcon_core.package_identification:_identify(src) by extension 'python_setup_py'
[1.317s] Level 1:colcon.colcon_core.package_identification:_identify(src/kelo_tulip) by extensions ['ignore', 'ignore_ament_install']
[1.319s] Level 1:colcon.colcon_core.package_identification:_identify(src/kelo_tulip) by extension 'ignore'
[1.320s] Level 1:colcon.colcon_core.package_identification:_identify(src/kelo_tulip) by extension 'ignore_ament_install'
[1.320s] Level 1:colcon.colcon_core.package_identification:_identify(src/kelo_tulip) by extensions ['colcon_pkg']
[1.321s] Level 1:colcon.colcon_core.package_identification:_identify(src/kelo_tulip) by extension 'colcon_pkg'
[1.321s] Level 1:colcon.colcon_core.package_identification:_identify(src/kelo_tulip) by extensions ['colcon_meta']
[1.321s] Level 1:colcon.colcon_core.package_identification:_identify(src/kelo_tulip) by extension 'colcon_meta'
[1.321s] Level 1:colcon.colcon_core.package_identification:_identify(src/kelo_tulip) by extensions ['ros']
[1.321s] Level 1:colcon.colcon_core.package_identification:_identify(src/kelo_tulip) by extension 'ros'
[1.335s] DEBUG:colcon.colcon_core.package_identification:Package 'src/kelo_tulip' with type 'ros.catkin' and name 'kelo_tulip'
[1.337s] Level 1:colcon.colcon_core.package_identification:_identify(src/robile_description) by extensions ['ignore', 'ignore_ament_install']
[1.338s] Level 1:colcon.colcon_core.package_identification:_identify(src/robile_description) by extension 'ignore'
[1.338s] Level 1:colcon.colcon_core.package_identification:_identify(src/robile_description) by extension 'ignore_ament_install'
[1.338s] Level 1:colcon.colcon_core.package_identification:_identify(src/robile_description) by extensions ['colcon_pkg']
[1.338s] Level 1:colcon.colcon_core.package_identification:_identify(src/robile_description) by extension 'colcon_pkg'
[1.339s] Level 1:colcon.colcon_core.package_identification:_identify(src/robile_description) by extensions ['colcon_meta']
[1.339s] Level 1:colcon.colcon_core.package_identification:_identify(src/robile_description) by extension 'colcon_meta'
[1.339s] Level 1:colcon.colcon_core.package_identification:_identify(src/robile_description) by extensions ['ros']
[1.339s] Level 1:colcon.colcon_core.package_identification:_identify(src/robile_description) by extension 'ros'
[1.341s] DEBUG:colcon.colcon_core.package_identification:Package 'src/robile_description' with type 'ros.ament_cmake' and name 'robile_description'
[1.342s] Level 1:colcon.colcon_core.package_identification:_identify(src/robile_gazebo) by extensions ['ignore', 'ignore_ament_install']
[1.344s] Level 1:colcon.colcon_core.package_identification:_identify(src/robile_gazebo) by extension 'ignore'
[1.344s] Level 1:colcon.colcon_core.package_identification:_identify(src/robile_gazebo) by extension 'ignore_ament_install'
[1.345s] Level 1:colcon.colcon_core.package_identification:_identify(src/robile_gazebo) by extensions ['colcon_pkg']
[1.345s] Level 1:colcon.colcon_core.package_identification:_identify(src/robile_gazebo) by extension 'colcon_pkg'
[1.345s] Level 1:colcon.colcon_core.package_identification:_identify(src/robile_gazebo) by extensions ['colcon_meta']
[1.345s] Level 1:colcon.colcon_core.package_identification:_identify(src/robile_gazebo) by extension 'colcon_meta'
[1.345s] Level 1:colcon.colcon_core.package_identification:_identify(src/robile_gazebo) by extensions ['ros']
[1.345s] Level 1:colcon.colcon_core.package_identification:_identify(src/robile_gazebo) by extension 'ros'
[1.353s] DEBUG:colcon.colcon_core.package_identification:Package 'src/robile_gazebo' with type 'ros.ament_cmake' and name 'robile_gazebo'
[1.353s] Level 1:colcon.colcon_core.package_identification:_identify(src/robile_interfaces) by extensions ['ignore', 'ignore_ament_install']
[1.354s] Level 1:colcon.colcon_core.package_identification:_identify(src/robile_interfaces) by extension 'ignore'
[1.354s] Level 1:colcon.colcon_core.package_identification:_identify(src/robile_interfaces) by extension 'ignore_ament_install'
[1.355s] Level 1:colcon.colcon_core.package_identification:_identify(src/robile_interfaces) by extensions ['colcon_pkg']
[1.355s] Level 1:colcon.colcon_core.package_identification:_identify(src/robile_interfaces) by extension 'colcon_pkg'
[1.356s] Level 1:colcon.colcon_core.package_identification:_identify(src/robile_interfaces) by extensions ['colcon_meta']
[1.356s] Level 1:colcon.colcon_core.package_identification:_identify(src/robile_interfaces) by extension 'colcon_meta'
[1.356s] Level 1:colcon.colcon_core.package_identification:_identify(src/robile_interfaces) by extensions ['ros']
[1.356s] Level 1:colcon.colcon_core.package_identification:_identify(src/robile_interfaces) by extension 'ros'
[1.360s] DEBUG:colcon.colcon_core.package_identification:Package 'src/robile_interfaces' with type 'ros.ament_cmake' and name 'robile_interfaces'
[1.362s] Level 1:colcon.colcon_core.package_identification:_identify(src/robile_navigation) by extensions ['ignore', 'ignore_ament_install']
[1.363s] Level 1:colcon.colcon_core.package_identification:_identify(src/robile_navigation) by extension 'ignore'
[1.363s] Level 1:colcon.colcon_core.package_identification:_identify(src/robile_navigation) by extension 'ignore_ament_install'
[1.364s] Level 1:colcon.colcon_core.package_identification:_identify(src/robile_navigation) by extensions ['colcon_pkg']
[1.364s] Level 1:colcon.colcon_core.package_identification:_identify(src/robile_navigation) by extension 'colcon_pkg'
[1.364s] Level 1:colcon.colcon_core.package_identification:_identify(src/robile_navigation) by extensions ['colcon_meta']
[1.365s] Level 1:colcon.colcon_core.package_identification:_identify(src/robile_navigation) by extension 'colcon_meta'
[1.365s] Level 1:colcon.colcon_core.package_identification:_identify(src/robile_navigation) by extensions ['ros']
[1.365s] Level 1:colcon.colcon_core.package_identification:_identify(src/robile_navigation) by extension 'ros'
[1.372s] DEBUG:colcon.colcon_core.package_identification:Package 'src/robile_navigation' with type 'ros.ament_cmake' and name 'robile_navigation'
[1.372s] Level 1:colcon.colcon_core.package_discovery:discover_packages(recursive) using defaults
[1.373s] Level 1:colcon.colcon_core.package_discovery:discover_packages(ignore) discover
[1.373s] Level 1:colcon.colcon_core.package_discovery:discover_packages(ignore) using defaults
[1.373s] Level 1:colcon.colcon_core.package_discovery:discover_packages(path) discover
[1.373s] Level 1:colcon.colcon_core.package_discovery:discover_packages(path) using defaults
[1.475s] INFO:colcon.colcon_core.package_selection:Skipping package 'kelo_tulip' in 'src/kelo_tulip'
[1.479s] Level 1:colcon.colcon_core.package_discovery:discover_packages(prefix_path) check parameters
[1.479s] Level 1:colcon.colcon_core.package_discovery:discover_packages(prefix_path) discover
[1.487s] WARNING:colcon.colcon_ros.prefix_path.ament:The path '/home/md/amr_final_ws/install/robile_navigation' in the environment variable AMENT_PREFIX_PATH doesn't exist
[1.487s] WARNING:colcon.colcon_ros.prefix_path.ament:The path '/home/md/amr_final_ws/install/robile_interfaces' in the environment variable AMENT_PREFIX_PATH doesn't exist
[1.487s] WARNING:colcon.colcon_ros.prefix_path.ament:The path '/home/md/amr_final_ws/install/robile_gazebo' in the environment variable AMENT_PREFIX_PATH doesn't exist
[1.487s] WARNING:colcon.colcon_ros.prefix_path.ament:The path '/home/md/amr_final_ws/install/robile_description' in the environment variable AMENT_PREFIX_PATH doesn't exist
[1.489s] WARNING:colcon.colcon_ros.prefix_path.catkin:The path '/home/md/amr_final_ws/install/robile_navigation' in the environment variable CMAKE_PREFIX_PATH doesn't exist
[1.489s] WARNING:colcon.colcon_ros.prefix_path.catkin:The path '/home/md/amr_final_ws/install/robile_interfaces' in the environment variable CMAKE_PREFIX_PATH doesn't exist
[1.489s] WARNING:colcon.colcon_ros.prefix_path.catkin:The path '/home/md/amr_final_ws/install/robile_gazebo' in the environment variable CMAKE_PREFIX_PATH doesn't exist
[1.489s] WARNING:colcon.colcon_ros.prefix_path.catkin:The path '/home/md/amr_final_ws/install/robile_description' in the environment variable CMAKE_PREFIX_PATH doesn't exist
[1.492s] DEBUG:colcon.colcon_installed_package_information.package_discovery:Found 0 installed packages in /home/md/amr_final_ws/install
[1.495s] DEBUG:colcon.colcon_installed_package_information.package_discovery:Found 1 installed packages in /home/md/robile_ser_ws/install
[1.499s] DEBUG:colcon.colcon_installed_package_information.package_discovery:Found 6 installed packages in /home/md/ros2_robot_ws/install
[1.502s] DEBUG:colcon.colcon_installed_package_information.package_discovery:Found 2 installed packages in /home/md/Desktop/ros2_ws/install
[1.512s] DEBUG:colcon.colcon_installed_package_information.package_discovery:Found 426 installed packages in /opt/ros/humble
[1.522s] Level 1:colcon.colcon_core.package_discovery:discover_packages(prefix_path) using defaults
[1.770s] Level 5:colcon.colcon_core.verb:set package 'robile_description' build argument 'cmake_args' from command line to 'None'
[1.770s] Level 5:colcon.colcon_core.verb:set package 'robile_description' build argument 'cmake_target' from command line to 'None'
[1.770s] Level 5:colcon.colcon_core.verb:set package 'robile_description' build argument 'cmake_target_skip_unavailable' from command line to 'False'
[1.770s] Level 5:colcon.colcon_core.verb:set package 'robile_description' build argument 'cmake_clean_cache' from command line to 'False'
[1.770s] Level 5:colcon.colcon_core.verb:set package 'robile_description' build argument 'cmake_clean_first' from command line to 'False'
[1.770s] Level 5:colcon.colcon_core.verb:set package 'robile_description' build argument 'cmake_force_configure' from command line to 'False'
[1.770s] Level 5:colcon.colcon_core.verb:set package 'robile_description' build argument 'ament_cmake_args' from command line to 'None'
[1.771s] Level 5:colcon.colcon_core.verb:set package 'robile_description' build argument 'catkin_cmake_args' from command line to 'None'
[1.771s] Level 5:colcon.colcon_core.verb:set package 'robile_description' build argument 'catkin_skip_building_tests' from command line to 'False'
[1.771s] DEBUG:colcon.colcon_core.verb:Building package 'robile_description' with the following arguments: {'ament_cmake_args': None, 'build_base': '/home/md/amr_final_ws/build/robile_description', 'catkin_cmake_args': None, 'catkin_skip_building_tests': False, 'cmake_args': None, 'cmake_clean_cache': False, 'cmake_clean_first': False, 'cmake_force_configure': False, 'cmake_target': None, 'cmake_target_skip_unavailable': False, 'install_base': '/home/md/amr_final_ws/install/robile_description', 'merge_install': False, 'path': '/home/md/amr_final_ws/src/robile_description', 'symlink_install': True, 'test_result_base': None}
[1.773s] Level 5:colcon.colcon_core.verb:set package 'robile_interfaces' build argument 'cmake_args' from command line to 'None'
[1.773s] Level 5:colcon.colcon_core.verb:set package 'robile_interfaces' build argument 'cmake_target' from command line to 'None'
[1.773s] Level 5:colcon.colcon_core.verb:set package 'robile_interfaces' build argument 'cmake_target_skip_unavailable' from command line to 'False'
[1.774s] Level 5:colcon.colcon_core.verb:set package 'robile_interfaces' build argument 'cmake_clean_cache' from command line to 'False'
[1.774s] Level 5:colcon.colcon_core.verb:set package 'robile_interfaces' build argument 'cmake_clean_first' from command line to 'False'
[1.774s] Level 5:colcon.colcon_core.verb:set package 'robile_interfaces' build argument 'cmake_force_configure' from command line to 'False'
[1.774s] Level 5:colcon.colcon_core.verb:set package 'robile_interfaces' build argument 'ament_cmake_args' from command line to 'None'
[1.774s] Level 5:colcon.colcon_core.verb:set package 'robile_interfaces' build argument 'catkin_cmake_args' from command line to 'None'
[1.774s] Level 5:colcon.colcon_core.verb:set package 'robile_interfaces' build argument 'catkin_skip_building_tests' from command line to 'False'
[1.774s] DEBUG:colcon.colcon_core.verb:Building package 'robile_interfaces' with the following arguments: {'ament_cmake_args': None, 'build_base': '/home/md/amr_final_ws/build/robile_interfaces', 'catkin_cmake_args': None, 'catkin_skip_building_tests': False, 'cmake_args': None, 'cmake_clean_cache': False, 'cmake_clean_first': False, 'cmake_force_configure': False, 'cmake_target': None, 'cmake_target_skip_unavailable': False, 'install_base': '/home/md/amr_final_ws/install/robile_interfaces', 'merge_install': False, 'path': '/home/md/amr_final_ws/src/robile_interfaces', 'symlink_install': True, 'test_result_base': None}
[1.775s] Level 5:colcon.colcon_core.verb:set package 'robile_gazebo' build argument 'cmake_args' from command line to 'None'
[1.775s] Level 5:colcon.colcon_core.verb:set package 'robile_gazebo' build argument 'cmake_target' from command line to 'None'
[1.775s] Level 5:colcon.colcon_core.verb:set package 'robile_gazebo' build argument 'cmake_target_skip_unavailable' from command line to 'False'
[1.775s] Level 5:colcon.colcon_core.verb:set package 'robile_gazebo' build argument 'cmake_clean_cache' from command line to 'False'
[1.775s] Level 5:colcon.colcon_core.verb:set package 'robile_gazebo' build argument 'cmake_clean_first' from command line to 'False'
[1.775s] Level 5:colcon.colcon_core.verb:set package 'robile_gazebo' build argument 'cmake_force_configure' from command line to 'False'
[1.775s] Level 5:colcon.colcon_core.verb:set package 'robile_gazebo' build argument 'ament_cmake_args' from command line to 'None'
[1.775s] Level 5:colcon.colcon_core.verb:set package 'robile_gazebo' build argument 'catkin_cmake_args' from command line to 'None'
[1.775s] Level 5:colcon.colcon_core.verb:set package 'robile_gazebo' build argument 'catkin_skip_building_tests' from command line to 'False'
[1.775s] DEBUG:colcon.colcon_core.verb:Building package 'robile_gazebo' with the following arguments: {'ament_cmake_args': None, 'build_base': '/home/md/amr_final_ws/build/robile_gazebo', 'catkin_cmake_args': None, 'catkin_skip_building_tests': False, 'cmake_args': None, 'cmake_clean_cache': False, 'cmake_clean_first': False, 'cmake_force_configure': False, 'cmake_target': None, 'cmake_target_skip_unavailable': False, 'install_base': '/home/md/amr_final_ws/install/robile_gazebo', 'merge_install': False, 'path': '/home/md/amr_final_ws/src/robile_gazebo', 'symlink_install': True, 'test_result_base': None}
[1.776s] Level 5:colcon.colcon_core.verb:set package 'robile_navigation' build argument 'cmake_args' from command line to 'None'
[1.776s] Level 5:colcon.colcon_core.verb:set package 'robile_navigation' build argument 'cmake_target' from command line to 'None'
[1.777s] Level 5:colcon.colcon_core.verb:set package 'robile_navigation' build argument 'cmake_target_skip_unavailable' from command line to 'False'
[1.777s] Level 5:colcon.colcon_core.verb:set package 'robile_navigation' build argument 'cmake_clean_cache' from command line to 'False'
[1.777s] Level 5:colcon.colcon_core.verb:set package 'robile_navigation' build argument 'cmake_clean_first' from command line to 'False'
[1.777s] Level 5:colcon.colcon_core.verb:set package 'robile_navigation' build argument 'cmake_force_configure' from command line to 'False'
[1.777s] Level 5:colcon.colcon_core.verb:set package 'robile_navigation' build argument 'ament_cmake_args' from command line to 'None'
[1.777s] Level 5:colcon.colcon_core.verb:set package 'robile_navigation' build argument 'catkin_cmake_args' from command line to 'None'
[1.777s] Level 5:colcon.colcon_core.verb:set package 'robile_navigation' build argument 'catkin_skip_building_tests' from command line to 'False'
[1.777s] DEBUG:colcon.colcon_core.verb:Building package 'robile_navigation' with the following arguments: {'ament_cmake_args': None, 'build_base': '/home/md/amr_final_ws/build/robile_navigation', 'catkin_cmake_args': None, 'catkin_skip_building_tests': False, 'cmake_args': None, 'cmake_clean_cache': False, 'cmake_clean_first': False, 'cmake_force_configure': False, 'cmake_target': None, 'cmake_target_skip_unavailable': False, 'install_base': '/home/md/amr_final_ws/install/robile_navigation', 'merge_install': False, 'path': '/home/md/amr_final_ws/src/robile_navigation', 'symlink_install': True, 'test_result_base': None}
[1.777s] INFO:colcon.colcon_core.executor:Executing jobs using 'parallel' executor
[1.782s] DEBUG:colcon.colcon_parallel_executor.executor.parallel:run_until_complete
[1.783s] INFO:colcon.colcon_ros.task.ament_cmake.build:Building ROS package in '/home/md/amr_final_ws/src/robile_description' with build type 'ament_cmake'
[1.783s] INFO:colcon.colcon_cmake.task.cmake.build:Building CMake package in '/home/md/amr_final_ws/src/robile_description'
[1.791s] INFO:colcon.colcon_core.plugin_system:Skipping extension 'colcon_core.shell.bat': Not used on non-Windows systems
[1.791s] INFO:colcon.colcon_core.shell:Skip shell extension 'powershell' for command environment: Not usable outside of PowerShell
[1.791s] DEBUG:colcon.colcon_core.shell:Skip shell extension 'dsv' for command environment
[1.808s] INFO:colcon.colcon_ros.task.ament_cmake.build:Building ROS package in '/home/md/amr_final_ws/src/robile_interfaces' with build type 'ament_cmake'
[1.809s] INFO:colcon.colcon_cmake.task.cmake.build:Building CMake package in '/home/md/amr_final_ws/src/robile_interfaces'
[1.810s] INFO:colcon.colcon_core.shell:Skip shell extension 'powershell' for command environment: Not usable outside of PowerShell
[1.810s] DEBUG:colcon.colcon_core.shell:Skip shell extension 'dsv' for command environment
[1.843s] DEBUG:colcon.colcon_core.event_handler.log_command:Invoking command in '/home/md/amr_final_ws/build/robile_description': CMAKE_PREFIX_PATH=/home/md/amr_final_ws/install/robile_navigation:/home/md/amr_final_ws/install/robile_interfaces:/home/md/amr_final_ws/install/robile_gazebo:/home/md/amr_final_ws/install/robile_description:/home/md/robile_ser_ws/install/diff_robot:/home/md/ros2_robot_ws/install/robot_task_pkg:/home/md/ros2_robot_ws/install/place_pkg:/home/md/ros2_robot_ws/install/pick_pkg:/home/md/ros2_robot_ws/install/perceive_plane_pkg:/home/md/ros2_robot_ws/install/move_pkg:/home/md/Desktop/ros2_ws/install/test_package:/home/md/Desktop/ros2_ws/install/gazebo_motion_nodes:/opt/ros/humble:/home/md/ros2_robot_ws/install/robot_interfaces /usr/bin/cmake /home/md/amr_final_ws/src/robile_description -DAMENT_CMAKE_SYMLINK_INSTALL=1 -DCMAKE_INSTALL_PREFIX=/home/md/amr_final_ws/install/robile_description
[1.869s] DEBUG:colcon.colcon_core.event_handler.log_command:Invoking command in '/home/md/amr_final_ws/build/robile_interfaces': CMAKE_PREFIX_PATH=/home/md/amr_final_ws/install/robile_navigation:/home/md/amr_final_ws/install/robile_interfaces:/home/md/amr_final_ws/install/robile_gazebo:/home/md/amr_final_ws/install/robile_description:/home/md/robile_ser_ws/install/diff_robot:/home/md/ros2_robot_ws/install/robot_task_pkg:/home/md/ros2_robot_ws/install/place_pkg:/home/md/ros2_robot_ws/install/pick_pkg:/home/md/ros2_robot_ws/install/perceive_plane_pkg:/home/md/ros2_robot_ws/install/move_pkg:/home/md/Desktop/ros2_ws/install/test_package:/home/md/Desktop/ros2_ws/install/gazebo_motion_nodes:/opt/ros/humble:/home/md/ros2_robot_ws/install/robot_interfaces /usr/bin/cmake /home/md/amr_final_ws/src/robile_interfaces -DAMENT_CMAKE_SYMLINK_INSTALL=1 -DCMAKE_INSTALL_PREFIX=/home/md/amr_final_ws/install/robile_interfaces
[5.311s] DEBUG:colcon.colcon_core.event_handler.log_command:Invoked command in '/home/md/amr_final_ws/build/robile_description' returned '0': CMAKE_PREFIX_PATH=/home/md/amr_final_ws/install/robile_navigation:/home/md/amr_final_ws/install/robile_interfaces:/home/md/amr_final_ws/install/robile_gazebo:/home/md/amr_final_ws/install/robile_description:/home/md/robile_ser_ws/install/diff_robot:/home/md/ros2_robot_ws/install/robot_task_pkg:/home/md/ros2_robot_ws/install/place_pkg:/home/md/ros2_robot_ws/install/pick_pkg:/home/md/ros2_robot_ws/install/perceive_plane_pkg:/home/md/ros2_robot_ws/install/move_pkg:/home/md/Desktop/ros2_ws/install/test_package:/home/md/Desktop/ros2_ws/install/gazebo_motion_nodes:/opt/ros/humble:/home/md/ros2_robot_ws/install/robot_interfaces /usr/bin/cmake /home/md/amr_final_ws/src/robile_description -DAMENT_CMAKE_SYMLINK_INSTALL=1 -DCMAKE_INSTALL_PREFIX=/home/md/amr_final_ws/install/robile_description
[5.324s] DEBUG:colcon.colcon_core.event_handler.log_command:Invoking command in '/home/md/amr_final_ws/build/robile_description': CMAKE_PREFIX_PATH=/home/md/amr_final_ws/install/robile_navigation:/home/md/amr_final_ws/install/robile_interfaces:/home/md/amr_final_ws/install/robile_gazebo:/home/md/amr_final_ws/install/robile_description:/home/md/robile_ser_ws/install/diff_robot:/home/md/ros2_robot_ws/install/robot_task_pkg:/home/md/ros2_robot_ws/install/place_pkg:/home/md/ros2_robot_ws/install/pick_pkg:/home/md/ros2_robot_ws/install/perceive_plane_pkg:/home/md/ros2_robot_ws/install/move_pkg:/home/md/Desktop/ros2_ws/install/test_package:/home/md/Desktop/ros2_ws/install/gazebo_motion_nodes:/opt/ros/humble:/home/md/ros2_robot_ws/install/robot_interfaces /usr/bin/cmake --build /home/md/amr_final_ws/build/robile_description -- -j8 -l8
[5.477s] DEBUG:colcon.colcon_core.event_handler.log_command:Invoked command in '/home/md/amr_final_ws/build/robile_description' returned '0': CMAKE_PREFIX_PATH=/home/md/amr_final_ws/install/robile_navigation:/home/md/amr_final_ws/install/robile_interfaces:/home/md/amr_final_ws/install/robile_gazebo:/home/md/amr_final_ws/install/robile_description:/home/md/robile_ser_ws/install/diff_robot:/home/md/ros2_robot_ws/install/robot_task_pkg:/home/md/ros2_robot_ws/install/place_pkg:/home/md/ros2_robot_ws/install/pick_pkg:/home/md/ros2_robot_ws/install/perceive_plane_pkg:/home/md/ros2_robot_ws/install/move_pkg:/home/md/Desktop/ros2_ws/install/test_package:/home/md/Desktop/ros2_ws/install/gazebo_motion_nodes:/opt/ros/humble:/home/md/ros2_robot_ws/install/robot_interfaces /usr/bin/cmake --build /home/md/amr_final_ws/build/robile_description -- -j8 -l8
[5.517s] DEBUG:colcon.colcon_core.event_handler.log_command:Invoking command in '/home/md/amr_final_ws/build/robile_description': CMAKE_PREFIX_PATH=/home/md/amr_final_ws/install/robile_navigation:/home/md/amr_final_ws/install/robile_interfaces:/home/md/amr_final_ws/install/robile_gazebo:/home/md/amr_final_ws/install/robile_description:/home/md/robile_ser_ws/install/diff_robot:/home/md/ros2_robot_ws/install/robot_task_pkg:/home/md/ros2_robot_ws/install/place_pkg:/home/md/ros2_robot_ws/install/pick_pkg:/home/md/ros2_robot_ws/install/perceive_plane_pkg:/home/md/ros2_robot_ws/install/move_pkg:/home/md/Desktop/ros2_ws/install/test_package:/home/md/Desktop/ros2_ws/install/gazebo_motion_nodes:/opt/ros/humble:/home/md/ros2_robot_ws/install/robot_interfaces /usr/bin/cmake --install /home/md/amr_final_ws/build/robile_description
[7.661s] Level 1:colcon.colcon_core.environment:create_environment_scripts_only(robile_description)
[7.663s] DEBUG:colcon.colcon_core.event_handler.log_command:Invoked command in '/home/md/amr_final_ws/build/robile_description' returned '0': CMAKE_PREFIX_PATH=/home/md/amr_final_ws/install/robile_navigation:/home/md/amr_final_ws/install/robile_interfaces:/home/md/amr_final_ws/install/robile_gazebo:/home/md/amr_final_ws/install/robile_description:/home/md/robile_ser_ws/install/diff_robot:/home/md/ros2_robot_ws/install/robot_task_pkg:/home/md/ros2_robot_ws/install/place_pkg:/home/md/ros2_robot_ws/install/pick_pkg:/home/md/ros2_robot_ws/install/perceive_plane_pkg:/home/md/ros2_robot_ws/install/move_pkg:/home/md/Desktop/ros2_ws/install/test_package:/home/md/Desktop/ros2_ws/install/gazebo_motion_nodes:/opt/ros/humble:/home/md/ros2_robot_ws/install/robot_interfaces /usr/bin/cmake --install /home/md/amr_final_ws/build/robile_description
[7.672s] Level 1:colcon.colcon_core.environment:checking '/home/md/amr_final_ws/install/robile_description' for CMake module files
[7.676s] Level 1:colcon.colcon_core.environment:checking '/home/md/amr_final_ws/install/robile_description' for CMake config files
[7.677s] Level 1:colcon.colcon_core.shell:create_environment_hook('robile_description', 'cmake_prefix_path')
[7.678s] INFO:colcon.colcon_core.shell:Creating environment hook '/home/md/amr_final_ws/install/robile_description/share/robile_description/hook/cmake_prefix_path.ps1'
[7.680s] INFO:colcon.colcon_core.shell:Creating environment descriptor '/home/md/amr_final_ws/install/robile_description/share/robile_description/hook/cmake_prefix_path.dsv'
[7.684s] INFO:colcon.colcon_core.shell:Creating environment hook '/home/md/amr_final_ws/install/robile_description/share/robile_description/hook/cmake_prefix_path.sh'
[7.687s] Level 1:colcon.colcon_core.environment:checking '/home/md/amr_final_ws/install/robile_description/bin'
[7.687s] Level 1:colcon.colcon_core.environment:checking '/home/md/amr_final_ws/install/robile_description/lib/pkgconfig/robile_description.pc'
[7.688s] Level 1:colcon.colcon_core.environment:checking '/home/md/amr_final_ws/install/robile_description/lib/python3.10/site-packages'
[7.689s] Level 1:colcon.colcon_core.environment:checking '/home/md/amr_final_ws/install/robile_description/bin'
[7.692s] INFO:colcon.colcon_core.shell:Creating package script '/home/md/amr_final_ws/install/robile_description/share/robile_description/package.ps1'
[7.695s] INFO:colcon.colcon_core.shell:Creating package descriptor '/home/md/amr_final_ws/install/robile_description/share/robile_description/package.dsv'
[7.699s] INFO:colcon.colcon_core.shell:Creating package script '/home/md/amr_final_ws/install/robile_description/share/robile_description/package.sh'
[7.703s] INFO:colcon.colcon_core.shell:Creating package script '/home/md/amr_final_ws/install/robile_description/share/robile_description/package.bash'
[7.706s] INFO:colcon.colcon_core.shell:Creating package script '/home/md/amr_final_ws/install/robile_description/share/robile_description/package.zsh'
[7.709s] Level 1:colcon.colcon_core.environment:create_file_with_runtime_dependencies(/home/md/amr_final_ws/install/robile_description/share/colcon-core/packages/robile_description)
[7.710s] Level 1:colcon.colcon_core.environment:create_environment_scripts_only(robile_description)
[7.711s] Level 1:colcon.colcon_core.environment:checking '/home/md/amr_final_ws/install/robile_description' for CMake module files
[7.714s] Level 1:colcon.colcon_core.environment:checking '/home/md/amr_final_ws/install/robile_description' for CMake config files
[7.716s] Level 1:colcon.colcon_core.shell:create_environment_hook('robile_description', 'cmake_prefix_path')
[7.717s] INFO:colcon.colcon_core.shell:Creating environment hook '/home/md/amr_final_ws/install/robile_description/share/robile_description/hook/cmake_prefix_path.ps1'
[7.718s] INFO:colcon.colcon_core.shell:Creating environment descriptor '/home/md/amr_final_ws/install/robile_description/share/robile_description/hook/cmake_prefix_path.dsv'
[7.719s] INFO:colcon.colcon_core.shell:Creating environment hook '/home/md/amr_final_ws/install/robile_description/share/robile_description/hook/cmake_prefix_path.sh'
[7.722s] Level 1:colcon.colcon_core.environment:checking '/home/md/amr_final_ws/install/robile_description/bin'
[7.723s] Level 1:colcon.colcon_core.environment:checking '/home/md/amr_final_ws/install/robile_description/lib/pkgconfig/robile_description.pc'
[7.723s] Level 1:colcon.colcon_core.environment:checking '/home/md/amr_final_ws/install/robile_description/lib/python3.10/site-packages'
[7.725s] Level 1:colcon.colcon_core.environment:checking '/home/md/amr_final_ws/install/robile_description/bin'
[7.726s] INFO:colcon.colcon_core.shell:Creating package script '/home/md/amr_final_ws/install/robile_description/share/robile_description/package.ps1'
[7.731s] INFO:colcon.colcon_core.shell:Creating package descriptor '/home/md/amr_final_ws/install/robile_description/share/robile_description/package.dsv'
[7.733s] INFO:colcon.colcon_core.shell:Creating package script '/home/md/amr_final_ws/install/robile_description/share/robile_description/package.sh'
[7.734s] INFO:colcon.colcon_core.shell:Creating package script '/home/md/amr_final_ws/install/robile_description/share/robile_description/package.bash'
[7.738s] INFO:colcon.colcon_core.shell:Creating package script '/home/md/amr_final_ws/install/robile_description/share/robile_description/package.zsh'
[7.739s] Level 1:colcon.colcon_core.environment:create_file_with_runtime_dependencies(/home/md/amr_final_ws/install/robile_description/share/colcon-core/packages/robile_description)
[7.740s] INFO:colcon.colcon_ros.task.ament_cmake.build:Building ROS package in '/home/md/amr_final_ws/src/robile_gazebo' with build type 'ament_cmake'
[7.740s] INFO:colcon.colcon_cmake.task.cmake.build:Building CMake package in '/home/md/amr_final_ws/src/robile_gazebo'
[7.741s] INFO:colcon.colcon_core.shell:Skip shell extension 'powershell' for command environment: Not usable outside of PowerShell
[7.741s] DEBUG:colcon.colcon_core.shell:Skip shell extension 'dsv' for command environment
[7.774s] DEBUG:colcon.colcon_core.event_handler.log_command:Invoking command in '/home/md/amr_final_ws/build/robile_gazebo': CMAKE_PREFIX_PATH=/home/md/amr_final_ws/install/robile_description:/home/md/amr_final_ws/install/robile_navigation:/home/md/amr_final_ws/install/robile_interfaces:/home/md/amr_final_ws/install/robile_gazebo:/home/md/robile_ser_ws/install/diff_robot:/home/md/ros2_robot_ws/install/robot_task_pkg:/home/md/ros2_robot_ws/install/place_pkg:/home/md/ros2_robot_ws/install/pick_pkg:/home/md/ros2_robot_ws/install/perceive_plane_pkg:/home/md/ros2_robot_ws/install/move_pkg:/home/md/Desktop/ros2_ws/install/test_package:/home/md/Desktop/ros2_ws/install/gazebo_motion_nodes:/opt/ros/humble:/home/md/ros2_robot_ws/install/robot_interfaces /usr/bin/cmake /home/md/amr_final_ws/src/robile_gazebo -DAMENT_CMAKE_SYMLINK_INSTALL=1 -DCMAKE_INSTALL_PREFIX=/home/md/amr_final_ws/install/robile_gazebo
[11.852s] DEBUG:colcon.colcon_core.event_handler.log_command:Invoked command in '/home/md/amr_final_ws/build/robile_interfaces' returned '0': CMAKE_PREFIX_PATH=/home/md/amr_final_ws/install/robile_navigation:/home/md/amr_final_ws/install/robile_interfaces:/home/md/amr_final_ws/install/robile_gazebo:/home/md/amr_final_ws/install/robile_description:/home/md/robile_ser_ws/install/diff_robot:/home/md/ros2_robot_ws/install/robot_task_pkg:/home/md/ros2_robot_ws/install/place_pkg:/home/md/ros2_robot_ws/install/pick_pkg:/home/md/ros2_robot_ws/install/perceive_plane_pkg:/home/md/ros2_robot_ws/install/move_pkg:/home/md/Desktop/ros2_ws/install/test_package:/home/md/Desktop/ros2_ws/install/gazebo_motion_nodes:/opt/ros/humble:/home/md/ros2_robot_ws/install/robot_interfaces /usr/bin/cmake /home/md/amr_final_ws/src/robile_interfaces -DAMENT_CMAKE_SYMLINK_INSTALL=1 -DCMAKE_INSTALL_PREFIX=/home/md/amr_final_ws/install/robile_interfaces
[11.866s] DEBUG:colcon.colcon_core.event_handler.log_command:Invoking command in '/home/md/amr_final_ws/build/robile_interfaces': CMAKE_PREFIX_PATH=/home/md/amr_final_ws/install/robile_navigation:/home/md/amr_final_ws/install/robile_interfaces:/home/md/amr_final_ws/install/robile_gazebo:/home/md/amr_final_ws/install/robile_description:/home/md/robile_ser_ws/install/diff_robot:/home/md/ros2_robot_ws/install/robot_task_pkg:/home/md/ros2_robot_ws/install/place_pkg:/home/md/ros2_robot_ws/install/pick_pkg:/home/md/ros2_robot_ws/install/perceive_plane_pkg:/home/md/ros2_robot_ws/install/move_pkg:/home/md/Desktop/ros2_ws/install/test_package:/home/md/Desktop/ros2_ws/install/gazebo_motion_nodes:/opt/ros/humble:/home/md/ros2_robot_ws/install/robot_interfaces /usr/bin/cmake --build /home/md/amr_final_ws/build/robile_interfaces -- -j8 -l8
[22.004s] DEBUG:colcon.colcon_core.event_handler.log_command:Invoked command in '/home/md/amr_final_ws/build/robile_gazebo' returned '0': CMAKE_PREFIX_PATH=/home/md/amr_final_ws/install/robile_description:/home/md/amr_final_ws/install/robile_navigation:/home/md/amr_final_ws/install/robile_interfaces:/home/md/amr_final_ws/install/robile_gazebo:/home/md/robile_ser_ws/install/diff_robot:/home/md/ros2_robot_ws/install/robot_task_pkg:/home/md/ros2_robot_ws/install/place_pkg:/home/md/ros2_robot_ws/install/pick_pkg:/home/md/ros2_robot_ws/install/perceive_plane_pkg:/home/md/ros2_robot_ws/install/move_pkg:/home/md/Desktop/ros2_ws/install/test_package:/home/md/Desktop/ros2_ws/install/gazebo_motion_nodes:/opt/ros/humble:/home/md/ros2_robot_ws/install/robot_interfaces /usr/bin/cmake /home/md/amr_final_ws/src/robile_gazebo -DAMENT_CMAKE_SYMLINK_INSTALL=1 -DCMAKE_INSTALL_PREFIX=/home/md/amr_final_ws/install/robile_gazebo
[22.009s] DEBUG:colcon.colcon_core.event_handler.log_command:Invoking command in '/home/md/amr_final_ws/build/robile_gazebo': CMAKE_PREFIX_PATH=/home/md/amr_final_ws/install/robile_description:/home/md/amr_final_ws/install/robile_navigation:/home/md/amr_final_ws/install/robile_interfaces:/home/md/amr_final_ws/install/robile_gazebo:/home/md/robile_ser_ws/install/diff_robot:/home/md/ros2_robot_ws/install/robot_task_pkg:/home/md/ros2_robot_ws/install/place_pkg:/home/md/ros2_robot_ws/install/pick_pkg:/home/md/ros2_robot_ws/install/perceive_plane_pkg:/home/md/ros2_robot_ws/install/move_pkg:/home/md/Desktop/ros2_ws/install/test_package:/home/md/Desktop/ros2_ws/install/gazebo_motion_nodes:/opt/ros/humble:/home/md/ros2_robot_ws/install/robot_interfaces /usr/bin/cmake --build /home/md/amr_final_ws/build/robile_gazebo -- -j8 -l8
[22.196s] DEBUG:colcon.colcon_core.event_handler.log_command:Invoked command in '/home/md/amr_final_ws/build/robile_gazebo' returned '0': CMAKE_PREFIX_PATH=/home/md/amr_final_ws/install/robile_description:/home/md/amr_final_ws/install/robile_navigation:/home/md/amr_final_ws/install/robile_interfaces:/home/md/amr_final_ws/install/robile_gazebo:/home/md/robile_ser_ws/install/diff_robot:/home/md/ros2_robot_ws/install/robot_task_pkg:/home/md/ros2_robot_ws/install/place_pkg:/home/md/ros2_robot_ws/install/pick_pkg:/home/md/ros2_robot_ws/install/perceive_plane_pkg:/home/md/ros2_robot_ws/install/move_pkg:/home/md/Desktop/ros2_ws/install/test_package:/home/md/Desktop/ros2_ws/install/gazebo_motion_nodes:/opt/ros/humble:/home/md/ros2_robot_ws/install/robot_interfaces /usr/bin/cmake --build /home/md/amr_final_ws/build/robile_gazebo -- -j8 -l8
[22.201s] DEBUG:colcon.colcon_core.event_handler.log_command:Invoking command in '/home/md/amr_final_ws/build/robile_gazebo': CMAKE_PREFIX_PATH=/home/md/amr_final_ws/install/robile_description:/home/md/amr_final_ws/install/robile_navigation:/home/md/amr_final_ws/install/robile_interfaces:/home/md/amr_final_ws/install/robile_gazebo:/home/md/robile_ser_ws/install/diff_robot:/home/md/ros2_robot_ws/install/robot_task_pkg:/home/md/ros2_robot_ws/install/place_pkg:/home/md/ros2_robot_ws/install/pick_pkg:/home/md/ros2_robot_ws/install/perceive_plane_pkg:/home/md/ros2_robot_ws/install/move_pkg:/home/md/Desktop/ros2_ws/install/test_package:/home/md/Desktop/ros2_ws/install/gazebo_motion_nodes:/opt/ros/humble:/home/md/ros2_robot_ws/install/robot_interfaces /usr/bin/cmake --install /home/md/amr_final_ws/build/robile_gazebo
[23.011s] Level 1:colcon.colcon_core.environment:create_environment_scripts_only(robile_gazebo)
[23.012s] Level 1:colcon.colcon_core.environment:checking '/home/md/amr_final_ws/install/robile_gazebo' for CMake module files
[23.013s] DEBUG:colcon.colcon_core.event_handler.log_command:Invoked command in '/home/md/amr_final_ws/build/robile_gazebo' returned '0': CMAKE_PREFIX_PATH=/home/md/amr_final_ws/install/robile_description:/home/md/amr_final_ws/install/robile_navigation:/home/md/amr_final_ws/install/robile_interfaces:/home/md/amr_final_ws/install/robile_gazebo:/home/md/robile_ser_ws/install/diff_robot:/home/md/ros2_robot_ws/install/robot_task_pkg:/home/md/ros2_robot_ws/install/place_pkg:/home/md/ros2_robot_ws/install/pick_pkg:/home/md/ros2_robot_ws/install/perceive_plane_pkg:/home/md/ros2_robot_ws/install/move_pkg:/home/md/Desktop/ros2_ws/install/test_package:/home/md/Desktop/ros2_ws/install/gazebo_motion_nodes:/opt/ros/humble:/home/md/ros2_robot_ws/install/robot_interfaces /usr/bin/cmake --install /home/md/amr_final_ws/build/robile_gazebo
[23.014s] Level 1:colcon.colcon_core.environment:checking '/home/md/amr_final_ws/install/robile_gazebo' for CMake config files
[23.014s] Level 1:colcon.colcon_core.shell:create_environment_hook('robile_gazebo', 'cmake_prefix_path')
[23.015s] INFO:colcon.colcon_core.shell:Creating environment hook '/home/md/amr_final_ws/install/robile_gazebo/share/robile_gazebo/hook/cmake_prefix_path.ps1'
[23.018s] INFO:colcon.colcon_core.shell:Creating environment descriptor '/home/md/amr_final_ws/install/robile_gazebo/share/robile_gazebo/hook/cmake_prefix_path.dsv'
[23.019s] INFO:colcon.colcon_core.shell:Creating environment hook '/home/md/amr_final_ws/install/robile_gazebo/share/robile_gazebo/hook/cmake_prefix_path.sh'
[23.023s] Level 1:colcon.colcon_core.environment:checking '/home/md/amr_final_ws/install/robile_gazebo/bin'
[23.023s] Level 1:colcon.colcon_core.environment:checking '/home/md/amr_final_ws/install/robile_gazebo/lib/pkgconfig/robile_gazebo.pc'
[23.025s] Level 1:colcon.colcon_core.environment:checking '/home/md/amr_final_ws/install/robile_gazebo/lib/python3.10/site-packages'
[23.028s] Level 1:colcon.colcon_core.environment:checking '/home/md/amr_final_ws/install/robile_gazebo/bin'
[23.029s] INFO:colcon.colcon_core.shell:Creating package script '/home/md/amr_final_ws/install/robile_gazebo/share/robile_gazebo/package.ps1'
[23.031s] INFO:colcon.colcon_core.shell:Creating package descriptor '/home/md/amr_final_ws/install/robile_gazebo/share/robile_gazebo/package.dsv'
[23.032s] INFO:colcon.colcon_core.shell:Creating package script '/home/md/amr_final_ws/install/robile_gazebo/share/robile_gazebo/package.sh'
[23.036s] INFO:colcon.colcon_core.shell:Creating package script '/home/md/amr_final_ws/install/robile_gazebo/share/robile_gazebo/package.bash'
[23.037s] INFO:colcon.colcon_core.shell:Creating package script '/home/md/amr_final_ws/install/robile_gazebo/share/robile_gazebo/package.zsh'
[23.038s] Level 1:colcon.colcon_core.environment:create_file_with_runtime_dependencies(/home/md/amr_final_ws/install/robile_gazebo/share/colcon-core/packages/robile_gazebo)
[23.042s] Level 1:colcon.colcon_core.environment:create_environment_scripts_only(robile_gazebo)
[23.043s] Level 1:colcon.colcon_core.environment:checking '/home/md/amr_final_ws/install/robile_gazebo' for CMake module files
[23.043s] Level 1:colcon.colcon_core.environment:checking '/home/md/amr_final_ws/install/robile_gazebo' for CMake config files
[23.044s] Level 1:colcon.colcon_core.shell:create_environment_hook('robile_gazebo', 'cmake_prefix_path')
[23.044s] INFO:colcon.colcon_core.shell:Creating environment hook '/home/md/amr_final_ws/install/robile_gazebo/share/robile_gazebo/hook/cmake_prefix_path.ps1'
[23.045s] INFO:colcon.colcon_core.shell:Creating environment descriptor '/home/md/amr_final_ws/install/robile_gazebo/share/robile_gazebo/hook/cmake_prefix_path.dsv'
[23.046s] INFO:colcon.colcon_core.shell:Creating environment hook '/home/md/amr_final_ws/install/robile_gazebo/share/robile_gazebo/hook/cmake_prefix_path.sh'
[23.049s] Level 1:colcon.colcon_core.environment:checking '/home/md/amr_final_ws/install/robile_gazebo/bin'
[23.050s] Level 1:colcon.colcon_core.environment:checking '/home/md/amr_final_ws/install/robile_gazebo/lib/pkgconfig/robile_gazebo.pc'
[23.050s] Level 1:colcon.colcon_core.environment:checking '/home/md/amr_final_ws/install/robile_gazebo/lib/python3.10/site-packages'
[23.051s] Level 1:colcon.colcon_core.environment:checking '/home/md/amr_final_ws/install/robile_gazebo/bin'
[23.052s] INFO:colcon.colcon_core.shell:Creating package script '/home/md/amr_final_ws/install/robile_gazebo/share/robile_gazebo/package.ps1'
[23.056s] INFO:colcon.colcon_core.shell:Creating package descriptor '/home/md/amr_final_ws/install/robile_gazebo/share/robile_gazebo/package.dsv'
[23.057s] INFO:colcon.colcon_core.shell:Creating package script '/home/md/amr_final_ws/install/robile_gazebo/share/robile_gazebo/package.sh'
[23.059s] INFO:colcon.colcon_core.shell:Creating package script '/home/md/amr_final_ws/install/robile_gazebo/share/robile_gazebo/package.bash'
[23.060s] INFO:colcon.colcon_core.shell:Creating package script '/home/md/amr_final_ws/install/robile_gazebo/share/robile_gazebo/package.zsh'
[23.060s] Level 1:colcon.colcon_core.environment:create_file_with_runtime_dependencies(/home/md/amr_final_ws/install/robile_gazebo/share/colcon-core/packages/robile_gazebo)
[25.001s] DEBUG:colcon.colcon_core.event_handler.log_command:Invoked command in '/home/md/amr_final_ws/build/robile_interfaces' returned '0': CMAKE_PREFIX_PATH=/home/md/amr_final_ws/install/robile_navigation:/home/md/amr_final_ws/install/robile_interfaces:/home/md/amr_final_ws/install/robile_gazebo:/home/md/amr_final_ws/install/robile_description:/home/md/robile_ser_ws/install/diff_robot:/home/md/ros2_robot_ws/install/robot_task_pkg:/home/md/ros2_robot_ws/install/place_pkg:/home/md/ros2_robot_ws/install/pick_pkg:/home/md/ros2_robot_ws/install/perceive_plane_pkg:/home/md/ros2_robot_ws/install/move_pkg:/home/md/Desktop/ros2_ws/install/test_package:/home/md/Desktop/ros2_ws/install/gazebo_motion_nodes:/opt/ros/humble:/home/md/ros2_robot_ws/install/robot_interfaces /usr/bin/cmake --build /home/md/amr_final_ws/build/robile_interfaces -- -j8 -l8
[25.010s] DEBUG:colcon.colcon_core.event_handler.log_command:Invoking command in '/home/md/amr_final_ws/build/robile_interfaces': CMAKE_PREFIX_PATH=/home/md/amr_final_ws/install/robile_navigation:/home/md/amr_final_ws/install/robile_interfaces:/home/md/amr_final_ws/install/robile_gazebo:/home/md/amr_final_ws/install/robile_description:/home/md/robile_ser_ws/install/diff_robot:/home/md/ros2_robot_ws/install/robot_task_pkg:/home/md/ros2_robot_ws/install/place_pkg:/home/md/ros2_robot_ws/install/pick_pkg:/home/md/ros2_robot_ws/install/perceive_plane_pkg:/home/md/ros2_robot_ws/install/move_pkg:/home/md/Desktop/ros2_ws/install/test_package:/home/md/Desktop/ros2_ws/install/gazebo_motion_nodes:/opt/ros/humble:/home/md/ros2_robot_ws/install/robot_interfaces /usr/bin/cmake --install /home/md/amr_final_ws/build/robile_interfaces
[27.898s] Level 1:colcon.colcon_core.environment:create_environment_scripts_only(robile_interfaces)
[27.899s] Level 1:colcon.colcon_core.environment:checking '/home/md/amr_final_ws/install/robile_interfaces' for CMake module files
[27.900s] DEBUG:colcon.colcon_core.event_handler.log_command:Invoked command in '/home/md/amr_final_ws/build/robile_interfaces' returned '0': CMAKE_PREFIX_PATH=/home/md/amr_final_ws/install/robile_navigation:/home/md/amr_final_ws/install/robile_interfaces:/home/md/amr_final_ws/install/robile_gazebo:/home/md/amr_final_ws/install/robile_description:/home/md/robile_ser_ws/install/diff_robot:/home/md/ros2_robot_ws/install/robot_task_pkg:/home/md/ros2_robot_ws/install/place_pkg:/home/md/ros2_robot_ws/install/pick_pkg:/home/md/ros2_robot_ws/install/perceive_plane_pkg:/home/md/ros2_robot_ws/install/move_pkg:/home/md/Desktop/ros2_ws/install/test_package:/home/md/Desktop/ros2_ws/install/gazebo_motion_nodes:/opt/ros/humble:/home/md/ros2_robot_ws/install/robot_interfaces /usr/bin/cmake --install /home/md/amr_final_ws/build/robile_interfaces
[27.901s] Level 1:colcon.colcon_core.environment:checking '/home/md/amr_final_ws/install/robile_interfaces' for CMake config files
[27.902s] Level 1:colcon.colcon_core.shell:create_environment_hook('robile_interfaces', 'cmake_prefix_path')
[27.902s] INFO:colcon.colcon_core.shell:Creating environment hook '/home/md/amr_final_ws/install/robile_interfaces/share/robile_interfaces/hook/cmake_prefix_path.ps1'
[27.903s] INFO:colcon.colcon_core.shell:Creating environment descriptor '/home/md/amr_final_ws/install/robile_interfaces/share/robile_interfaces/hook/cmake_prefix_path.dsv'
[27.906s] INFO:colcon.colcon_core.shell:Creating environment hook '/home/md/amr_final_ws/install/robile_interfaces/share/robile_interfaces/hook/cmake_prefix_path.sh'
[27.908s] Level 1:colcon.colcon_core.environment:checking '/home/md/amr_final_ws/install/robile_interfaces/lib'
[27.909s] Level 1:colcon.colcon_core.shell:create_environment_hook('robile_interfaces', 'ld_library_path_lib')
[27.910s] INFO:colcon.colcon_core.shell:Creating environment hook '/home/md/amr_final_ws/install/robile_interfaces/share/robile_interfaces/hook/ld_library_path_lib.ps1'
[27.911s] INFO:colcon.colcon_core.shell:Creating environment descriptor '/home/md/amr_final_ws/install/robile_interfaces/share/robile_interfaces/hook/ld_library_path_lib.dsv'
[27.913s] INFO:colcon.colcon_core.shell:Creating environment hook '/home/md/amr_final_ws/install/robile_interfaces/share/robile_interfaces/hook/ld_library_path_lib.sh'
[27.914s] Level 1:colcon.colcon_core.environment:checking '/home/md/amr_final_ws/install/robile_interfaces/bin'
[27.914s] Level 1:colcon.colcon_core.environment:checking '/home/md/amr_final_ws/install/robile_interfaces/lib/pkgconfig/robile_interfaces.pc'
[27.915s] Level 1:colcon.colcon_core.environment:checking '/home/md/amr_final_ws/install/robile_interfaces/lib/python3.10/site-packages'
[27.915s] Level 1:colcon.colcon_core.environment:checking '/home/md/amr_final_ws/install/robile_interfaces/bin'
[27.916s] INFO:colcon.colcon_core.shell:Creating package script '/home/md/amr_final_ws/install/robile_interfaces/share/robile_interfaces/package.ps1'
[27.917s] INFO:colcon.colcon_core.shell:Creating package descriptor '/home/md/amr_final_ws/install/robile_interfaces/share/robile_interfaces/package.dsv'
[27.918s] INFO:colcon.colcon_core.shell:Creating package script '/home/md/amr_final_ws/install/robile_interfaces/share/robile_interfaces/package.sh'
[27.919s] INFO:colcon.colcon_core.shell:Creating package script '/home/md/amr_final_ws/install/robile_interfaces/share/robile_interfaces/package.bash'
[27.921s] INFO:colcon.colcon_core.shell:Creating package script '/home/md/amr_final_ws/install/robile_interfaces/share/robile_interfaces/package.zsh'
[27.924s] Level 1:colcon.colcon_core.environment:create_file_with_runtime_dependencies(/home/md/amr_final_ws/install/robile_interfaces/share/colcon-core/packages/robile_interfaces)
[27.925s] Level 1:colcon.colcon_core.environment:create_environment_scripts_only(robile_interfaces)
[27.926s] Level 1:colcon.colcon_core.environment:checking '/home/md/amr_final_ws/install/robile_interfaces' for CMake module files
[27.929s] Level 1:colcon.colcon_core.environment:checking '/home/md/amr_final_ws/install/robile_interfaces' for CMake config files
[27.930s] Level 1:colcon.colcon_core.shell:create_environment_hook('robile_interfaces', 'cmake_prefix_path')
[27.931s] INFO:colcon.colcon_core.shell:Creating environment hook '/home/md/amr_final_ws/install/robile_interfaces/share/robile_interfaces/hook/cmake_prefix_path.ps1'
[27.932s] INFO:colcon.colcon_core.shell:Creating environment descriptor '/home/md/amr_final_ws/install/robile_interfaces/share/robile_interfaces/hook/cmake_prefix_path.dsv'
[27.933s] INFO:colcon.colcon_core.shell:Creating environment hook '/home/md/amr_final_ws/install/robile_interfaces/share/robile_interfaces/hook/cmake_prefix_path.sh'
[27.934s] Level 1:colcon.colcon_core.environment:checking '/home/md/amr_final_ws/install/robile_interfaces/lib'
[27.934s] Level 1:colcon.colcon_core.shell:create_environment_hook('robile_interfaces', 'ld_library_path_lib')
[27.935s] INFO:colcon.colcon_core.shell:Creating environment hook '/home/md/amr_final_ws/install/robile_interfaces/share/robile_interfaces/hook/ld_library_path_lib.ps1'
[27.938s] INFO:colcon.colcon_core.shell:Creating environment descriptor '/home/md/amr_final_ws/install/robile_interfaces/share/robile_interfaces/hook/ld_library_path_lib.dsv'
[27.939s] INFO:colcon.colcon_core.shell:Creating environment hook '/home/md/amr_final_ws/install/robile_interfaces/share/robile_interfaces/hook/ld_library_path_lib.sh'
[27.941s] Level 1:colcon.colcon_core.environment:checking '/home/md/amr_final_ws/install/robile_interfaces/bin'
[27.941s] Level 1:colcon.colcon_core.environment:checking '/home/md/amr_final_ws/install/robile_interfaces/lib/pkgconfig/robile_interfaces.pc'
[27.941s] Level 1:colcon.colcon_core.environment:checking '/home/md/amr_final_ws/install/robile_interfaces/lib/python3.10/site-packages'
[27.942s] Level 1:colcon.colcon_core.environment:checking '/home/md/amr_final_ws/install/robile_interfaces/bin'
[27.943s] INFO:colcon.colcon_core.shell:Creating package script '/home/md/amr_final_ws/install/robile_interfaces/share/robile_interfaces/package.ps1'
[27.947s] INFO:colcon.colcon_core.shell:Creating package descriptor '/home/md/amr_final_ws/install/robile_interfaces/share/robile_interfaces/package.dsv'
[27.948s] INFO:colcon.colcon_core.shell:Creating package script '/home/md/amr_final_ws/install/robile_interfaces/share/robile_interfaces/package.sh'
[27.968s] INFO:colcon.colcon_core.shell:Creating package script '/home/md/amr_final_ws/install/robile_interfaces/share/robile_interfaces/package.bash'
[27.970s] INFO:colcon.colcon_core.shell:Creating package script '/home/md/amr_final_ws/install/robile_interfaces/share/robile_interfaces/package.zsh'
[27.971s] Level 1:colcon.colcon_core.environment:create_file_with_runtime_dependencies(/home/md/amr_final_ws/install/robile_interfaces/share/colcon-core/packages/robile_interfaces)
[27.972s] INFO:colcon.colcon_ros.task.ament_cmake.build:Building ROS package in '/home/md/amr_final_ws/src/robile_navigation' with build type 'ament_cmake'
[27.972s] INFO:colcon.colcon_cmake.task.cmake.build:Building CMake package in '/home/md/amr_final_ws/src/robile_navigation'
[27.973s] INFO:colcon.colcon_core.shell:Skip shell extension 'powershell' for command environment: Not usable outside of PowerShell
[27.974s] DEBUG:colcon.colcon_core.shell:Skip shell extension 'dsv' for command environment
[28.021s] DEBUG:colcon.colcon_core.event_handler.log_command:Invoking command in '/home/md/amr_final_ws/build/robile_navigation': CMAKE_PREFIX_PATH=/home/md/amr_final_ws/install/robile_interfaces:/home/md/amr_final_ws/install/robile_navigation:/home/md/amr_final_ws/install/robile_gazebo:/home/md/amr_final_ws/install/robile_description:/home/md/robile_ser_ws/install/diff_robot:/home/md/ros2_robot_ws/install/robot_task_pkg:/home/md/ros2_robot_ws/install/place_pkg:/home/md/ros2_robot_ws/install/pick_pkg:/home/md/ros2_robot_ws/install/perceive_plane_pkg:/home/md/ros2_robot_ws/install/move_pkg:/home/md/Desktop/ros2_ws/install/test_package:/home/md/Desktop/ros2_ws/install/gazebo_motion_nodes:/opt/ros/humble:/home/md/ros2_robot_ws/install/robot_interfaces /usr/bin/cmake /home/md/amr_final_ws/src/robile_navigation -DAMENT_CMAKE_SYMLINK_INSTALL=1 -DCMAKE_INSTALL_PREFIX=/home/md/amr_final_ws/install/robile_navigation
[33.678s] DEBUG:colcon.colcon_core.event_handler.log_command:Invoked command in '/home/md/amr_final_ws/build/robile_navigation' returned '0': CMAKE_PREFIX_PATH=/home/md/amr_final_ws/install/robile_interfaces:/home/md/amr_final_ws/install/robile_navigation:/home/md/amr_final_ws/install/robile_gazebo:/home/md/amr_final_ws/install/robile_description:/home/md/robile_ser_ws/install/diff_robot:/home/md/ros2_robot_ws/install/robot_task_pkg:/home/md/ros2_robot_ws/install/place_pkg:/home/md/ros2_robot_ws/install/pick_pkg:/home/md/ros2_robot_ws/install/perceive_plane_pkg:/home/md/ros2_robot_ws/install/move_pkg:/home/md/Desktop/ros2_ws/install/test_package:/home/md/Desktop/ros2_ws/install/gazebo_motion_nodes:/opt/ros/humble:/home/md/ros2_robot_ws/install/robot_interfaces /usr/bin/cmake /home/md/amr_final_ws/src/robile_navigation -DAMENT_CMAKE_SYMLINK_INSTALL=1 -DCMAKE_INSTALL_PREFIX=/home/md/amr_final_ws/install/robile_navigation
[33.686s] DEBUG:colcon.colcon_core.event_handler.log_command:Invoking command in '/home/md/amr_final_ws/build/robile_navigation': CMAKE_PREFIX_PATH=/home/md/amr_final_ws/install/robile_interfaces:/home/md/amr_final_ws/install/robile_navigation:/home/md/amr_final_ws/install/robile_gazebo:/home/md/amr_final_ws/install/robile_description:/home/md/robile_ser_ws/install/diff_robot:/home/md/ros2_robot_ws/install/robot_task_pkg:/home/md/ros2_robot_ws/install/place_pkg:/home/md/ros2_robot_ws/install/pick_pkg:/home/md/ros2_robot_ws/install/perceive_plane_pkg:/home/md/ros2_robot_ws/install/move_pkg:/home/md/Desktop/ros2_ws/install/test_package:/home/md/Desktop/ros2_ws/install/gazebo_motion_nodes:/opt/ros/humble:/home/md/ros2_robot_ws/install/robot_interfaces /usr/bin/cmake --build /home/md/amr_final_ws/build/robile_navigation -- -j8 -l8
[35.328s] DEBUG:colcon.colcon_core.event_handler.log_command:Invoked command in '/home/md/amr_final_ws/build/robile_navigation' returned '0': CMAKE_PREFIX_PATH=/home/md/amr_final_ws/install/robile_interfaces:/home/md/amr_final_ws/install/robile_navigation:/home/md/amr_final_ws/install/robile_gazebo:/home/md/amr_final_ws/install/robile_description:/home/md/robile_ser_ws/install/diff_robot:/home/md/ros2_robot_ws/install/robot_task_pkg:/home/md/ros2_robot_ws/install/place_pkg:/home/md/ros2_robot_ws/install/pick_pkg:/home/md/ros2_robot_ws/install/perceive_plane_pkg:/home/md/ros2_robot_ws/install/move_pkg:/home/md/Desktop/ros2_ws/install/test_package:/home/md/Desktop/ros2_ws/install/gazebo_motion_nodes:/opt/ros/humble:/home/md/ros2_robot_ws/install/robot_interfaces /usr/bin/cmake --build /home/md/amr_final_ws/build/robile_navigation -- -j8 -l8
[35.336s] DEBUG:colcon.colcon_core.event_handler.log_command:Invoking command in '/home/md/amr_final_ws/build/robile_navigation': CMAKE_PREFIX_PATH=/home/md/amr_final_ws/install/robile_interfaces:/home/md/amr_final_ws/install/robile_navigation:/home/md/amr_final_ws/install/robile_gazebo:/home/md/amr_final_ws/install/robile_description:/home/md/robile_ser_ws/install/diff_robot:/home/md/ros2_robot_ws/install/robot_task_pkg:/home/md/ros2_robot_ws/install/place_pkg:/home/md/ros2_robot_ws/install/pick_pkg:/home/md/ros2_robot_ws/install/perceive_plane_pkg:/home/md/ros2_robot_ws/install/move_pkg:/home/md/Desktop/ros2_ws/install/test_package:/home/md/Desktop/ros2_ws/install/gazebo_motion_nodes:/opt/ros/humble:/home/md/ros2_robot_ws/install/robot_interfaces /usr/bin/cmake --install /home/md/amr_final_ws/build/robile_navigation
[36.878s] Level 1:colcon.colcon_core.environment:create_environment_scripts_only(robile_navigation)
[36.880s] Level 1:colcon.colcon_core.environment:checking '/home/md/amr_final_ws/install/robile_navigation' for CMake module files
[36.884s] DEBUG:colcon.colcon_core.event_handler.log_command:Invoked command in '/home/md/amr_final_ws/build/robile_navigation' returned '0': CMAKE_PREFIX_PATH=/home/md/amr_final_ws/install/robile_interfaces:/home/md/amr_final_ws/install/robile_navigation:/home/md/amr_final_ws/install/robile_gazebo:/home/md/amr_final_ws/install/robile_description:/home/md/robile_ser_ws/install/diff_robot:/home/md/ros2_robot_ws/install/robot_task_pkg:/home/md/ros2_robot_ws/install/place_pkg:/home/md/ros2_robot_ws/install/pick_pkg:/home/md/ros2_robot_ws/install/perceive_plane_pkg:/home/md/ros2_robot_ws/install/move_pkg:/home/md/Desktop/ros2_ws/install/test_package:/home/md/Desktop/ros2_ws/install/gazebo_motion_nodes:/opt/ros/humble:/home/md/ros2_robot_ws/install/robot_interfaces /usr/bin/cmake --install /home/md/amr_final_ws/build/robile_navigation
[36.886s] Level 1:colcon.colcon_core.environment:checking '/home/md/amr_final_ws/install/robile_navigation' for CMake config files
[36.887s] Level 1:colcon.colcon_core.shell:create_environment_hook('robile_navigation', 'cmake_prefix_path')
[36.887s] INFO:colcon.colcon_core.shell:Creating environment hook '/home/md/amr_final_ws/install/robile_navigation/share/robile_navigation/hook/cmake_prefix_path.ps1'
[36.889s] INFO:colcon.colcon_core.shell:Creating environment descriptor '/home/md/amr_final_ws/install/robile_navigation/share/robile_navigation/hook/cmake_prefix_path.dsv'
[36.890s] INFO:colcon.colcon_core.shell:Creating environment hook '/home/md/amr_final_ws/install/robile_navigation/share/robile_navigation/hook/cmake_prefix_path.sh'
[36.895s] Level 1:colcon.colcon_core.environment:checking '/home/md/amr_final_ws/install/robile_navigation/lib'
[36.896s] Level 1:colcon.colcon_core.environment:checking '/home/md/amr_final_ws/install/robile_navigation/bin'
[36.896s] Level 1:colcon.colcon_core.environment:checking '/home/md/amr_final_ws/install/robile_navigation/lib/pkgconfig/robile_navigation.pc'
[36.897s] Level 1:colcon.colcon_core.environment:checking '/home/md/amr_final_ws/install/robile_navigation/lib/python3.10/site-packages'
[36.898s] Level 1:colcon.colcon_core.environment:checking '/home/md/amr_final_ws/install/robile_navigation/bin'
[36.899s] INFO:colcon.colcon_core.shell:Creating package script '/home/md/amr_final_ws/install/robile_navigation/share/robile_navigation/package.ps1'
[36.902s] INFO:colcon.colcon_core.shell:Creating package descriptor '/home/md/amr_final_ws/install/robile_navigation/share/robile_navigation/package.dsv'
[36.904s] INFO:colcon.colcon_core.shell:Creating package script '/home/md/amr_final_ws/install/robile_navigation/share/robile_navigation/package.sh'
[36.905s] INFO:colcon.colcon_core.shell:Creating package script '/home/md/amr_final_ws/install/robile_navigation/share/robile_navigation/package.bash'
[36.908s] INFO:colcon.colcon_core.shell:Creating package script '/home/md/amr_final_ws/install/robile_navigation/share/robile_navigation/package.zsh'
[36.909s] Level 1:colcon.colcon_core.environment:create_file_with_runtime_dependencies(/home/md/amr_final_ws/install/robile_navigation/share/colcon-core/packages/robile_navigation)
[36.910s] Level 1:colcon.colcon_core.environment:create_environment_scripts_only(robile_navigation)
[36.910s] Level 1:colcon.colcon_core.environment:checking '/home/md/amr_final_ws/install/robile_navigation' for CMake module files
[36.912s] Level 1:colcon.colcon_core.environment:checking '/home/md/amr_final_ws/install/robile_navigation' for CMake config files
[36.914s] Level 1:colcon.colcon_core.shell:create_environment_hook('robile_navigation', 'cmake_prefix_path')
[36.916s] INFO:colcon.colcon_core.shell:Creating environment hook '/home/md/amr_final_ws/install/robile_navigation/share/robile_navigation/hook/cmake_prefix_path.ps1'
[36.919s] INFO:colcon.colcon_core.shell:Creating environment descriptor '/home/md/amr_final_ws/install/robile_navigation/share/robile_navigation/hook/cmake_prefix_path.dsv'
[36.921s] INFO:colcon.colcon_core.shell:Creating environment hook '/home/md/amr_final_ws/install/robile_navigation/share/robile_navigation/hook/cmake_prefix_path.sh'
[36.922s] Level 1:colcon.colcon_core.environment:checking '/home/md/amr_final_ws/install/robile_navigation/lib'
[36.923s] Level 1:colcon.colcon_core.environment:checking '/home/md/amr_final_ws/install/robile_navigation/bin'
[36.923s] Level 1:colcon.colcon_core.environment:checking '/home/md/amr_final_ws/install/robile_navigation/lib/pkgconfig/robile_navigation.pc'
[36.923s] Level 1:colcon.colcon_core.environment:checking '/home/md/amr_final_ws/install/robile_navigation/lib/python3.10/site-packages'
[36.924s] Level 1:colcon.colcon_core.environment:checking '/home/md/amr_final_ws/install/robile_navigation/bin'
[36.925s] INFO:colcon.colcon_core.shell:Creating package script '/home/md/amr_final_ws/install/robile_navigation/share/robile_navigation/package.ps1'
[36.927s] INFO:colcon.colcon_core.shell:Creating package descriptor '/home/md/amr_final_ws/install/robile_navigation/share/robile_navigation/package.dsv'
[36.932s] INFO:colcon.colcon_core.shell:Creating package script '/home/md/amr_final_ws/install/robile_navigation/share/robile_navigation/package.sh'
[36.934s] INFO:colcon.colcon_core.shell:Creating package script '/home/md/amr_final_ws/install/robile_navigation/share/robile_navigation/package.bash'
[36.935s] INFO:colcon.colcon_core.shell:Creating package script '/home/md/amr_final_ws/install/robile_navigation/share/robile_navigation/package.zsh'
[36.935s] Level 1:colcon.colcon_core.environment:create_file_with_runtime_dependencies(/home/md/amr_final_ws/install/robile_navigation/share/colcon-core/packages/robile_navigation)
[36.936s] DEBUG:colcon.colcon_parallel_executor.executor.parallel:closing loop
[36.937s] DEBUG:colcon.colcon_parallel_executor.executor.parallel:loop closed
[36.937s] DEBUG:colcon.colcon_parallel_executor.executor.parallel:run_until_complete finished with '0'
[36.937s] DEBUG:colcon.colcon_core.event_reactor:joining thread
[36.962s] INFO:colcon.colcon_core.plugin_system:Skipping extension 'colcon_notification.desktop_notification.terminal_notifier': Not used on non-Darwin systems
[36.962s] INFO:colcon.colcon_core.plugin_system:Skipping extension 'colcon_notification.desktop_notification.win32': Not used on non-Windows systems
[36.963s] INFO:colcon.colcon_notification.desktop_notification:Sending desktop notification using 'notify2'
[37.040s] DEBUG:colcon.colcon_core.event_reactor:joined thread
[37.041s] INFO:colcon.colcon_core.shell:Creating prefix script '/home/md/amr_final_ws/install/local_setup.ps1'
[37.053s] INFO:colcon.colcon_core.shell:Creating prefix util module '/home/md/amr_final_ws/install/_local_setup_util_ps1.py'
[37.065s] INFO:colcon.colcon_core.shell:Creating prefix chain script '/home/md/amr_final_ws/install/setup.ps1'
[37.079s] INFO:colcon.colcon_core.shell:Creating prefix script '/home/md/amr_final_ws/install/local_setup.sh'
[37.086s] INFO:colcon.colcon_core.shell:Creating prefix util module '/home/md/amr_final_ws/install/_local_setup_util_sh.py'
[37.090s] INFO:colcon.colcon_core.shell:Creating prefix chain script '/home/md/amr_final_ws/install/setup.sh'
[37.104s] INFO:colcon.colcon_core.shell:Creating prefix script '/home/md/amr_final_ws/install/local_setup.bash'
[37.112s] INFO:colcon.colcon_core.shell:Creating prefix chain script '/home/md/amr_final_ws/install/setup.bash'
[37.129s] INFO:colcon.colcon_core.shell:Creating prefix script '/home/md/amr_final_ws/install/local_setup.zsh'
[37.133s] INFO:colcon.colcon_core.shell:Creating prefix chain script '/home/md/amr_final_ws/install/setup.zsh'
