[  2%] Built target robile_interfaces__rs
[  5%] Built target robile_interfaces__cpp
[ 15%] Built target robile_interfaces__rosidl_generator_c
[ 15%] Built target ament_cmake_python_symlink_robile_interfaces
[ 30%] Built target robile_interfaces__rosidl_typesupport_introspection_cpp
[ 35%] Built target robile_interfaces__rosidl_typesupport_cpp
[ 50%] Built target robile_interfaces__rosidl_typesupport_fastrtps_cpp
[ 55%] Built target robile_interfaces__rosidl_typesupport_introspection_c
[ 65%] Built target robile_interfaces__rosidl_typesupport_fastrtps_c
[ 75%] Built target robile_interfaces__rosidl_typesupport_c
[ 75%] Built target robile_interfaces
[ 77%] Built target robile_interfaces__py
[ 85%] Built target robile_interfaces__rosidl_generator_py
[ 90%] Built target robile_interfaces__rosidl_typesupport_introspection_c__pyext
[ 95%] Built target robile_interfaces__rosidl_typesupport_c__pyext
[100%] Built target robile_interfaces__rosidl_typesupport_fastrtps_c__pyext
running egg_info
writing robile_interfaces.egg-info/PKG-INFO
writing dependency_links to robile_interfaces.egg-info/dependency_links.txt
writing top-level names to robile_interfaces.egg-info/top_level.txt
reading manifest file 'robile_interfaces.egg-info/SOURCES.txt'
writing manifest file 'robile_interfaces.egg-info/SOURCES.txt'
[100%] Built target ament_cmake_python_build_robile_interfaces_egg
