-- The C compiler identification is GNU 11.4.0
-- The CXX compiler identification is GNU 11.4.0
-- Detecting C compiler ABI info
-- Detecting C compiler ABI info - done
-- Check for working C compiler: /usr/bin/cc - skipped
-- Detecting C compile features
-- Detecting C compile features - done
-- Detecting CXX compiler ABI info
-- Detecting CXX compiler ABI info - done
-- Check for working CXX compiler: /usr/bin/c++ - skipped
-- Detecting CXX compile features
-- Detecting CXX compile features - done
-- Found ament_cmake: 1.3.14 (/opt/ros/humble/share/ament_cmake/cmake)
-- Found Python3: /usr/bin/python3 (found version "3.10.12") found components: Interpreter 
-- Override CMake install command with custom implementation using symlinks instead of copying resources
-- Found rclcpp: 16.0.19 (/opt/ros/humble/share/rclcpp/cmake)
-- Found rosidl_generator_c: 3.1.8 (/opt/ros/humble/share/rosidl_generator_c/cmake)
-- Found rosidl_adapter: 3.1.8 (/opt/ros/humble/share/rosidl_adapter/cmake)
-- Found rosidl_generator_cpp: 3.1.8 (/opt/ros/humble/share/rosidl_generator_cpp/cmake)
-- Using all available rosidl_typesupport_c: rosidl_typesupport_fastrtps_c;rosidl_typesupport_introspection_c
-- Using all available rosidl_typesupport_cpp: rosidl_typesupport_fastrtps_cpp;rosidl_typesupport_introspection_cpp
-- Found rmw_implementation_cmake: 6.1.2 (/opt/ros/humble/share/rmw_implementation_cmake/cmake)
-- Found rmw_fastrtps_cpp: 6.2.10 (/opt/ros/humble/share/rmw_fastrtps_cpp/cmake)
-- Found OpenSSL: /usr/lib/x86_64-linux-gnu/libcrypto.so (found version "3.0.2")  
-- Found FastRTPS: /opt/ros/humble/include  
-- Using RMW implementation 'rmw_fastrtps_cpp' as default
-- Looking for pthread.h
-- Looking for pthread.h - found
-- Performing Test CMAKE_HAVE_LIBC_PTHREAD
-- Performing Test CMAKE_HAVE_LIBC_PTHREAD - Success
-- Found Threads: TRUE  
-- Found rclpy: 3.3.21 (/opt/ros/humble/share/rclpy/cmake)
-- Found nav_msgs: 4.9.1 (/opt/ros/humble/share/nav_msgs/cmake)
-- Found robile_interfaces: 0.0.0 (/home/md/amr_final_ws/install/robile_interfaces/share/robile_interfaces/cmake)
-- Found ament_lint_auto: 0.12.15 (/opt/ros/humble/share/ament_lint_auto/cmake)
-- Added test 'flake8' to check Python code syntax and style conventions
-- Added test 'lint_cmake' to check CMake code style
-- Added test 'pep257' to check Python code against some of the docstring style conventions in PEP 257
-- Added test 'xmllint' to check XML markup files
-- Configuring done
-- Generating done
-- Build files have been written to: /home/md/amr_final_ws/build/robile_navigation
Built target ament_cmake_python_symlink_robile_navigation
running egg_info
creating robile_navigation.egg-info
writing robile_navigation.egg-info/PKG-INFO
writing dependency_links to robile_navigation.egg-info/dependency_links.txt
writing top-level names to robile_navigation.egg-info/top_level.txt
writing manifest file 'robile_navigation.egg-info/SOURCES.txt'
reading manifest file 'robile_navigation.egg-info/SOURCES.txt'
writing manifest file 'robile_navigation.egg-info/SOURCES.txt'
Built target ament_cmake_python_build_robile_navigation_egg
-- Install configuration: ""
-- Execute custom install script
-- Symlinking: /home/md/amr_final_ws/install/robile_navigation/share/robile_navigation/launch/landmark_based_localisation.launch.py
-- Symlinking: /home/md/amr_final_ws/install/robile_navigation/share/robile_navigation/launch/localization.launch.py
-- Symlinking: /home/md/amr_final_ws/install/robile_navigation/share/robile_navigation/launch/navigation.launch.py
-- Symlinking: /home/md/amr_final_ws/install/robile_navigation/share/robile_navigation/launch/online_async.launch.py
-- Symlinking: /home/md/amr_final_ws/install/robile_navigation/share/robile_navigation/launch/robile_nav2_bringup.launch.py
-- Symlinking: /home/md/amr_final_ws/install/robile_navigation/share/robile_navigation/config/amcl_config.yaml
-- Symlinking: /home/md/amr_final_ws/install/robile_navigation/share/robile_navigation/config/mapper_params_online_async.yaml
-- Symlinking: /home/md/amr_final_ws/install/robile_navigation/share/robile_navigation/config/nav2_params.yaml
-- Symlinking: /home/md/amr_final_ws/install/robile_navigation/share/robile_navigation/config/robile_nav_params.yaml
-- Symlinking: /home/md/amr_final_ws/install/robile_navigation/share/robile_navigation/config/robile_ros2_nav.rviz
-- Symlinking: /home/md/amr_final_ws/install/robile_navigation/share/robile_navigation/config/smacPlannerLattice.json
-- Symlinking: /home/md/amr_final_ws/install/robile_navigation/share/robile_navigation/maps/closed_walls_map.pgm
-- Symlinking: /home/md/amr_final_ws/install/robile_navigation/share/robile_navigation/maps/closed_walls_map.yaml
-- Symlinking: /home/md/amr_final_ws/install/robile_navigation/share/robile_navigation/maps/map.pgm
-- Symlinking: /home/md/amr_final_ws/install/robile_navigation/share/robile_navigation/maps/map.yaml
-- Symlinking: /home/md/amr_final_ws/install/robile_navigation/share/robile_navigation/environment/pythonpath.sh
-- Symlinking: /home/md/amr_final_ws/install/robile_navigation/share/robile_navigation/environment/pythonpath.dsv
-- Symlinking: /home/md/amr_final_ws/install/robile_navigation/local/lib/python3.10/dist-packages/robile_navigation-0.0.0-py3.10.egg-info/PKG-INFO
-- Symlinking: /home/md/amr_final_ws/install/robile_navigation/local/lib/python3.10/dist-packages/robile_navigation-0.0.0-py3.10.egg-info/SOURCES.txt
-- Symlinking: /home/md/amr_final_ws/install/robile_navigation/local/lib/python3.10/dist-packages/robile_navigation-0.0.0-py3.10.egg-info/dependency_links.txt
-- Symlinking: /home/md/amr_final_ws/install/robile_navigation/local/lib/python3.10/dist-packages/robile_navigation-0.0.0-py3.10.egg-info/top_level.txt
-- Symlinking: /home/md/amr_final_ws/install/robile_navigation/local/lib/python3.10/dist-packages/robile_navigation/__init__.py
-- Symlinking: /home/md/amr_final_ws/install/robile_navigation/lib/robile_navigation/robile_rfid_tag_finder.py
-- Symlinking: /home/md/amr_final_ws/install/robile_navigation/share/ament_index/resource_index/package_run_dependencies/robile_navigation
-- Symlinking: /home/md/amr_final_ws/install/robile_navigation/share/ament_index/resource_index/parent_prefix_path/robile_navigation
-- Symlinking: /home/md/amr_final_ws/install/robile_navigation/share/robile_navigation/environment/ament_prefix_path.sh
-- Symlinking: /home/md/amr_final_ws/install/robile_navigation/share/robile_navigation/environment/ament_prefix_path.dsv
-- Symlinking: /home/md/amr_final_ws/install/robile_navigation/share/robile_navigation/environment/path.sh
-- Symlinking: /home/md/amr_final_ws/install/robile_navigation/share/robile_navigation/environment/path.dsv
-- Symlinking: /home/md/amr_final_ws/install/robile_navigation/share/robile_navigation/local_setup.bash
-- Symlinking: /home/md/amr_final_ws/install/robile_navigation/share/robile_navigation/local_setup.sh
-- Symlinking: /home/md/amr_final_ws/install/robile_navigation/share/robile_navigation/local_setup.zsh
-- Symlinking: /home/md/amr_final_ws/install/robile_navigation/share/robile_navigation/local_setup.dsv
-- Symlinking: /home/md/amr_final_ws/install/robile_navigation/share/robile_navigation/package.dsv
-- Symlinking: /home/md/amr_final_ws/install/robile_navigation/share/ament_index/resource_index/packages/robile_navigation
-- Symlinking: /home/md/amr_final_ws/install/robile_navigation/share/robile_navigation/cmake/robile_navigationConfig.cmake
-- Symlinking: /home/md/amr_final_ws/install/robile_navigation/share/robile_navigation/cmake/robile_navigationConfig-version.cmake
-- Symlinking: /home/md/amr_final_ws/install/robile_navigation/share/robile_navigation/package.xml
Listing '/home/md/amr_final_ws/install/robile_navigation/local/lib/python3.10/dist-packages/robile_navigation'...
Compiling '/home/md/amr_final_ws/install/robile_navigation/local/lib/python3.10/dist-packages/robile_navigation/__init__.py'...
