[0.553s] DEBUG:colcon:Command line arguments: ['/usr/bin/colcon', 'build', '--packages-select', 'robile_planning', '--symlink-install']
[0.553s] DEBUG:colcon:Parsed command line arguments: Namespace(log_base=None, log_level=None, verb_name='build', build_base='build', install_base='install', merge_install=False, symlink_install=True, test_result_base=None, continue_on_error=False, executor='parallel', parallel_workers=8, event_handlers=None, ignore_user_meta=False, metas=['./colcon.meta'], base_paths=['.'], packages_ignore=None, packages_ignore_regex=None, paths=None, packages_up_to=None, packages_up_to_regex=None, packages_above=None, packages_above_and_dependencies=None, packages_above_depth=None, packages_select_by_dep=None, packages_skip_by_dep=None, packages_skip_up_to=None, packages_select_build_failed=False, packages_skip_build_finished=False, packages_select_test_failures=False, packages_skip_test_passed=False, packages_select=['robile_planning'], packages_skip=None, packages_select_regex=None, packages_skip_regex=None, packages_start=None, packages_end=None, allow_overriding=[], cmake_args=None, cmake_target=None, cmake_target_skip_unavailable=False, cmake_clean_cache=False, cmake_clean_first=False, cmake_force_configure=False, ament_cmake_args=None, catkin_cmake_args=None, catkin_skip_building_tests=False, verb_parser=<colcon_defaults.argument_parser.defaults.DefaultArgumentsDecorator object at 0x72c101f60cd0>, verb_extension=<colcon_core.verb.build.BuildVerb object at 0x72c101f60700>, main=<bound method BuildVerb.main of <colcon_core.verb.build.BuildVerb object at 0x72c101f60700>>)
[1.540s] Level 1:colcon.colcon_core.package_discovery:discover_packages(colcon_meta) check parameters
[1.541s] Level 1:colcon.colcon_core.package_discovery:discover_packages(recursive) check parameters
[1.541s] Level 1:colcon.colcon_core.package_discovery:discover_packages(ignore) check parameters
[1.541s] Level 1:colcon.colcon_core.package_discovery:discover_packages(path) check parameters
[1.541s] Level 1:colcon.colcon_core.package_discovery:discover_packages(colcon_meta) discover
[1.541s] Level 1:colcon.colcon_core.package_discovery:discover_packages(recursive) discover
[1.542s] INFO:colcon.colcon_core.package_discovery:Crawling recursively for packages in '/home/md/amr_final_ws'
[1.542s] Level 1:colcon.colcon_core.package_identification:_identify(.) by extensions ['ignore', 'ignore_ament_install']
[1.543s] Level 1:colcon.colcon_core.package_identification:_identify(.) by extension 'ignore'
[1.544s] Level 1:colcon.colcon_core.package_identification:_identify(.) by extension 'ignore_ament_install'
[1.545s] Level 1:colcon.colcon_core.package_identification:_identify(.) by extensions ['colcon_pkg']
[1.545s] Level 1:colcon.colcon_core.package_identification:_identify(.) by extension 'colcon_pkg'
[1.546s] Level 1:colcon.colcon_core.package_identification:_identify(.) by extensions ['colcon_meta']
[1.546s] Level 1:colcon.colcon_core.package_identification:_identify(.) by extension 'colcon_meta'
[1.547s] Level 1:colcon.colcon_core.package_identification:_identify(.) by extensions ['ros']
[1.547s] Level 1:colcon.colcon_core.package_identification:_identify(.) by extension 'ros'
[1.687s] Level 1:colcon.colcon_core.package_identification:_identify(.) by extensions ['cmake', 'python']
[1.688s] Level 1:colcon.colcon_core.package_identification:_identify(.) by extension 'cmake'
[1.688s] Level 1:colcon.colcon_core.package_identification:_identify(.) by extension 'python'
[1.689s] Level 1:colcon.colcon_core.package_identification:_identify(.) by extensions ['python_setup_py']
[1.689s] Level 1:colcon.colcon_core.package_identification:_identify(.) by extension 'python_setup_py'
[1.690s] Level 1:colcon.colcon_core.package_identification:_identify(build) by extensions ['ignore', 'ignore_ament_install']
[1.690s] Level 1:colcon.colcon_core.package_identification:_identify(build) by extension 'ignore'
[1.690s] Level 1:colcon.colcon_core.package_identification:_identify(build) ignored
[1.691s] Level 1:colcon.colcon_core.package_identification:_identify(install) by extensions ['ignore', 'ignore_ament_install']
[1.691s] Level 1:colcon.colcon_core.package_identification:_identify(install) by extension 'ignore'
[1.691s] Level 1:colcon.colcon_core.package_identification:_identify(install) ignored
[1.691s] Level 1:colcon.colcon_core.package_identification:_identify(log) by extensions ['ignore', 'ignore_ament_install']
[1.692s] Level 1:colcon.colcon_core.package_identification:_identify(log) by extension 'ignore'
[1.692s] Level 1:colcon.colcon_core.package_identification:_identify(log) ignored
[1.692s] Level 1:colcon.colcon_core.package_identification:_identify(src) by extensions ['ignore', 'ignore_ament_install']
[1.692s] Level 1:colcon.colcon_core.package_identification:_identify(src) by extension 'ignore'
[1.693s] Level 1:colcon.colcon_core.package_identification:_identify(src) by extension 'ignore_ament_install'
[1.693s] Level 1:colcon.colcon_core.package_identification:_identify(src) by extensions ['colcon_pkg']
[1.693s] Level 1:colcon.colcon_core.package_identification:_identify(src) by extension 'colcon_pkg'
[1.693s] Level 1:colcon.colcon_core.package_identification:_identify(src) by extensions ['colcon_meta']
[1.693s] Level 1:colcon.colcon_core.package_identification:_identify(src) by extension 'colcon_meta'
[1.693s] Level 1:colcon.colcon_core.package_identification:_identify(src) by extensions ['ros']
[1.693s] Level 1:colcon.colcon_core.package_identification:_identify(src) by extension 'ros'
[1.694s] Level 1:colcon.colcon_core.package_identification:_identify(src) by extensions ['cmake', 'python']
[1.694s] Level 1:colcon.colcon_core.package_identification:_identify(src) by extension 'cmake'
[1.694s] Level 1:colcon.colcon_core.package_identification:_identify(src) by extension 'python'
[1.694s] Level 1:colcon.colcon_core.package_identification:_identify(src) by extensions ['python_setup_py']
[1.694s] Level 1:colcon.colcon_core.package_identification:_identify(src) by extension 'python_setup_py'
[1.694s] Level 1:colcon.colcon_core.package_identification:_identify(src/kelo_tulip) by extensions ['ignore', 'ignore_ament_install']
[1.695s] Level 1:colcon.colcon_core.package_identification:_identify(src/kelo_tulip) by extension 'ignore'
[1.695s] Level 1:colcon.colcon_core.package_identification:_identify(src/kelo_tulip) by extension 'ignore_ament_install'
[1.695s] Level 1:colcon.colcon_core.package_identification:_identify(src/kelo_tulip) by extensions ['colcon_pkg']
[1.695s] Level 1:colcon.colcon_core.package_identification:_identify(src/kelo_tulip) by extension 'colcon_pkg'
[1.695s] Level 1:colcon.colcon_core.package_identification:_identify(src/kelo_tulip) by extensions ['colcon_meta']
[1.695s] Level 1:colcon.colcon_core.package_identification:_identify(src/kelo_tulip) by extension 'colcon_meta'
[1.696s] Level 1:colcon.colcon_core.package_identification:_identify(src/kelo_tulip) by extensions ['ros']
[1.696s] Level 1:colcon.colcon_core.package_identification:_identify(src/kelo_tulip) by extension 'ros'
[1.709s] DEBUG:colcon.colcon_core.package_identification:Package 'src/kelo_tulip' with type 'ros.catkin' and name 'kelo_tulip'
[1.709s] Level 1:colcon.colcon_core.package_identification:_identify(src/robile_description) by extensions ['ignore', 'ignore_ament_install']
[1.710s] Level 1:colcon.colcon_core.package_identification:_identify(src/robile_description) by extension 'ignore'
[1.710s] Level 1:colcon.colcon_core.package_identification:_identify(src/robile_description) by extension 'ignore_ament_install'
[1.710s] Level 1:colcon.colcon_core.package_identification:_identify(src/robile_description) by extensions ['colcon_pkg']
[1.710s] Level 1:colcon.colcon_core.package_identification:_identify(src/robile_description) by extension 'colcon_pkg'
[1.710s] Level 1:colcon.colcon_core.package_identification:_identify(src/robile_description) by extensions ['colcon_meta']
[1.710s] Level 1:colcon.colcon_core.package_identification:_identify(src/robile_description) by extension 'colcon_meta'
[1.711s] Level 1:colcon.colcon_core.package_identification:_identify(src/robile_description) by extensions ['ros']
[1.711s] Level 1:colcon.colcon_core.package_identification:_identify(src/robile_description) by extension 'ros'
[1.713s] DEBUG:colcon.colcon_core.package_identification:Package 'src/robile_description' with type 'ros.ament_cmake' and name 'robile_description'
[1.713s] Level 1:colcon.colcon_core.package_identification:_identify(src/robile_gazebo) by extensions ['ignore', 'ignore_ament_install']
[1.713s] Level 1:colcon.colcon_core.package_identification:_identify(src/robile_gazebo) by extension 'ignore'
[1.713s] Level 1:colcon.colcon_core.package_identification:_identify(src/robile_gazebo) by extension 'ignore_ament_install'
[1.714s] Level 1:colcon.colcon_core.package_identification:_identify(src/robile_gazebo) by extensions ['colcon_pkg']
[1.714s] Level 1:colcon.colcon_core.package_identification:_identify(src/robile_gazebo) by extension 'colcon_pkg'
[1.715s] Level 1:colcon.colcon_core.package_identification:_identify(src/robile_gazebo) by extensions ['colcon_meta']
[1.715s] Level 1:colcon.colcon_core.package_identification:_identify(src/robile_gazebo) by extension 'colcon_meta'
[1.715s] Level 1:colcon.colcon_core.package_identification:_identify(src/robile_gazebo) by extensions ['ros']
[1.715s] Level 1:colcon.colcon_core.package_identification:_identify(src/robile_gazebo) by extension 'ros'
[1.722s] DEBUG:colcon.colcon_core.package_identification:Package 'src/robile_gazebo' with type 'ros.ament_cmake' and name 'robile_gazebo'
[1.723s] Level 1:colcon.colcon_core.package_identification:_identify(src/robile_interfaces) by extensions ['ignore', 'ignore_ament_install']
[1.723s] Level 1:colcon.colcon_core.package_identification:_identify(src/robile_interfaces) by extension 'ignore'
[1.723s] Level 1:colcon.colcon_core.package_identification:_identify(src/robile_interfaces) by extension 'ignore_ament_install'
[1.723s] Level 1:colcon.colcon_core.package_identification:_identify(src/robile_interfaces) by extensions ['colcon_pkg']
[1.724s] Level 1:colcon.colcon_core.package_identification:_identify(src/robile_interfaces) by extension 'colcon_pkg'
[1.724s] Level 1:colcon.colcon_core.package_identification:_identify(src/robile_interfaces) by extensions ['colcon_meta']
[1.724s] Level 1:colcon.colcon_core.package_identification:_identify(src/robile_interfaces) by extension 'colcon_meta'
[1.725s] Level 1:colcon.colcon_core.package_identification:_identify(src/robile_interfaces) by extensions ['ros']
[1.725s] Level 1:colcon.colcon_core.package_identification:_identify(src/robile_interfaces) by extension 'ros'
[1.728s] DEBUG:colcon.colcon_core.package_identification:Package 'src/robile_interfaces' with type 'ros.ament_cmake' and name 'robile_interfaces'
[1.728s] Level 1:colcon.colcon_core.package_identification:_identify(src/robile_navigation) by extensions ['ignore', 'ignore_ament_install']
[1.728s] Level 1:colcon.colcon_core.package_identification:_identify(src/robile_navigation) by extension 'ignore'
[1.729s] Level 1:colcon.colcon_core.package_identification:_identify(src/robile_navigation) by extension 'ignore_ament_install'
[1.729s] Level 1:colcon.colcon_core.package_identification:_identify(src/robile_navigation) by extensions ['colcon_pkg']
[1.729s] Level 1:colcon.colcon_core.package_identification:_identify(src/robile_navigation) by extension 'colcon_pkg'
[1.729s] Level 1:colcon.colcon_core.package_identification:_identify(src/robile_navigation) by extensions ['colcon_meta']
[1.729s] Level 1:colcon.colcon_core.package_identification:_identify(src/robile_navigation) by extension 'colcon_meta'
[1.729s] Level 1:colcon.colcon_core.package_identification:_identify(src/robile_navigation) by extensions ['ros']
[1.729s] Level 1:colcon.colcon_core.package_identification:_identify(src/robile_navigation) by extension 'ros'
[1.735s] DEBUG:colcon.colcon_core.package_identification:Package 'src/robile_navigation' with type 'ros.ament_cmake' and name 'robile_navigation'
[1.737s] Level 1:colcon.colcon_core.package_identification:_identify(src/robile_planning) by extensions ['ignore', 'ignore_ament_install']
[1.737s] Level 1:colcon.colcon_core.package_identification:_identify(src/robile_planning) by extension 'ignore'
[1.738s] Level 1:colcon.colcon_core.package_identification:_identify(src/robile_planning) by extension 'ignore_ament_install'
[1.739s] Level 1:colcon.colcon_core.package_identification:_identify(src/robile_planning) by extensions ['colcon_pkg']
[1.740s] Level 1:colcon.colcon_core.package_identification:_identify(src/robile_planning) by extension 'colcon_pkg'
[1.740s] Level 1:colcon.colcon_core.package_identification:_identify(src/robile_planning) by extensions ['colcon_meta']
[1.741s] Level 1:colcon.colcon_core.package_identification:_identify(src/robile_planning) by extension 'colcon_meta'
[1.741s] Level 1:colcon.colcon_core.package_identification:_identify(src/robile_planning) by extensions ['ros']
[1.741s] Level 1:colcon.colcon_core.package_identification:_identify(src/robile_planning) by extension 'ros'
[1.745s] DEBUG:colcon.colcon_core.package_identification:Package 'src/robile_planning' with type 'ros.ament_python' and name 'robile_planning'
[1.745s] Level 1:colcon.colcon_core.package_discovery:discover_packages(recursive) using defaults
[1.746s] Level 1:colcon.colcon_core.package_discovery:discover_packages(ignore) discover
[1.746s] Level 1:colcon.colcon_core.package_discovery:discover_packages(ignore) using defaults
[1.746s] Level 1:colcon.colcon_core.package_discovery:discover_packages(path) discover
[1.746s] Level 1:colcon.colcon_core.package_discovery:discover_packages(path) using defaults
[1.855s] INFO:colcon.colcon_core.package_selection:Skipping not selected package 'kelo_tulip' in 'src/kelo_tulip'
[1.855s] INFO:colcon.colcon_core.package_selection:Skipping not selected package 'robile_description' in 'src/robile_description'
[1.855s] INFO:colcon.colcon_core.package_selection:Skipping not selected package 'robile_interfaces' in 'src/robile_interfaces'
[1.855s] INFO:colcon.colcon_core.package_selection:Skipping not selected package 'robile_gazebo' in 'src/robile_gazebo'
[1.855s] INFO:colcon.colcon_core.package_selection:Skipping not selected package 'robile_navigation' in 'src/robile_navigation'
[1.857s] Level 1:colcon.colcon_core.package_discovery:discover_packages(prefix_path) check parameters
[1.857s] Level 1:colcon.colcon_core.package_discovery:discover_packages(prefix_path) discover
[1.871s] DEBUG:colcon.colcon_installed_package_information.package_discovery:Found 4 installed packages in /home/md/amr_final_ws/install
[1.875s] DEBUG:colcon.colcon_installed_package_information.package_discovery:Found 1 installed packages in /home/md/robile_ser_ws/install
[1.877s] DEBUG:colcon.colcon_installed_package_information.package_discovery:Found 6 installed packages in /home/md/ros2_robot_ws/install
[1.880s] DEBUG:colcon.colcon_installed_package_information.package_discovery:Found 2 installed packages in /home/md/Desktop/ros2_ws/install
[1.886s] DEBUG:colcon.colcon_installed_package_information.package_discovery:Found 426 installed packages in /opt/ros/humble
[1.897s] Level 1:colcon.colcon_core.package_discovery:discover_packages(prefix_path) using defaults
[2.212s] Level 5:colcon.colcon_core.verb:set package 'robile_planning' build argument 'cmake_args' from command line to 'None'
[2.213s] Level 5:colcon.colcon_core.verb:set package 'robile_planning' build argument 'cmake_target' from command line to 'None'
[2.214s] Level 5:colcon.colcon_core.verb:set package 'robile_planning' build argument 'cmake_target_skip_unavailable' from command line to 'False'
[2.215s] Level 5:colcon.colcon_core.verb:set package 'robile_planning' build argument 'cmake_clean_cache' from command line to 'False'
[2.215s] Level 5:colcon.colcon_core.verb:set package 'robile_planning' build argument 'cmake_clean_first' from command line to 'False'
[2.215s] Level 5:colcon.colcon_core.verb:set package 'robile_planning' build argument 'cmake_force_configure' from command line to 'False'
[2.215s] Level 5:colcon.colcon_core.verb:set package 'robile_planning' build argument 'ament_cmake_args' from command line to 'None'
[2.216s] Level 5:colcon.colcon_core.verb:set package 'robile_planning' build argument 'catkin_cmake_args' from command line to 'None'
[2.216s] Level 5:colcon.colcon_core.verb:set package 'robile_planning' build argument 'catkin_skip_building_tests' from command line to 'False'
[2.217s] DEBUG:colcon.colcon_core.verb:Building package 'robile_planning' with the following arguments: {'ament_cmake_args': None, 'build_base': '/home/md/amr_final_ws/build/robile_planning', 'catkin_cmake_args': None, 'catkin_skip_building_tests': False, 'cmake_args': None, 'cmake_clean_cache': False, 'cmake_clean_first': False, 'cmake_force_configure': False, 'cmake_target': None, 'cmake_target_skip_unavailable': False, 'install_base': '/home/md/amr_final_ws/install/robile_planning', 'merge_install': False, 'path': '/home/md/amr_final_ws/src/robile_planning', 'symlink_install': True, 'test_result_base': None}
[2.218s] INFO:colcon.colcon_core.executor:Executing jobs using 'parallel' executor
[2.224s] DEBUG:colcon.colcon_parallel_executor.executor.parallel:run_until_complete
[2.225s] INFO:colcon.colcon_ros.task.ament_python.build:Building ROS package in '/home/md/amr_final_ws/src/robile_planning' with build type 'ament_python'
[2.225s] Level 1:colcon.colcon_core.shell:create_environment_hook('robile_planning', 'ament_prefix_path')
[2.238s] INFO:colcon.colcon_core.plugin_system:Skipping extension 'colcon_core.shell.bat': Not used on non-Windows systems
[2.238s] INFO:colcon.colcon_core.shell:Creating environment hook '/home/md/amr_final_ws/install/robile_planning/share/robile_planning/hook/ament_prefix_path.ps1'
[2.239s] INFO:colcon.colcon_core.shell:Creating environment descriptor '/home/md/amr_final_ws/install/robile_planning/share/robile_planning/hook/ament_prefix_path.dsv'
[2.240s] INFO:colcon.colcon_core.shell:Creating environment hook '/home/md/amr_final_ws/install/robile_planning/share/robile_planning/hook/ament_prefix_path.sh'
[2.245s] INFO:colcon.colcon_core.shell:Skip shell extension 'powershell' for command environment: Not usable outside of PowerShell
[2.246s] DEBUG:colcon.colcon_core.shell:Skip shell extension 'dsv' for command environment
[4.332s] INFO:colcon.colcon_core.task.python.build:Building Python package in '/home/md/amr_final_ws/src/robile_planning'
[4.335s] INFO:colcon.colcon_core.shell:Skip shell extension 'powershell' for command environment: Not usable outside of PowerShell
[4.335s] DEBUG:colcon.colcon_core.shell:Skip shell extension 'dsv' for command environment
[6.883s] DEBUG:colcon.colcon_core.event_handler.log_command:Invoking command in '/home/md/amr_final_ws/build/robile_planning': PYTHONPATH=/home/md/amr_final_ws/build/robile_planning/prefix_override:/usr/lib/python3/dist-packages/colcon_core/task/python/colcon_distutils_commands:/home/md/amr_final_ws/install/robile_planning/lib/python3.10/site-packages:${PYTHONPATH} /usr/bin/python3 -W ignore:setup.py install is deprecated -W ignore:easy_install command is deprecated setup.py develop --editable --build-directory /home/md/amr_final_ws/build/robile_planning/build --no-deps symlink_data
[9.919s] Level 1:colcon.colcon_core.shell:create_environment_hook('robile_planning', 'pythonpath_develop')
[9.919s] INFO:colcon.colcon_core.shell:Creating environment hook '/home/md/amr_final_ws/build/robile_planning/share/robile_planning/hook/pythonpath_develop.ps1'
[9.920s] DEBUG:colcon.colcon_core.event_handler.log_command:Invoked command in '/home/md/amr_final_ws/build/robile_planning' returned '0': PYTHONPATH=/home/md/amr_final_ws/build/robile_planning/prefix_override:/usr/lib/python3/dist-packages/colcon_core/task/python/colcon_distutils_commands:/home/md/amr_final_ws/install/robile_planning/lib/python3.10/site-packages:${PYTHONPATH} /usr/bin/python3 -W ignore:setup.py install is deprecated -W ignore:easy_install command is deprecated setup.py develop --editable --build-directory /home/md/amr_final_ws/build/robile_planning/build --no-deps symlink_data
[9.922s] INFO:colcon.colcon_core.shell:Creating environment descriptor '/home/md/amr_final_ws/build/robile_planning/share/robile_planning/hook/pythonpath_develop.dsv'
[9.923s] INFO:colcon.colcon_core.shell:Creating environment hook '/home/md/amr_final_ws/build/robile_planning/share/robile_planning/hook/pythonpath_develop.sh'
[9.938s] Level 1:colcon.colcon_core.environment:checking '/home/md/amr_final_ws/install/robile_planning' for CMake module files
[9.939s] Level 1:colcon.colcon_core.environment:checking '/home/md/amr_final_ws/install/robile_planning' for CMake config files
[9.944s] Level 1:colcon.colcon_core.environment:checking '/home/md/amr_final_ws/install/robile_planning/lib'
[9.946s] Level 1:colcon.colcon_core.environment:checking '/home/md/amr_final_ws/install/robile_planning/bin'
[9.947s] Level 1:colcon.colcon_core.environment:checking '/home/md/amr_final_ws/install/robile_planning/lib/pkgconfig/robile_planning.pc'
[9.949s] Level 1:colcon.colcon_core.environment:checking '/home/md/amr_final_ws/install/robile_planning/lib/python3.10/site-packages'
[9.950s] Level 1:colcon.colcon_core.shell:create_environment_hook('robile_planning', 'pythonpath')
[9.951s] INFO:colcon.colcon_core.shell:Creating environment hook '/home/md/amr_final_ws/install/robile_planning/share/robile_planning/hook/pythonpath.ps1'
[9.952s] INFO:colcon.colcon_core.shell:Creating environment descriptor '/home/md/amr_final_ws/install/robile_planning/share/robile_planning/hook/pythonpath.dsv'
[9.953s] INFO:colcon.colcon_core.shell:Creating environment hook '/home/md/amr_final_ws/install/robile_planning/share/robile_planning/hook/pythonpath.sh'
[9.956s] Level 1:colcon.colcon_core.environment:checking '/home/md/amr_final_ws/install/robile_planning/bin'
[9.957s] Level 1:colcon.colcon_core.environment:create_environment_scripts_only(robile_planning)
[9.961s] INFO:colcon.colcon_core.shell:Creating package script '/home/md/amr_final_ws/install/robile_planning/share/robile_planning/package.ps1'
[9.968s] INFO:colcon.colcon_core.shell:Creating package descriptor '/home/md/amr_final_ws/install/robile_planning/share/robile_planning/package.dsv'
[9.969s] INFO:colcon.colcon_core.shell:Creating package script '/home/md/amr_final_ws/install/robile_planning/share/robile_planning/package.sh'
[9.973s] INFO:colcon.colcon_core.shell:Creating package script '/home/md/amr_final_ws/install/robile_planning/share/robile_planning/package.bash'
[9.980s] INFO:colcon.colcon_core.shell:Creating package script '/home/md/amr_final_ws/install/robile_planning/share/robile_planning/package.zsh'
[9.982s] Level 1:colcon.colcon_core.environment:create_file_with_runtime_dependencies(/home/md/amr_final_ws/install/robile_planning/share/colcon-core/packages/robile_planning)
[9.982s] DEBUG:colcon.colcon_parallel_executor.executor.parallel:closing loop
[9.983s] DEBUG:colcon.colcon_parallel_executor.executor.parallel:loop closed
[9.983s] DEBUG:colcon.colcon_parallel_executor.executor.parallel:run_until_complete finished with '0'
[9.983s] DEBUG:colcon.colcon_core.event_reactor:joining thread
[10.010s] INFO:colcon.colcon_core.plugin_system:Skipping extension 'colcon_notification.desktop_notification.terminal_notifier': Not used on non-Darwin systems
[10.011s] INFO:colcon.colcon_core.plugin_system:Skipping extension 'colcon_notification.desktop_notification.win32': Not used on non-Windows systems
[10.011s] INFO:colcon.colcon_notification.desktop_notification:Sending desktop notification using 'notify2'
[10.071s] DEBUG:colcon.colcon_core.event_reactor:joined thread
[10.073s] INFO:colcon.colcon_core.shell:Creating prefix script '/home/md/amr_final_ws/install/local_setup.ps1'
[10.077s] INFO:colcon.colcon_core.shell:Creating prefix util module '/home/md/amr_final_ws/install/_local_setup_util_ps1.py'
[10.081s] INFO:colcon.colcon_core.shell:Creating prefix chain script '/home/md/amr_final_ws/install/setup.ps1'
[10.097s] INFO:colcon.colcon_core.shell:Creating prefix script '/home/md/amr_final_ws/install/local_setup.sh'
[10.100s] INFO:colcon.colcon_core.shell:Creating prefix util module '/home/md/amr_final_ws/install/_local_setup_util_sh.py'
[10.105s] INFO:colcon.colcon_core.shell:Creating prefix chain script '/home/md/amr_final_ws/install/setup.sh'
[10.118s] INFO:colcon.colcon_core.shell:Creating prefix script '/home/md/amr_final_ws/install/local_setup.bash'
[10.124s] INFO:colcon.colcon_core.shell:Creating prefix chain script '/home/md/amr_final_ws/install/setup.bash'
[10.137s] INFO:colcon.colcon_core.shell:Creating prefix script '/home/md/amr_final_ws/install/local_setup.zsh'
[10.141s] INFO:colcon.colcon_core.shell:Creating prefix chain script '/home/md/amr_final_ws/install/setup.zsh'
