[0.059s] Invoking command in '/home/md/amr_final_ws/build/robile_description': CMAKE_PREFIX_PATH=/home/md/amr_final_ws/install/robile_navigation:/home/md/amr_final_ws/install/robile_interfaces:/home/md/amr_final_ws/install/robile_gazebo:/home/md/amr_final_ws/install/robile_description:/home/md/robile_ser_ws/install/diff_robot:/home/md/ros2_robot_ws/install/robot_task_pkg:/home/md/ros2_robot_ws/install/place_pkg:/home/md/ros2_robot_ws/install/pick_pkg:/home/md/ros2_robot_ws/install/perceive_plane_pkg:/home/md/ros2_robot_ws/install/move_pkg:/home/md/Desktop/ros2_ws/install/test_package:/home/md/Desktop/ros2_ws/install/gazebo_motion_nodes:/opt/ros/humble:/home/md/ros2_robot_ws/install/robot_interfaces /usr/bin/cmake /home/md/amr_final_ws/src/robile_description -DAMENT_CMAKE_SYMLINK_INSTALL=1 -DCMAKE_INSTALL_PREFIX=/home/md/amr_final_ws/install/robile_description
[0.299s] -- The C compiler identification is GNU 11.4.0
[0.598s] -- The CXX compiler identification is GNU 11.4.0
[0.631s] -- Detecting C compiler ABI info
[0.916s] -- Detecting C compiler ABI info - done
[0.952s] -- Check for working C compiler: /usr/bin/cc - skipped
[0.953s] -- Detecting C compile features
[0.954s] -- Detecting C compile features - done
[0.967s] -- Detecting CXX compiler ABI info
[1.258s] -- Detecting CXX compiler ABI info - done
[1.290s] -- Check for working CXX compiler: /usr/bin/c++ - skipped
[1.291s] -- Detecting CXX compile features
[1.295s] -- Detecting CXX compile features - done
[1.302s] -- Found ament_cmake: 1.3.14 (/opt/ros/humble/share/ament_cmake/cmake)
[2.404s] -- Found Python3: /usr/bin/python3 (found version "3.10.12") found components: Interpreter 
[2.911s] -- Override CMake install command with custom implementation using symlinks instead of copying resources
[3.495s] -- Configuring done
[3.507s] -- Generating done
[3.510s] -- Build files have been written to: /home/md/amr_final_ws/build/robile_description
[3.526s] Invoked command in '/home/md/amr_final_ws/build/robile_description' returned '0': CMAKE_PREFIX_PATH=/home/md/amr_final_ws/install/robile_navigation:/home/md/amr_final_ws/install/robile_interfaces:/home/md/amr_final_ws/install/robile_gazebo:/home/md/amr_final_ws/install/robile_description:/home/md/robile_ser_ws/install/diff_robot:/home/md/ros2_robot_ws/install/robot_task_pkg:/home/md/ros2_robot_ws/install/place_pkg:/home/md/ros2_robot_ws/install/pick_pkg:/home/md/ros2_robot_ws/install/perceive_plane_pkg:/home/md/ros2_robot_ws/install/move_pkg:/home/md/Desktop/ros2_ws/install/test_package:/home/md/Desktop/ros2_ws/install/gazebo_motion_nodes:/opt/ros/humble:/home/md/ros2_robot_ws/install/robot_interfaces /usr/bin/cmake /home/md/amr_final_ws/src/robile_description -DAMENT_CMAKE_SYMLINK_INSTALL=1 -DCMAKE_INSTALL_PREFIX=/home/md/amr_final_ws/install/robile_description
[3.539s] Invoking command in '/home/md/amr_final_ws/build/robile_description': CMAKE_PREFIX_PATH=/home/md/amr_final_ws/install/robile_navigation:/home/md/amr_final_ws/install/robile_interfaces:/home/md/amr_final_ws/install/robile_gazebo:/home/md/amr_final_ws/install/robile_description:/home/md/robile_ser_ws/install/diff_robot:/home/md/ros2_robot_ws/install/robot_task_pkg:/home/md/ros2_robot_ws/install/place_pkg:/home/md/ros2_robot_ws/install/pick_pkg:/home/md/ros2_robot_ws/install/perceive_plane_pkg:/home/md/ros2_robot_ws/install/move_pkg:/home/md/Desktop/ros2_ws/install/test_package:/home/md/Desktop/ros2_ws/install/gazebo_motion_nodes:/opt/ros/humble:/home/md/ros2_robot_ws/install/robot_interfaces /usr/bin/cmake --build /home/md/amr_final_ws/build/robile_description -- -j8 -l8
[3.691s] Invoked command in '/home/md/amr_final_ws/build/robile_description' returned '0': CMAKE_PREFIX_PATH=/home/md/amr_final_ws/install/robile_navigation:/home/md/amr_final_ws/install/robile_interfaces:/home/md/amr_final_ws/install/robile_gazebo:/home/md/amr_final_ws/install/robile_description:/home/md/robile_ser_ws/install/diff_robot:/home/md/ros2_robot_ws/install/robot_task_pkg:/home/md/ros2_robot_ws/install/place_pkg:/home/md/ros2_robot_ws/install/pick_pkg:/home/md/ros2_robot_ws/install/perceive_plane_pkg:/home/md/ros2_robot_ws/install/move_pkg:/home/md/Desktop/ros2_ws/install/test_package:/home/md/Desktop/ros2_ws/install/gazebo_motion_nodes:/opt/ros/humble:/home/md/ros2_robot_ws/install/robot_interfaces /usr/bin/cmake --build /home/md/amr_final_ws/build/robile_description -- -j8 -l8
[3.733s] Invoking command in '/home/md/amr_final_ws/build/robile_description': CMAKE_PREFIX_PATH=/home/md/amr_final_ws/install/robile_navigation:/home/md/amr_final_ws/install/robile_interfaces:/home/md/amr_final_ws/install/robile_gazebo:/home/md/amr_final_ws/install/robile_description:/home/md/robile_ser_ws/install/diff_robot:/home/md/ros2_robot_ws/install/robot_task_pkg:/home/md/ros2_robot_ws/install/place_pkg:/home/md/ros2_robot_ws/install/pick_pkg:/home/md/ros2_robot_ws/install/perceive_plane_pkg:/home/md/ros2_robot_ws/install/move_pkg:/home/md/Desktop/ros2_ws/install/test_package:/home/md/Desktop/ros2_ws/install/gazebo_motion_nodes:/opt/ros/humble:/home/md/ros2_robot_ws/install/robot_interfaces /usr/bin/cmake --install /home/md/amr_final_ws/build/robile_description
[3.765s] -- Install configuration: ""
[3.769s] -- Execute custom install script
[3.771s] -- Symlinking: /home/md/amr_final_ws/install/robile_description/share/robile_description//meshes/kelo_drive/kelo_drive_base.dae
[3.804s] -- Symlinking: /home/md/amr_final_ws/install/robile_description/share/robile_description//meshes/kelo_drive/kelo_drive_wheel.dae
[3.840s] -- Symlinking: /home/md/amr_final_ws/install/robile_description/share/robile_description//meshes/passive_caster_wheel/pivot.dae
[3.877s] -- Symlinking: /home/md/amr_final_ws/install/robile_description/share/robile_description//meshes/passive_caster_wheel/wheel.dae
[3.915s] -- Symlinking: /home/md/amr_final_ws/install/robile_description/share/robile_description//meshes/robile_brick_housing/general_brick_housing.dae
[3.950s] -- Symlinking: /home/md/amr_final_ws/install/robile_description/share/robile_description//meshes/robile_brick_housing/lid.dae
[3.987s] -- Symlinking: /home/md/amr_final_ws/install/robile_description/share/robile_description//meshes/robile_brick_housing/lid_cover_blue.dae
[4.021s] -- Symlinking: /home/md/amr_final_ws/install/robile_description/share/robile_description//meshes/robile_brick_housing/lid_cover_green.dae
[4.059s] -- Symlinking: /home/md/amr_final_ws/install/robile_description/share/robile_description//meshes/robile_brick_housing/lid_cover_red.dae
[4.099s] -- Symlinking: /home/md/amr_final_ws/install/robile_description/share/robile_description//meshes/robile_brick_housing/lid_cover_yellow.dae
[4.125s] -- Symlinking: /home/md/amr_final_ws/install/robile_description/share/robile_description//meshes/robile_brick_housing/wheeled_brick_housing.dae
[4.151s] -- Symlinking: /home/md/amr_final_ws/install/robile_description/share/robile_description//meshes/sensors/hokuyo.dae
[4.179s] -- Symlinking: /home/md/amr_final_ws/install/robile_description/share/robile_description//meshes/sensors/hokuyo_convex.dae
[4.220s] -- Symlinking: /home/md/amr_final_ws/install/robile_description/share/robile_description//meshes/sensors/sick-lms1xx.dae
[4.262s] -- Symlinking: /home/md/amr_final_ws/install/robile_description/share/robile_description//robots/2_wheel_config.urdf.xacro
[4.304s] -- Symlinking: /home/md/amr_final_ws/install/robile_description/share/robile_description//robots/4_wheel_config.urdf.xacro
[4.351s] -- Symlinking: /home/md/amr_final_ws/install/robile_description/share/robile_description//robots/6_wheel_config.urdf.xacro
[4.399s] -- Symlinking: /home/md/amr_final_ws/install/robile_description/share/robile_description//robots/robile3_config.urdf.xacro
[4.451s] -- Symlinking: /home/md/amr_final_ws/install/robile_description/share/robile_description//urdf/base_macros/brick_housing.urdf.xacro
[4.508s] -- Symlinking: /home/md/amr_final_ws/install/robile_description/share/robile_description//urdf/base_macros/common.xacro
[4.561s] -- Symlinking: /home/md/amr_final_ws/install/robile_description/share/robile_description//urdf/base_macros/kelo_drive.urdf.xacro
[4.615s] -- Symlinking: /home/md/amr_final_ws/install/robile_description/share/robile_description//urdf/base_macros/kelo_drive_wheel.urdf.xacro
[4.660s] -- Symlinking: /home/md/amr_final_ws/install/robile_description/share/robile_description//urdf/base_macros/materials.urdf.xacro
[4.701s] -- Symlinking: /home/md/amr_final_ws/install/robile_description/share/robile_description//urdf/base_macros/passive_caster_wheel.urdf.xacro
[4.735s] -- Symlinking: /home/md/amr_final_ws/install/robile_description/share/robile_description//urdf/robile_bricks/robile_active_wheel_brick.urdf.xacro
[4.774s] -- Symlinking: /home/md/amr_final_ws/install/robile_description/share/robile_description//urdf/robile_bricks/robile_cpu_brick.urdf.xacro
[4.811s] -- Symlinking: /home/md/amr_final_ws/install/robile_description/share/robile_description//urdf/robile_bricks/robile_empty_brick.urdf.xacro
[4.847s] -- Symlinking: /home/md/amr_final_ws/install/robile_description/share/robile_description//urdf/robile_bricks/robile_master_battery_brick.urdf.xacro
[4.884s] -- Symlinking: /home/md/amr_final_ws/install/robile_description/share/robile_description//urdf/robile_bricks/robile_passive_wheel_brick.urdf.xacro
[4.926s] -- Symlinking: /home/md/amr_final_ws/install/robile_description/share/robile_description//urdf/robile_bricks/robile_slave_battery_brick.urdf.xacro
[4.973s] -- Symlinking: /home/md/amr_final_ws/install/robile_description/share/robile_description//urdf/sensors/camera_front.gazebo.xacro
[5.006s] -- Symlinking: /home/md/amr_final_ws/install/robile_description/share/robile_description//urdf/sensors/camera_front.urdf.xacro
[5.045s] -- Symlinking: /home/md/amr_final_ws/install/robile_description/share/robile_description//urdf/sensors/hokuyo_urg04_laser.gazebo.xacro
[5.088s] -- Symlinking: /home/md/amr_final_ws/install/robile_description/share/robile_description//urdf/sensors/hokuyo_urg04_laser.urdf.xacro
[5.123s] -- Symlinking: /home/md/amr_final_ws/install/robile_description/share/robile_description//urdf/sensors/sick_lms1xx.urdf.xacro
[5.152s] -- Symlinking: /home/md/amr_final_ws/install/robile_description/share/robile_description//urdf/sensors/sick_lms1xx_mount.urdf.xacro
[5.179s] -- Symlinking: /home/md/amr_final_ws/install/robile_description/share/robile_description//gazebo/gazebo_robile.xacro
[5.203s] -- Symlinking: /home/md/amr_final_ws/install/robile_description/share/robile_description//gazebo/gazebo_robile_laser_scanner.xacro
[5.229s] -- Symlinking: /home/md/amr_final_ws/install/robile_description/share/robile_description//gazebo/gazebo_robile_laserscanner_camera.xacro
[5.256s] -- Symlinking: /home/md/amr_final_ws/install/robile_description/share/robile_description//gazebo/gazebo_ros_control.xacro
[5.286s] -- Symlinking: /home/md/amr_final_ws/install/robile_description/share/robile_description//gazebo/gazebo_ros_planar_move.xacro
[5.321s] -- Symlinking: /home/md/amr_final_ws/install/robile_description/share/ament_index/resource_index/package_run_dependencies/robile_description
[5.365s] -- Symlinking: /home/md/amr_final_ws/install/robile_description/share/ament_index/resource_index/parent_prefix_path/robile_description
[5.403s] -- Symlinking: /home/md/amr_final_ws/install/robile_description/share/robile_description/environment/ament_prefix_path.sh
[5.444s] -- Symlinking: /home/md/amr_final_ws/install/robile_description/share/robile_description/environment/ament_prefix_path.dsv
[5.482s] -- Symlinking: /home/md/amr_final_ws/install/robile_description/share/robile_description/environment/path.sh
[5.518s] -- Symlinking: /home/md/amr_final_ws/install/robile_description/share/robile_description/environment/path.dsv
[5.550s] -- Symlinking: /home/md/amr_final_ws/install/robile_description/share/robile_description/local_setup.bash
[5.586s] -- Symlinking: /home/md/amr_final_ws/install/robile_description/share/robile_description/local_setup.sh
[5.618s] -- Symlinking: /home/md/amr_final_ws/install/robile_description/share/robile_description/local_setup.zsh
[5.652s] -- Symlinking: /home/md/amr_final_ws/install/robile_description/share/robile_description/local_setup.dsv
[5.684s] -- Symlinking: /home/md/amr_final_ws/install/robile_description/share/robile_description/package.dsv
[5.717s] -- Symlinking: /home/md/amr_final_ws/install/robile_description/share/ament_index/resource_index/packages/robile_description
[5.755s] -- Symlinking: /home/md/amr_final_ws/install/robile_description/share/robile_description/cmake/robile_descriptionConfig.cmake
[5.796s] -- Symlinking: /home/md/amr_final_ws/install/robile_description/share/robile_description/cmake/robile_descriptionConfig-version.cmake
[5.832s] -- Symlinking: /home/md/amr_final_ws/install/robile_description/share/robile_description/package.xml
[5.878s] Invoked command in '/home/md/amr_final_ws/build/robile_description' returned '0': CMAKE_PREFIX_PATH=/home/md/amr_final_ws/install/robile_navigation:/home/md/amr_final_ws/install/robile_interfaces:/home/md/amr_final_ws/install/robile_gazebo:/home/md/amr_final_ws/install/robile_description:/home/md/robile_ser_ws/install/diff_robot:/home/md/ros2_robot_ws/install/robot_task_pkg:/home/md/ros2_robot_ws/install/place_pkg:/home/md/ros2_robot_ws/install/pick_pkg:/home/md/ros2_robot_ws/install/perceive_plane_pkg:/home/md/ros2_robot_ws/install/move_pkg:/home/md/Desktop/ros2_ws/install/test_package:/home/md/Desktop/ros2_ws/install/gazebo_motion_nodes:/opt/ros/humble:/home/md/ros2_robot_ws/install/robot_interfaces /usr/bin/cmake --install /home/md/amr_final_ws/build/robile_description
