[0.353s] DEBUG:colcon:Command line arguments: ['/usr/bin/colcon', 'build']
[0.353s] DEBUG:colcon:Parsed command line arguments: Namespace(log_base=None, log_level=None, verb_name='build', build_base='build', install_base='install', merge_install=False, symlink_install=False, test_result_base=None, continue_on_error=False, executor='parallel', parallel_workers=8, event_handlers=None, ignore_user_meta=False, metas=['./colcon.meta'], base_paths=['.'], packages_ignore=None, packages_ignore_regex=None, paths=None, packages_up_to=None, packages_up_to_regex=None, packages_above=None, packages_above_and_dependencies=None, packages_above_depth=None, packages_select_by_dep=None, packages_skip_by_dep=None, packages_skip_up_to=None, packages_select_build_failed=False, packages_skip_build_finished=False, packages_select_test_failures=False, packages_skip_test_passed=False, packages_select=None, packages_skip=None, packages_select_regex=None, packages_skip_regex=None, packages_start=None, packages_end=None, allow_overriding=[], cmake_args=None, cmake_target=None, cmake_target_skip_unavailable=False, cmake_clean_cache=False, cmake_clean_first=False, cmake_force_configure=False, ament_cmake_args=None, catkin_cmake_args=None, catkin_skip_building_tests=False, verb_parser=<colcon_defaults.argument_parser.defaults.DefaultArgumentsDecorator object at 0x7521fcf90a30>, verb_extension=<colcon_core.verb.build.BuildVerb object at 0x7521fcf90460>, main=<bound method BuildVerb.main of <colcon_core.verb.build.BuildVerb object at 0x7521fcf90460>>)
[1.030s] Level 1:colcon.colcon_core.package_discovery:discover_packages(colcon_meta) check parameters
[1.030s] Level 1:colcon.colcon_core.package_discovery:discover_packages(recursive) check parameters
[1.030s] Level 1:colcon.colcon_core.package_discovery:discover_packages(ignore) check parameters
[1.030s] Level 1:colcon.colcon_core.package_discovery:discover_packages(path) check parameters
[1.031s] Level 1:colcon.colcon_core.package_discovery:discover_packages(colcon_meta) discover
[1.031s] Level 1:colcon.colcon_core.package_discovery:discover_packages(recursive) discover
[1.031s] INFO:colcon.colcon_core.package_discovery:Crawling recursively for packages in '/home/md/amr_final_ws'
[1.031s] Level 1:colcon.colcon_core.package_identification:_identify(.) by extensions ['ignore', 'ignore_ament_install']
[1.031s] Level 1:colcon.colcon_core.package_identification:_identify(.) by extension 'ignore'
[1.031s] Level 1:colcon.colcon_core.package_identification:_identify(.) by extension 'ignore_ament_install'
[1.031s] Level 1:colcon.colcon_core.package_identification:_identify(.) by extensions ['colcon_pkg']
[1.031s] Level 1:colcon.colcon_core.package_identification:_identify(.) by extension 'colcon_pkg'
[1.031s] Level 1:colcon.colcon_core.package_identification:_identify(.) by extensions ['colcon_meta']
[1.031s] Level 1:colcon.colcon_core.package_identification:_identify(.) by extension 'colcon_meta'
[1.031s] Level 1:colcon.colcon_core.package_identification:_identify(.) by extensions ['ros']
[1.031s] Level 1:colcon.colcon_core.package_identification:_identify(.) by extension 'ros'
[1.116s] Level 1:colcon.colcon_core.package_identification:_identify(.) by extensions ['cmake', 'python']
[1.116s] Level 1:colcon.colcon_core.package_identification:_identify(.) by extension 'cmake'
[1.116s] Level 1:colcon.colcon_core.package_identification:_identify(.) by extension 'python'
[1.116s] Level 1:colcon.colcon_core.package_identification:_identify(.) by extensions ['python_setup_py']
[1.116s] Level 1:colcon.colcon_core.package_identification:_identify(.) by extension 'python_setup_py'
[1.116s] Level 1:colcon.colcon_core.package_identification:_identify(build) by extensions ['ignore', 'ignore_ament_install']
[1.117s] Level 1:colcon.colcon_core.package_identification:_identify(build) by extension 'ignore'
[1.117s] Level 1:colcon.colcon_core.package_identification:_identify(build) ignored
[1.117s] Level 1:colcon.colcon_core.package_identification:_identify(install) by extensions ['ignore', 'ignore_ament_install']
[1.117s] Level 1:colcon.colcon_core.package_identification:_identify(install) by extension 'ignore'
[1.118s] Level 1:colcon.colcon_core.package_identification:_identify(install) ignored
[1.118s] Level 1:colcon.colcon_core.package_identification:_identify(log) by extensions ['ignore', 'ignore_ament_install']
[1.118s] Level 1:colcon.colcon_core.package_identification:_identify(log) by extension 'ignore'
[1.118s] Level 1:colcon.colcon_core.package_identification:_identify(log) ignored
[1.119s] Level 1:colcon.colcon_core.package_identification:_identify(src) by extensions ['ignore', 'ignore_ament_install']
[1.119s] Level 1:colcon.colcon_core.package_identification:_identify(src) by extension 'ignore'
[1.119s] Level 1:colcon.colcon_core.package_identification:_identify(src) by extension 'ignore_ament_install'
[1.119s] Level 1:colcon.colcon_core.package_identification:_identify(src) by extensions ['colcon_pkg']
[1.120s] Level 1:colcon.colcon_core.package_identification:_identify(src) by extension 'colcon_pkg'
[1.120s] Level 1:colcon.colcon_core.package_identification:_identify(src) by extensions ['colcon_meta']
[1.120s] Level 1:colcon.colcon_core.package_identification:_identify(src) by extension 'colcon_meta'
[1.120s] Level 1:colcon.colcon_core.package_identification:_identify(src) by extensions ['ros']
[1.120s] Level 1:colcon.colcon_core.package_identification:_identify(src) by extension 'ros'
[1.120s] Level 1:colcon.colcon_core.package_identification:_identify(src) by extensions ['cmake', 'python']
[1.120s] Level 1:colcon.colcon_core.package_identification:_identify(src) by extension 'cmake'
[1.120s] Level 1:colcon.colcon_core.package_identification:_identify(src) by extension 'python'
[1.120s] Level 1:colcon.colcon_core.package_identification:_identify(src) by extensions ['python_setup_py']
[1.120s] Level 1:colcon.colcon_core.package_identification:_identify(src) by extension 'python_setup_py'
[1.123s] Level 1:colcon.colcon_core.package_identification:_identify(src/kelo_tulip) by extensions ['ignore', 'ignore_ament_install']
[1.124s] Level 1:colcon.colcon_core.package_identification:_identify(src/kelo_tulip) by extension 'ignore'
[1.124s] Level 1:colcon.colcon_core.package_identification:_identify(src/kelo_tulip) by extension 'ignore_ament_install'
[1.125s] Level 1:colcon.colcon_core.package_identification:_identify(src/kelo_tulip) by extensions ['colcon_pkg']
[1.125s] Level 1:colcon.colcon_core.package_identification:_identify(src/kelo_tulip) by extension 'colcon_pkg'
[1.125s] Level 1:colcon.colcon_core.package_identification:_identify(src/kelo_tulip) by extensions ['colcon_meta']
[1.125s] Level 1:colcon.colcon_core.package_identification:_identify(src/kelo_tulip) by extension 'colcon_meta'
[1.125s] Level 1:colcon.colcon_core.package_identification:_identify(src/kelo_tulip) by extensions ['ros']
[1.125s] Level 1:colcon.colcon_core.package_identification:_identify(src/kelo_tulip) by extension 'ros'
[1.130s] DEBUG:colcon.colcon_core.package_identification:Package 'src/kelo_tulip' with type 'ros.catkin' and name 'kelo_tulip'
[1.131s] Level 1:colcon.colcon_core.package_identification:_identify(src/robile_description) by extensions ['ignore', 'ignore_ament_install']
[1.131s] Level 1:colcon.colcon_core.package_identification:_identify(src/robile_description) by extension 'ignore'
[1.131s] Level 1:colcon.colcon_core.package_identification:_identify(src/robile_description) by extension 'ignore_ament_install'
[1.131s] Level 1:colcon.colcon_core.package_identification:_identify(src/robile_description) by extensions ['colcon_pkg']
[1.131s] Level 1:colcon.colcon_core.package_identification:_identify(src/robile_description) by extension 'colcon_pkg'
[1.131s] Level 1:colcon.colcon_core.package_identification:_identify(src/robile_description) by extensions ['colcon_meta']
[1.131s] Level 1:colcon.colcon_core.package_identification:_identify(src/robile_description) by extension 'colcon_meta'
[1.131s] Level 1:colcon.colcon_core.package_identification:_identify(src/robile_description) by extensions ['ros']
[1.131s] Level 1:colcon.colcon_core.package_identification:_identify(src/robile_description) by extension 'ros'
[1.133s] DEBUG:colcon.colcon_core.package_identification:Package 'src/robile_description' with type 'ros.ament_cmake' and name 'robile_description'
[1.135s] Level 1:colcon.colcon_core.package_identification:_identify(src/robile_gazebo) by extensions ['ignore', 'ignore_ament_install']
[1.135s] Level 1:colcon.colcon_core.package_identification:_identify(src/robile_gazebo) by extension 'ignore'
[1.135s] Level 1:colcon.colcon_core.package_identification:_identify(src/robile_gazebo) by extension 'ignore_ament_install'
[1.135s] Level 1:colcon.colcon_core.package_identification:_identify(src/robile_gazebo) by extensions ['colcon_pkg']
[1.136s] Level 1:colcon.colcon_core.package_identification:_identify(src/robile_gazebo) by extension 'colcon_pkg'
[1.136s] Level 1:colcon.colcon_core.package_identification:_identify(src/robile_gazebo) by extensions ['colcon_meta']
[1.136s] Level 1:colcon.colcon_core.package_identification:_identify(src/robile_gazebo) by extension 'colcon_meta'
[1.136s] Level 1:colcon.colcon_core.package_identification:_identify(src/robile_gazebo) by extensions ['ros']
[1.136s] Level 1:colcon.colcon_core.package_identification:_identify(src/robile_gazebo) by extension 'ros'
[1.141s] DEBUG:colcon.colcon_core.package_identification:Package 'src/robile_gazebo' with type 'ros.ament_cmake' and name 'robile_gazebo'
[1.142s] Level 1:colcon.colcon_core.package_identification:_identify(src/robile_interfaces) by extensions ['ignore', 'ignore_ament_install']
[1.142s] Level 1:colcon.colcon_core.package_identification:_identify(src/robile_interfaces) by extension 'ignore'
[1.142s] Level 1:colcon.colcon_core.package_identification:_identify(src/robile_interfaces) by extension 'ignore_ament_install'
[1.142s] Level 1:colcon.colcon_core.package_identification:_identify(src/robile_interfaces) by extensions ['colcon_pkg']
[1.142s] Level 1:colcon.colcon_core.package_identification:_identify(src/robile_interfaces) by extension 'colcon_pkg'
[1.142s] Level 1:colcon.colcon_core.package_identification:_identify(src/robile_interfaces) by extensions ['colcon_meta']
[1.142s] Level 1:colcon.colcon_core.package_identification:_identify(src/robile_interfaces) by extension 'colcon_meta'
[1.142s] Level 1:colcon.colcon_core.package_identification:_identify(src/robile_interfaces) by extensions ['ros']
[1.142s] Level 1:colcon.colcon_core.package_identification:_identify(src/robile_interfaces) by extension 'ros'
[1.144s] DEBUG:colcon.colcon_core.package_identification:Package 'src/robile_interfaces' with type 'ros.ament_cmake' and name 'robile_interfaces'
[1.144s] Level 1:colcon.colcon_core.package_identification:_identify(src/robile_navigation) by extensions ['ignore', 'ignore_ament_install']
[1.145s] Level 1:colcon.colcon_core.package_identification:_identify(src/robile_navigation) by extension 'ignore'
[1.145s] Level 1:colcon.colcon_core.package_identification:_identify(src/robile_navigation) by extension 'ignore_ament_install'
[1.145s] Level 1:colcon.colcon_core.package_identification:_identify(src/robile_navigation) by extensions ['colcon_pkg']
[1.145s] Level 1:colcon.colcon_core.package_identification:_identify(src/robile_navigation) by extension 'colcon_pkg'
[1.145s] Level 1:colcon.colcon_core.package_identification:_identify(src/robile_navigation) by extensions ['colcon_meta']
[1.145s] Level 1:colcon.colcon_core.package_identification:_identify(src/robile_navigation) by extension 'colcon_meta'
[1.145s] Level 1:colcon.colcon_core.package_identification:_identify(src/robile_navigation) by extensions ['ros']
[1.145s] Level 1:colcon.colcon_core.package_identification:_identify(src/robile_navigation) by extension 'ros'
[1.147s] DEBUG:colcon.colcon_core.package_identification:Package 'src/robile_navigation' with type 'ros.ament_cmake' and name 'robile_navigation'
[1.148s] Level 1:colcon.colcon_core.package_identification:_identify(src/robile_planning) by extensions ['ignore', 'ignore_ament_install']
[1.148s] Level 1:colcon.colcon_core.package_identification:_identify(src/robile_planning) by extension 'ignore'
[1.148s] Level 1:colcon.colcon_core.package_identification:_identify(src/robile_planning) by extension 'ignore_ament_install'
[1.148s] Level 1:colcon.colcon_core.package_identification:_identify(src/robile_planning) by extensions ['colcon_pkg']
[1.148s] Level 1:colcon.colcon_core.package_identification:_identify(src/robile_planning) by extension 'colcon_pkg'
[1.148s] Level 1:colcon.colcon_core.package_identification:_identify(src/robile_planning) by extensions ['colcon_meta']
[1.148s] Level 1:colcon.colcon_core.package_identification:_identify(src/robile_planning) by extension 'colcon_meta'
[1.148s] Level 1:colcon.colcon_core.package_identification:_identify(src/robile_planning) by extensions ['ros']
[1.148s] Level 1:colcon.colcon_core.package_identification:_identify(src/robile_planning) by extension 'ros'
[1.150s] DEBUG:colcon.colcon_core.package_identification:Package 'src/robile_planning' with type 'ros.ament_python' and name 'robile_planning'
[1.150s] Level 1:colcon.colcon_core.package_discovery:discover_packages(recursive) using defaults
[1.151s] Level 1:colcon.colcon_core.package_discovery:discover_packages(ignore) discover
[1.151s] Level 1:colcon.colcon_core.package_discovery:discover_packages(ignore) using defaults
[1.151s] Level 1:colcon.colcon_core.package_discovery:discover_packages(path) discover
[1.151s] Level 1:colcon.colcon_core.package_discovery:discover_packages(path) using defaults
[1.215s] Level 1:colcon.colcon_core.package_discovery:discover_packages(prefix_path) check parameters
[1.215s] Level 1:colcon.colcon_core.package_discovery:discover_packages(prefix_path) discover
[1.229s] DEBUG:colcon.colcon_installed_package_information.package_discovery:Found 1 installed packages in /home/md/robile_ser_ws/install
[1.231s] DEBUG:colcon.colcon_installed_package_information.package_discovery:Found 6 installed packages in /home/md/ros2_robot_ws/install
[1.233s] DEBUG:colcon.colcon_installed_package_information.package_discovery:Found 2 installed packages in /home/md/Desktop/ros2_ws/install
[1.237s] DEBUG:colcon.colcon_installed_package_information.package_discovery:Found 426 installed packages in /opt/ros/humble
[1.240s] Level 1:colcon.colcon_core.package_discovery:discover_packages(prefix_path) using defaults
[1.363s] Level 5:colcon.colcon_core.verb:set package 'kelo_tulip' build argument 'cmake_args' from command line to 'None'
[1.363s] Level 5:colcon.colcon_core.verb:set package 'kelo_tulip' build argument 'cmake_target' from command line to 'None'
[1.363s] Level 5:colcon.colcon_core.verb:set package 'kelo_tulip' build argument 'cmake_target_skip_unavailable' from command line to 'False'
[1.363s] Level 5:colcon.colcon_core.verb:set package 'kelo_tulip' build argument 'cmake_clean_cache' from command line to 'False'
[1.363s] Level 5:colcon.colcon_core.verb:set package 'kelo_tulip' build argument 'cmake_clean_first' from command line to 'False'
[1.363s] Level 5:colcon.colcon_core.verb:set package 'kelo_tulip' build argument 'cmake_force_configure' from command line to 'False'
[1.363s] Level 5:colcon.colcon_core.verb:set package 'kelo_tulip' build argument 'ament_cmake_args' from command line to 'None'
[1.363s] Level 5:colcon.colcon_core.verb:set package 'kelo_tulip' build argument 'catkin_cmake_args' from command line to 'None'
[1.363s] Level 5:colcon.colcon_core.verb:set package 'kelo_tulip' build argument 'catkin_skip_building_tests' from command line to 'False'
[1.363s] DEBUG:colcon.colcon_core.verb:Building package 'kelo_tulip' with the following arguments: {'ament_cmake_args': None, 'build_base': '/home/md/amr_final_ws/build/kelo_tulip', 'catkin_cmake_args': None, 'catkin_skip_building_tests': False, 'cmake_args': None, 'cmake_clean_cache': False, 'cmake_clean_first': False, 'cmake_force_configure': False, 'cmake_target': None, 'cmake_target_skip_unavailable': False, 'install_base': '/home/md/amr_final_ws/install/kelo_tulip', 'merge_install': False, 'path': '/home/md/amr_final_ws/src/kelo_tulip', 'symlink_install': False, 'test_result_base': None}
[1.364s] Level 5:colcon.colcon_core.verb:set package 'robile_description' build argument 'cmake_args' from command line to 'None'
[1.364s] Level 5:colcon.colcon_core.verb:set package 'robile_description' build argument 'cmake_target' from command line to 'None'
[1.364s] Level 5:colcon.colcon_core.verb:set package 'robile_description' build argument 'cmake_target_skip_unavailable' from command line to 'False'
[1.364s] Level 5:colcon.colcon_core.verb:set package 'robile_description' build argument 'cmake_clean_cache' from command line to 'False'
[1.364s] Level 5:colcon.colcon_core.verb:set package 'robile_description' build argument 'cmake_clean_first' from command line to 'False'
[1.364s] Level 5:colcon.colcon_core.verb:set package 'robile_description' build argument 'cmake_force_configure' from command line to 'False'
[1.364s] Level 5:colcon.colcon_core.verb:set package 'robile_description' build argument 'ament_cmake_args' from command line to 'None'
[1.364s] Level 5:colcon.colcon_core.verb:set package 'robile_description' build argument 'catkin_cmake_args' from command line to 'None'
[1.364s] Level 5:colcon.colcon_core.verb:set package 'robile_description' build argument 'catkin_skip_building_tests' from command line to 'False'
[1.364s] DEBUG:colcon.colcon_core.verb:Building package 'robile_description' with the following arguments: {'ament_cmake_args': None, 'build_base': '/home/md/amr_final_ws/build/robile_description', 'catkin_cmake_args': None, 'catkin_skip_building_tests': False, 'cmake_args': None, 'cmake_clean_cache': False, 'cmake_clean_first': False, 'cmake_force_configure': False, 'cmake_target': None, 'cmake_target_skip_unavailable': False, 'install_base': '/home/md/amr_final_ws/install/robile_description', 'merge_install': False, 'path': '/home/md/amr_final_ws/src/robile_description', 'symlink_install': False, 'test_result_base': None}
[1.364s] Level 5:colcon.colcon_core.verb:set package 'robile_interfaces' build argument 'cmake_args' from command line to 'None'
[1.364s] Level 5:colcon.colcon_core.verb:set package 'robile_interfaces' build argument 'cmake_target' from command line to 'None'
[1.365s] Level 5:colcon.colcon_core.verb:set package 'robile_interfaces' build argument 'cmake_target_skip_unavailable' from command line to 'False'
[1.365s] Level 5:colcon.colcon_core.verb:set package 'robile_interfaces' build argument 'cmake_clean_cache' from command line to 'False'
[1.365s] Level 5:colcon.colcon_core.verb:set package 'robile_interfaces' build argument 'cmake_clean_first' from command line to 'False'
[1.365s] Level 5:colcon.colcon_core.verb:set package 'robile_interfaces' build argument 'cmake_force_configure' from command line to 'False'
[1.365s] Level 5:colcon.colcon_core.verb:set package 'robile_interfaces' build argument 'ament_cmake_args' from command line to 'None'
[1.365s] Level 5:colcon.colcon_core.verb:set package 'robile_interfaces' build argument 'catkin_cmake_args' from command line to 'None'
[1.365s] Level 5:colcon.colcon_core.verb:set package 'robile_interfaces' build argument 'catkin_skip_building_tests' from command line to 'False'
[1.365s] DEBUG:colcon.colcon_core.verb:Building package 'robile_interfaces' with the following arguments: {'ament_cmake_args': None, 'build_base': '/home/md/amr_final_ws/build/robile_interfaces', 'catkin_cmake_args': None, 'catkin_skip_building_tests': False, 'cmake_args': None, 'cmake_clean_cache': False, 'cmake_clean_first': False, 'cmake_force_configure': False, 'cmake_target': None, 'cmake_target_skip_unavailable': False, 'install_base': '/home/md/amr_final_ws/install/robile_interfaces', 'merge_install': False, 'path': '/home/md/amr_final_ws/src/robile_interfaces', 'symlink_install': False, 'test_result_base': None}
[1.365s] Level 5:colcon.colcon_core.verb:set package 'robile_planning' build argument 'cmake_args' from command line to 'None'
[1.365s] Level 5:colcon.colcon_core.verb:set package 'robile_planning' build argument 'cmake_target' from command line to 'None'
[1.365s] Level 5:colcon.colcon_core.verb:set package 'robile_planning' build argument 'cmake_target_skip_unavailable' from command line to 'False'
[1.365s] Level 5:colcon.colcon_core.verb:set package 'robile_planning' build argument 'cmake_clean_cache' from command line to 'False'
[1.365s] Level 5:colcon.colcon_core.verb:set package 'robile_planning' build argument 'cmake_clean_first' from command line to 'False'
[1.365s] Level 5:colcon.colcon_core.verb:set package 'robile_planning' build argument 'cmake_force_configure' from command line to 'False'
[1.365s] Level 5:colcon.colcon_core.verb:set package 'robile_planning' build argument 'ament_cmake_args' from command line to 'None'
[1.365s] Level 5:colcon.colcon_core.verb:set package 'robile_planning' build argument 'catkin_cmake_args' from command line to 'None'
[1.365s] Level 5:colcon.colcon_core.verb:set package 'robile_planning' build argument 'catkin_skip_building_tests' from command line to 'False'
[1.365s] DEBUG:colcon.colcon_core.verb:Building package 'robile_planning' with the following arguments: {'ament_cmake_args': None, 'build_base': '/home/md/amr_final_ws/build/robile_planning', 'catkin_cmake_args': None, 'catkin_skip_building_tests': False, 'cmake_args': None, 'cmake_clean_cache': False, 'cmake_clean_first': False, 'cmake_force_configure': False, 'cmake_target': None, 'cmake_target_skip_unavailable': False, 'install_base': '/home/md/amr_final_ws/install/robile_planning', 'merge_install': False, 'path': '/home/md/amr_final_ws/src/robile_planning', 'symlink_install': False, 'test_result_base': None}
[1.366s] Level 5:colcon.colcon_core.verb:set package 'robile_gazebo' build argument 'cmake_args' from command line to 'None'
[1.366s] Level 5:colcon.colcon_core.verb:set package 'robile_gazebo' build argument 'cmake_target' from command line to 'None'
[1.366s] Level 5:colcon.colcon_core.verb:set package 'robile_gazebo' build argument 'cmake_target_skip_unavailable' from command line to 'False'
[1.366s] Level 5:colcon.colcon_core.verb:set package 'robile_gazebo' build argument 'cmake_clean_cache' from command line to 'False'
[1.366s] Level 5:colcon.colcon_core.verb:set package 'robile_gazebo' build argument 'cmake_clean_first' from command line to 'False'
[1.366s] Level 5:colcon.colcon_core.verb:set package 'robile_gazebo' build argument 'cmake_force_configure' from command line to 'False'
[1.366s] Level 5:colcon.colcon_core.verb:set package 'robile_gazebo' build argument 'ament_cmake_args' from command line to 'None'
[1.366s] Level 5:colcon.colcon_core.verb:set package 'robile_gazebo' build argument 'catkin_cmake_args' from command line to 'None'
[1.366s] Level 5:colcon.colcon_core.verb:set package 'robile_gazebo' build argument 'catkin_skip_building_tests' from command line to 'False'
[1.366s] DEBUG:colcon.colcon_core.verb:Building package 'robile_gazebo' with the following arguments: {'ament_cmake_args': None, 'build_base': '/home/md/amr_final_ws/build/robile_gazebo', 'catkin_cmake_args': None, 'catkin_skip_building_tests': False, 'cmake_args': None, 'cmake_clean_cache': False, 'cmake_clean_first': False, 'cmake_force_configure': False, 'cmake_target': None, 'cmake_target_skip_unavailable': False, 'install_base': '/home/md/amr_final_ws/install/robile_gazebo', 'merge_install': False, 'path': '/home/md/amr_final_ws/src/robile_gazebo', 'symlink_install': False, 'test_result_base': None}
[1.367s] Level 5:colcon.colcon_core.verb:set package 'robile_navigation' build argument 'cmake_args' from command line to 'None'
[1.367s] Level 5:colcon.colcon_core.verb:set package 'robile_navigation' build argument 'cmake_target' from command line to 'None'
[1.367s] Level 5:colcon.colcon_core.verb:set package 'robile_navigation' build argument 'cmake_target_skip_unavailable' from command line to 'False'
[1.367s] Level 5:colcon.colcon_core.verb:set package 'robile_navigation' build argument 'cmake_clean_cache' from command line to 'False'
[1.367s] Level 5:colcon.colcon_core.verb:set package 'robile_navigation' build argument 'cmake_clean_first' from command line to 'False'
[1.367s] Level 5:colcon.colcon_core.verb:set package 'robile_navigation' build argument 'cmake_force_configure' from command line to 'False'
[1.367s] Level 5:colcon.colcon_core.verb:set package 'robile_navigation' build argument 'ament_cmake_args' from command line to 'None'
[1.367s] Level 5:colcon.colcon_core.verb:set package 'robile_navigation' build argument 'catkin_cmake_args' from command line to 'None'
[1.367s] Level 5:colcon.colcon_core.verb:set package 'robile_navigation' build argument 'catkin_skip_building_tests' from command line to 'False'
[1.367s] DEBUG:colcon.colcon_core.verb:Building package 'robile_navigation' with the following arguments: {'ament_cmake_args': None, 'build_base': '/home/md/amr_final_ws/build/robile_navigation', 'catkin_cmake_args': None, 'catkin_skip_building_tests': False, 'cmake_args': None, 'cmake_clean_cache': False, 'cmake_clean_first': False, 'cmake_force_configure': False, 'cmake_target': None, 'cmake_target_skip_unavailable': False, 'install_base': '/home/md/amr_final_ws/install/robile_navigation', 'merge_install': False, 'path': '/home/md/amr_final_ws/src/robile_navigation', 'symlink_install': False, 'test_result_base': None}
[1.367s] INFO:colcon.colcon_core.executor:Executing jobs using 'parallel' executor
[1.369s] DEBUG:colcon.colcon_parallel_executor.executor.parallel:run_until_complete
[1.369s] INFO:colcon.colcon_ros.task.ament_cmake.build:Building ROS package in '/home/md/amr_final_ws/src/robile_description' with build type 'ament_cmake'
[1.369s] INFO:colcon.colcon_cmake.task.cmake.build:Building CMake package in '/home/md/amr_final_ws/src/robile_description'
[1.377s] INFO:colcon.colcon_core.plugin_system:Skipping extension 'colcon_core.shell.bat': Not used on non-Windows systems
[1.377s] INFO:colcon.colcon_core.shell:Skip shell extension 'powershell' for command environment: Not usable outside of PowerShell
[1.377s] DEBUG:colcon.colcon_core.shell:Skip shell extension 'dsv' for command environment
[1.386s] INFO:colcon.colcon_ros.task.ament_cmake.build:Building ROS package in '/home/md/amr_final_ws/src/robile_interfaces' with build type 'ament_cmake'
[1.386s] INFO:colcon.colcon_cmake.task.cmake.build:Building CMake package in '/home/md/amr_final_ws/src/robile_interfaces'
[1.386s] INFO:colcon.colcon_core.shell:Skip shell extension 'powershell' for command environment: Not usable outside of PowerShell
[1.386s] DEBUG:colcon.colcon_core.shell:Skip shell extension 'dsv' for command environment
[1.397s] INFO:colcon.colcon_ros.task.catkin.build:Building ROS package in '/home/md/amr_final_ws/src/kelo_tulip' with build type 'catkin'
[1.398s] INFO:colcon.colcon_cmake.task.cmake.build:Building CMake package in '/home/md/amr_final_ws/src/kelo_tulip'
[1.398s] INFO:colcon.colcon_core.shell:Skip shell extension 'powershell' for command environment: Not usable outside of PowerShell
[1.398s] DEBUG:colcon.colcon_core.shell:Skip shell extension 'dsv' for command environment
[1.410s] INFO:colcon.colcon_ros.task.ament_python.build:Building ROS package in '/home/md/amr_final_ws/src/robile_planning' with build type 'ament_python'
[1.410s] Level 1:colcon.colcon_core.shell:create_environment_hook('robile_planning', 'ament_prefix_path')
[1.411s] INFO:colcon.colcon_core.shell:Creating environment hook '/home/md/amr_final_ws/install/robile_planning/share/robile_planning/hook/ament_prefix_path.ps1'
[1.412s] INFO:colcon.colcon_core.shell:Creating environment descriptor '/home/md/amr_final_ws/install/robile_planning/share/robile_planning/hook/ament_prefix_path.dsv'
[1.413s] INFO:colcon.colcon_core.shell:Creating environment hook '/home/md/amr_final_ws/install/robile_planning/share/robile_planning/hook/ament_prefix_path.sh'
[1.415s] INFO:colcon.colcon_core.shell:Skip shell extension 'powershell' for command environment: Not usable outside of PowerShell
[1.415s] DEBUG:colcon.colcon_core.shell:Skip shell extension 'dsv' for command environment
[1.432s] DEBUG:colcon.colcon_core.event_handler.log_command:Invoking command in '/home/md/amr_final_ws/build/robile_description': CMAKE_PREFIX_PATH=/home/md/robile_ser_ws/install/diff_robot:/home/md/ros2_robot_ws/install/robot_task_pkg:/home/md/ros2_robot_ws/install/place_pkg:/home/md/ros2_robot_ws/install/pick_pkg:/home/md/ros2_robot_ws/install/perceive_plane_pkg:/home/md/ros2_robot_ws/install/move_pkg:/home/md/Desktop/ros2_ws/install/test_package:/home/md/Desktop/ros2_ws/install/gazebo_motion_nodes:/opt/ros/humble:${CMAKE_PREFIX_PATH} /usr/bin/cmake /home/md/amr_final_ws/src/robile_description -DCMAKE_INSTALL_PREFIX=/home/md/amr_final_ws/install/robile_description
[1.445s] DEBUG:colcon.colcon_core.event_handler.log_command:Invoking command in '/home/md/amr_final_ws/build/robile_interfaces': CMAKE_PREFIX_PATH=/home/md/robile_ser_ws/install/diff_robot:/home/md/ros2_robot_ws/install/robot_task_pkg:/home/md/ros2_robot_ws/install/place_pkg:/home/md/ros2_robot_ws/install/pick_pkg:/home/md/ros2_robot_ws/install/perceive_plane_pkg:/home/md/ros2_robot_ws/install/move_pkg:/home/md/Desktop/ros2_ws/install/test_package:/home/md/Desktop/ros2_ws/install/gazebo_motion_nodes:/opt/ros/humble:${CMAKE_PREFIX_PATH} /usr/bin/cmake /home/md/amr_final_ws/src/robile_interfaces -DCMAKE_INSTALL_PREFIX=/home/md/amr_final_ws/install/robile_interfaces
[1.451s] DEBUG:colcon.colcon_core.event_handler.log_command:Invoking command in '/home/md/amr_final_ws/build/kelo_tulip': /usr/bin/cmake /home/md/amr_final_ws/src/kelo_tulip -DCATKIN_INSTALL_INTO_PREFIX_ROOT=0 -DCMAKE_INSTALL_PREFIX=/home/md/amr_final_ws/install/kelo_tulip
[2.653s] INFO:colcon.colcon_core.task.python.build:Building Python package in '/home/md/amr_final_ws/src/robile_planning'
[2.654s] INFO:colcon.colcon_core.shell:Skip shell extension 'powershell' for command environment: Not usable outside of PowerShell
[2.654s] DEBUG:colcon.colcon_core.shell:Skip shell extension 'dsv' for command environment
[2.685s] DEBUG:colcon.colcon_core.event_handler.log_command:Invoked command in '/home/md/amr_final_ws/build/robile_description' returned '0': CMAKE_PREFIX_PATH=/home/md/robile_ser_ws/install/diff_robot:/home/md/ros2_robot_ws/install/robot_task_pkg:/home/md/ros2_robot_ws/install/place_pkg:/home/md/ros2_robot_ws/install/pick_pkg:/home/md/ros2_robot_ws/install/perceive_plane_pkg:/home/md/ros2_robot_ws/install/move_pkg:/home/md/Desktop/ros2_ws/install/test_package:/home/md/Desktop/ros2_ws/install/gazebo_motion_nodes:/opt/ros/humble:${CMAKE_PREFIX_PATH} /usr/bin/cmake /home/md/amr_final_ws/src/robile_description -DCMAKE_INSTALL_PREFIX=/home/md/amr_final_ws/install/robile_description
[2.701s] DEBUG:colcon.colcon_core.event_handler.log_command:Invoking command in '/home/md/amr_final_ws/build/robile_description': CMAKE_PREFIX_PATH=/home/md/robile_ser_ws/install/diff_robot:/home/md/ros2_robot_ws/install/robot_task_pkg:/home/md/ros2_robot_ws/install/place_pkg:/home/md/ros2_robot_ws/install/pick_pkg:/home/md/ros2_robot_ws/install/perceive_plane_pkg:/home/md/ros2_robot_ws/install/move_pkg:/home/md/Desktop/ros2_ws/install/test_package:/home/md/Desktop/ros2_ws/install/gazebo_motion_nodes:/opt/ros/humble:${CMAKE_PREFIX_PATH} /usr/bin/cmake --build /home/md/amr_final_ws/build/robile_description -- -j8 -l8
[2.898s] DEBUG:colcon.colcon_core.event_handler.log_command:Invoked command in '/home/md/amr_final_ws/build/robile_description' returned '0': CMAKE_PREFIX_PATH=/home/md/robile_ser_ws/install/diff_robot:/home/md/ros2_robot_ws/install/robot_task_pkg:/home/md/ros2_robot_ws/install/place_pkg:/home/md/ros2_robot_ws/install/pick_pkg:/home/md/ros2_robot_ws/install/perceive_plane_pkg:/home/md/ros2_robot_ws/install/move_pkg:/home/md/Desktop/ros2_ws/install/test_package:/home/md/Desktop/ros2_ws/install/gazebo_motion_nodes:/opt/ros/humble:${CMAKE_PREFIX_PATH} /usr/bin/cmake --build /home/md/amr_final_ws/build/robile_description -- -j8 -l8
[2.958s] DEBUG:colcon.colcon_core.event_handler.log_command:Invoking command in '/home/md/amr_final_ws/build/robile_description': CMAKE_PREFIX_PATH=/home/md/robile_ser_ws/install/diff_robot:/home/md/ros2_robot_ws/install/robot_task_pkg:/home/md/ros2_robot_ws/install/place_pkg:/home/md/ros2_robot_ws/install/pick_pkg:/home/md/ros2_robot_ws/install/perceive_plane_pkg:/home/md/ros2_robot_ws/install/move_pkg:/home/md/Desktop/ros2_ws/install/test_package:/home/md/Desktop/ros2_ws/install/gazebo_motion_nodes:/opt/ros/humble:${CMAKE_PREFIX_PATH} /usr/bin/cmake --install /home/md/amr_final_ws/build/robile_description
[2.980s] DEBUG:colcon.colcon_core.event_handler.log_command:Invoked command in '/home/md/amr_final_ws/build/kelo_tulip' returned '1': /usr/bin/cmake /home/md/amr_final_ws/src/kelo_tulip -DCATKIN_INSTALL_INTO_PREFIX_ROOT=0 -DCMAKE_INSTALL_PREFIX=/home/md/amr_final_ws/install/kelo_tulip
[3.033s] Level 1:colcon.colcon_core.environment:create_environment_scripts_only(kelo_tulip)
[3.069s] Level 1:colcon.colcon_core.environment:checking '/home/md/amr_final_ws/install/kelo_tulip' for CMake module files
[3.071s] Level 1:colcon.colcon_core.environment:checking '/home/md/amr_final_ws/install/kelo_tulip' for CMake config files
[3.078s] Level 1:colcon.colcon_core.environment:checking '/home/md/amr_final_ws/install/kelo_tulip/bin'
[3.078s] Level 1:colcon.colcon_core.environment:checking '/home/md/amr_final_ws/install/kelo_tulip/lib/pkgconfig/kelo_tulip.pc'
[3.079s] Level 1:colcon.colcon_core.environment:checking '/home/md/amr_final_ws/install/kelo_tulip/lib/python3.10/site-packages'
[3.081s] Level 1:colcon.colcon_core.environment:checking '/home/md/amr_final_ws/install/kelo_tulip/bin'
[3.081s] INFO:colcon.colcon_core.shell:Creating package script '/home/md/amr_final_ws/install/kelo_tulip/share/kelo_tulip/package.ps1'
[3.085s] INFO:colcon.colcon_core.shell:Creating package descriptor '/home/md/amr_final_ws/install/kelo_tulip/share/kelo_tulip/package.dsv'
[3.086s] INFO:colcon.colcon_core.shell:Creating package script '/home/md/amr_final_ws/install/kelo_tulip/share/kelo_tulip/package.sh'
[3.095s] INFO:colcon.colcon_core.shell:Creating package script '/home/md/amr_final_ws/install/kelo_tulip/share/kelo_tulip/package.bash'
[3.097s] INFO:colcon.colcon_core.shell:Creating package script '/home/md/amr_final_ws/install/kelo_tulip/share/kelo_tulip/package.zsh'
[3.100s] Level 1:colcon.colcon_core.environment:create_file_with_runtime_dependencies(/home/md/amr_final_ws/install/kelo_tulip/share/colcon-core/packages/kelo_tulip)
[6.400s] DEBUG:colcon.colcon_parallel_executor.executor.parallel:closing loop
[6.401s] DEBUG:colcon.colcon_parallel_executor.executor.parallel:loop closed
[6.404s] DEBUG:colcon.colcon_parallel_executor.executor.parallel:run_until_complete finished with '1'
[6.404s] DEBUG:colcon.colcon_core.event_reactor:joining thread
[6.426s] INFO:colcon.colcon_core.plugin_system:Skipping extension 'colcon_notification.desktop_notification.terminal_notifier': Not used on non-Darwin systems
[6.427s] INFO:colcon.colcon_core.plugin_system:Skipping extension 'colcon_notification.desktop_notification.win32': Not used on non-Windows systems
[6.427s] INFO:colcon.colcon_notification.desktop_notification:Sending desktop notification using 'notify2'
[6.466s] DEBUG:colcon.colcon_core.event_reactor:joined thread
[6.468s] INFO:colcon.colcon_core.shell:Creating prefix script '/home/md/amr_final_ws/install/local_setup.ps1'
[6.475s] INFO:colcon.colcon_core.shell:Creating prefix util module '/home/md/amr_final_ws/install/_local_setup_util_ps1.py'
[6.480s] INFO:colcon.colcon_core.shell:Creating prefix chain script '/home/md/amr_final_ws/install/setup.ps1'
[6.490s] INFO:colcon.colcon_core.shell:Creating prefix script '/home/md/amr_final_ws/install/local_setup.sh'
[6.492s] INFO:colcon.colcon_core.shell:Creating prefix util module '/home/md/amr_final_ws/install/_local_setup_util_sh.py'
[6.494s] INFO:colcon.colcon_core.shell:Creating prefix chain script '/home/md/amr_final_ws/install/setup.sh'
[6.503s] INFO:colcon.colcon_core.shell:Creating prefix script '/home/md/amr_final_ws/install/local_setup.bash'
[6.505s] INFO:colcon.colcon_core.shell:Creating prefix chain script '/home/md/amr_final_ws/install/setup.bash'
[6.508s] INFO:colcon.colcon_core.shell:Creating prefix script '/home/md/amr_final_ws/install/local_setup.zsh'
[6.510s] INFO:colcon.colcon_core.shell:Creating prefix chain script '/home/md/amr_final_ws/install/setup.zsh'
