[0.470s] DEBUG:colcon:Command line arguments: ['/usr/bin/colcon', 'build', '--packages-select', 'robile_planning', '--symlink-install']
[0.470s] DEBUG:colcon:Parsed command line arguments: Namespace(log_base=None, log_level=None, verb_name='build', build_base='build', install_base='install', merge_install=False, symlink_install=True, test_result_base=None, continue_on_error=False, executor='parallel', parallel_workers=8, event_handlers=None, ignore_user_meta=False, metas=['./colcon.meta'], base_paths=['.'], packages_ignore=None, packages_ignore_regex=None, paths=None, packages_up_to=None, packages_up_to_regex=None, packages_above=None, packages_above_and_dependencies=None, packages_above_depth=None, packages_select_by_dep=None, packages_skip_by_dep=None, packages_skip_up_to=None, packages_select_build_failed=False, packages_skip_build_finished=False, packages_select_test_failures=False, packages_skip_test_passed=False, packages_select=['robile_planning'], packages_skip=None, packages_select_regex=None, packages_skip_regex=None, packages_start=None, packages_end=None, allow_overriding=[], cmake_args=None, cmake_target=None, cmake_target_skip_unavailable=False, cmake_clean_cache=False, cmake_clean_first=False, cmake_force_configure=False, ament_cmake_args=None, catkin_cmake_args=None, catkin_skip_building_tests=False, verb_parser=<colcon_defaults.argument_parser.defaults.DefaultArgumentsDecorator object at 0x74e5a94655a0>, verb_extension=<colcon_core.verb.build.BuildVerb object at 0x74e5a9464fd0>, main=<bound method BuildVerb.main of <colcon_core.verb.build.BuildVerb object at 0x74e5a9464fd0>>)
[1.407s] Level 1:colcon.colcon_core.package_discovery:discover_packages(colcon_meta) check parameters
[1.408s] Level 1:colcon.colcon_core.package_discovery:discover_packages(recursive) check parameters
[1.408s] Level 1:colcon.colcon_core.package_discovery:discover_packages(ignore) check parameters
[1.408s] Level 1:colcon.colcon_core.package_discovery:discover_packages(path) check parameters
[1.408s] Level 1:colcon.colcon_core.package_discovery:discover_packages(colcon_meta) discover
[1.408s] Level 1:colcon.colcon_core.package_discovery:discover_packages(recursive) discover
[1.408s] INFO:colcon.colcon_core.package_discovery:Crawling recursively for packages in '/home/md/amr_final_ws'
[1.409s] Level 1:colcon.colcon_core.package_identification:_identify(.) by extensions ['ignore', 'ignore_ament_install']
[1.409s] Level 1:colcon.colcon_core.package_identification:_identify(.) by extension 'ignore'
[1.409s] Level 1:colcon.colcon_core.package_identification:_identify(.) by extension 'ignore_ament_install'
[1.409s] Level 1:colcon.colcon_core.package_identification:_identify(.) by extensions ['colcon_pkg']
[1.410s] Level 1:colcon.colcon_core.package_identification:_identify(.) by extension 'colcon_pkg'
[1.410s] Level 1:colcon.colcon_core.package_identification:_identify(.) by extensions ['colcon_meta']
[1.410s] Level 1:colcon.colcon_core.package_identification:_identify(.) by extension 'colcon_meta'
[1.410s] Level 1:colcon.colcon_core.package_identification:_identify(.) by extensions ['ros']
[1.410s] Level 1:colcon.colcon_core.package_identification:_identify(.) by extension 'ros'
[1.511s] Level 1:colcon.colcon_core.package_identification:_identify(.) by extensions ['cmake', 'python']
[1.512s] Level 1:colcon.colcon_core.package_identification:_identify(.) by extension 'cmake'
[1.512s] Level 1:colcon.colcon_core.package_identification:_identify(.) by extension 'python'
[1.512s] Level 1:colcon.colcon_core.package_identification:_identify(.) by extensions ['python_setup_py']
[1.512s] Level 1:colcon.colcon_core.package_identification:_identify(.) by extension 'python_setup_py'
[1.513s] Level 1:colcon.colcon_core.package_identification:_identify(build) by extensions ['ignore', 'ignore_ament_install']
[1.513s] Level 1:colcon.colcon_core.package_identification:_identify(build) by extension 'ignore'
[1.513s] Level 1:colcon.colcon_core.package_identification:_identify(build) ignored
[1.514s] Level 1:colcon.colcon_core.package_identification:_identify(install) by extensions ['ignore', 'ignore_ament_install']
[1.514s] Level 1:colcon.colcon_core.package_identification:_identify(install) by extension 'ignore'
[1.514s] Level 1:colcon.colcon_core.package_identification:_identify(install) ignored
[1.514s] Level 1:colcon.colcon_core.package_identification:_identify(log) by extensions ['ignore', 'ignore_ament_install']
[1.515s] Level 1:colcon.colcon_core.package_identification:_identify(log) by extension 'ignore'
[1.515s] Level 1:colcon.colcon_core.package_identification:_identify(log) ignored
[1.515s] Level 1:colcon.colcon_core.package_identification:_identify(src) by extensions ['ignore', 'ignore_ament_install']
[1.515s] Level 1:colcon.colcon_core.package_identification:_identify(src) by extension 'ignore'
[1.515s] Level 1:colcon.colcon_core.package_identification:_identify(src) by extension 'ignore_ament_install'
[1.515s] Level 1:colcon.colcon_core.package_identification:_identify(src) by extensions ['colcon_pkg']
[1.515s] Level 1:colcon.colcon_core.package_identification:_identify(src) by extension 'colcon_pkg'
[1.516s] Level 1:colcon.colcon_core.package_identification:_identify(src) by extensions ['colcon_meta']
[1.516s] Level 1:colcon.colcon_core.package_identification:_identify(src) by extension 'colcon_meta'
[1.516s] Level 1:colcon.colcon_core.package_identification:_identify(src) by extensions ['ros']
[1.516s] Level 1:colcon.colcon_core.package_identification:_identify(src) by extension 'ros'
[1.516s] Level 1:colcon.colcon_core.package_identification:_identify(src) by extensions ['cmake', 'python']
[1.516s] Level 1:colcon.colcon_core.package_identification:_identify(src) by extension 'cmake'
[1.516s] Level 1:colcon.colcon_core.package_identification:_identify(src) by extension 'python'
[1.516s] Level 1:colcon.colcon_core.package_identification:_identify(src) by extensions ['python_setup_py']
[1.517s] Level 1:colcon.colcon_core.package_identification:_identify(src) by extension 'python_setup_py'
[1.517s] Level 1:colcon.colcon_core.package_identification:_identify(src/kelo_tulip) by extensions ['ignore', 'ignore_ament_install']
[1.517s] Level 1:colcon.colcon_core.package_identification:_identify(src/kelo_tulip) by extension 'ignore'
[1.518s] Level 1:colcon.colcon_core.package_identification:_identify(src/kelo_tulip) by extension 'ignore_ament_install'
[1.518s] Level 1:colcon.colcon_core.package_identification:_identify(src/kelo_tulip) by extensions ['colcon_pkg']
[1.518s] Level 1:colcon.colcon_core.package_identification:_identify(src/kelo_tulip) by extension 'colcon_pkg'
[1.518s] Level 1:colcon.colcon_core.package_identification:_identify(src/kelo_tulip) by extensions ['colcon_meta']
[1.518s] Level 1:colcon.colcon_core.package_identification:_identify(src/kelo_tulip) by extension 'colcon_meta'
[1.518s] Level 1:colcon.colcon_core.package_identification:_identify(src/kelo_tulip) by extensions ['ros']
[1.519s] Level 1:colcon.colcon_core.package_identification:_identify(src/kelo_tulip) by extension 'ros'
[1.527s] DEBUG:colcon.colcon_core.package_identification:Package 'src/kelo_tulip' with type 'ros.catkin' and name 'kelo_tulip'
[1.527s] Level 1:colcon.colcon_core.package_identification:_identify(src/map_1st_task) by extensions ['ignore', 'ignore_ament_install']
[1.527s] Level 1:colcon.colcon_core.package_identification:_identify(src/map_1st_task) by extension 'ignore'
[1.528s] Level 1:colcon.colcon_core.package_identification:_identify(src/map_1st_task) by extension 'ignore_ament_install'
[1.528s] Level 1:colcon.colcon_core.package_identification:_identify(src/map_1st_task) by extensions ['colcon_pkg']
[1.528s] Level 1:colcon.colcon_core.package_identification:_identify(src/map_1st_task) by extension 'colcon_pkg'
[1.528s] Level 1:colcon.colcon_core.package_identification:_identify(src/map_1st_task) by extensions ['colcon_meta']
[1.528s] Level 1:colcon.colcon_core.package_identification:_identify(src/map_1st_task) by extension 'colcon_meta'
[1.528s] Level 1:colcon.colcon_core.package_identification:_identify(src/map_1st_task) by extensions ['ros']
[1.528s] Level 1:colcon.colcon_core.package_identification:_identify(src/map_1st_task) by extension 'ros'
[1.528s] Level 1:colcon.colcon_core.package_identification:_identify(src/map_1st_task) by extensions ['cmake', 'python']
[1.529s] Level 1:colcon.colcon_core.package_identification:_identify(src/map_1st_task) by extension 'cmake'
[1.529s] Level 1:colcon.colcon_core.package_identification:_identify(src/map_1st_task) by extension 'python'
[1.529s] Level 1:colcon.colcon_core.package_identification:_identify(src/map_1st_task) by extensions ['python_setup_py']
[1.529s] Level 1:colcon.colcon_core.package_identification:_identify(src/map_1st_task) by extension 'python_setup_py'
[1.529s] Level 1:colcon.colcon_core.package_identification:_identify(src/robile_description) by extensions ['ignore', 'ignore_ament_install']
[1.529s] Level 1:colcon.colcon_core.package_identification:_identify(src/robile_description) by extension 'ignore'
[1.530s] Level 1:colcon.colcon_core.package_identification:_identify(src/robile_description) by extension 'ignore_ament_install'
[1.530s] Level 1:colcon.colcon_core.package_identification:_identify(src/robile_description) by extensions ['colcon_pkg']
[1.530s] Level 1:colcon.colcon_core.package_identification:_identify(src/robile_description) by extension 'colcon_pkg'
[1.530s] Level 1:colcon.colcon_core.package_identification:_identify(src/robile_description) by extensions ['colcon_meta']
[1.530s] Level 1:colcon.colcon_core.package_identification:_identify(src/robile_description) by extension 'colcon_meta'
[1.530s] Level 1:colcon.colcon_core.package_identification:_identify(src/robile_description) by extensions ['ros']
[1.530s] Level 1:colcon.colcon_core.package_identification:_identify(src/robile_description) by extension 'ros'
[1.532s] DEBUG:colcon.colcon_core.package_identification:Package 'src/robile_description' with type 'ros.ament_cmake' and name 'robile_description'
[1.533s] Level 1:colcon.colcon_core.package_identification:_identify(src/robile_gazebo) by extensions ['ignore', 'ignore_ament_install']
[1.533s] Level 1:colcon.colcon_core.package_identification:_identify(src/robile_gazebo) by extension 'ignore'
[1.533s] Level 1:colcon.colcon_core.package_identification:_identify(src/robile_gazebo) by extension 'ignore_ament_install'
[1.534s] Level 1:colcon.colcon_core.package_identification:_identify(src/robile_gazebo) by extensions ['colcon_pkg']
[1.534s] Level 1:colcon.colcon_core.package_identification:_identify(src/robile_gazebo) by extension 'colcon_pkg'
[1.534s] Level 1:colcon.colcon_core.package_identification:_identify(src/robile_gazebo) by extensions ['colcon_meta']
[1.534s] Level 1:colcon.colcon_core.package_identification:_identify(src/robile_gazebo) by extension 'colcon_meta'
[1.534s] Level 1:colcon.colcon_core.package_identification:_identify(src/robile_gazebo) by extensions ['ros']
[1.534s] Level 1:colcon.colcon_core.package_identification:_identify(src/robile_gazebo) by extension 'ros'
[1.541s] DEBUG:colcon.colcon_core.package_identification:Package 'src/robile_gazebo' with type 'ros.ament_cmake' and name 'robile_gazebo'
[1.541s] Level 1:colcon.colcon_core.package_identification:_identify(src/robile_interfaces) by extensions ['ignore', 'ignore_ament_install']
[1.542s] Level 1:colcon.colcon_core.package_identification:_identify(src/robile_interfaces) by extension 'ignore'
[1.542s] Level 1:colcon.colcon_core.package_identification:_identify(src/robile_interfaces) by extension 'ignore_ament_install'
[1.542s] Level 1:colcon.colcon_core.package_identification:_identify(src/robile_interfaces) by extensions ['colcon_pkg']
[1.542s] Level 1:colcon.colcon_core.package_identification:_identify(src/robile_interfaces) by extension 'colcon_pkg'
[1.543s] Level 1:colcon.colcon_core.package_identification:_identify(src/robile_interfaces) by extensions ['colcon_meta']
[1.543s] Level 1:colcon.colcon_core.package_identification:_identify(src/robile_interfaces) by extension 'colcon_meta'
[1.543s] Level 1:colcon.colcon_core.package_identification:_identify(src/robile_interfaces) by extensions ['ros']
[1.543s] Level 1:colcon.colcon_core.package_identification:_identify(src/robile_interfaces) by extension 'ros'
[1.546s] DEBUG:colcon.colcon_core.package_identification:Package 'src/robile_interfaces' with type 'ros.ament_cmake' and name 'robile_interfaces'
[1.547s] Level 1:colcon.colcon_core.package_identification:_identify(src/robile_localization) by extensions ['ignore', 'ignore_ament_install']
[1.547s] Level 1:colcon.colcon_core.package_identification:_identify(src/robile_localization) by extension 'ignore'
[1.547s] Level 1:colcon.colcon_core.package_identification:_identify(src/robile_localization) by extension 'ignore_ament_install'
[1.547s] Level 1:colcon.colcon_core.package_identification:_identify(src/robile_localization) by extensions ['colcon_pkg']
[1.547s] Level 1:colcon.colcon_core.package_identification:_identify(src/robile_localization) by extension 'colcon_pkg'
[1.548s] Level 1:colcon.colcon_core.package_identification:_identify(src/robile_localization) by extensions ['colcon_meta']
[1.548s] Level 1:colcon.colcon_core.package_identification:_identify(src/robile_localization) by extension 'colcon_meta'
[1.548s] Level 1:colcon.colcon_core.package_identification:_identify(src/robile_localization) by extensions ['ros']
[1.548s] Level 1:colcon.colcon_core.package_identification:_identify(src/robile_localization) by extension 'ros'
[1.552s] DEBUG:colcon.colcon_core.package_identification:Package 'src/robile_localization' with type 'ros.ament_python' and name 'robile_localization'
[1.553s] Level 1:colcon.colcon_core.package_identification:_identify(src/robile_navigation) by extensions ['ignore', 'ignore_ament_install']
[1.553s] Level 1:colcon.colcon_core.package_identification:_identify(src/robile_navigation) by extension 'ignore'
[1.553s] Level 1:colcon.colcon_core.package_identification:_identify(src/robile_navigation) by extension 'ignore_ament_install'
[1.554s] Level 1:colcon.colcon_core.package_identification:_identify(src/robile_navigation) by extensions ['colcon_pkg']
[1.554s] Level 1:colcon.colcon_core.package_identification:_identify(src/robile_navigation) by extension 'colcon_pkg'
[1.554s] Level 1:colcon.colcon_core.package_identification:_identify(src/robile_navigation) by extensions ['colcon_meta']
[1.554s] Level 1:colcon.colcon_core.package_identification:_identify(src/robile_navigation) by extension 'colcon_meta'
[1.554s] Level 1:colcon.colcon_core.package_identification:_identify(src/robile_navigation) by extensions ['ros']
[1.554s] Level 1:colcon.colcon_core.package_identification:_identify(src/robile_navigation) by extension 'ros'
[1.557s] DEBUG:colcon.colcon_core.package_identification:Package 'src/robile_navigation' with type 'ros.ament_cmake' and name 'robile_navigation'
[1.557s] Level 1:colcon.colcon_core.package_identification:_identify(src/robile_planning) by extensions ['ignore', 'ignore_ament_install']
[1.557s] Level 1:colcon.colcon_core.package_identification:_identify(src/robile_planning) by extension 'ignore'
[1.557s] Level 1:colcon.colcon_core.package_identification:_identify(src/robile_planning) by extension 'ignore_ament_install'
[1.558s] Level 1:colcon.colcon_core.package_identification:_identify(src/robile_planning) by extensions ['colcon_pkg']
[1.558s] Level 1:colcon.colcon_core.package_identification:_identify(src/robile_planning) by extension 'colcon_pkg'
[1.558s] Level 1:colcon.colcon_core.package_identification:_identify(src/robile_planning) by extensions ['colcon_meta']
[1.558s] Level 1:colcon.colcon_core.package_identification:_identify(src/robile_planning) by extension 'colcon_meta'
[1.558s] Level 1:colcon.colcon_core.package_identification:_identify(src/robile_planning) by extensions ['ros']
[1.558s] Level 1:colcon.colcon_core.package_identification:_identify(src/robile_planning) by extension 'ros'
[1.562s] DEBUG:colcon.colcon_core.package_identification:Package 'src/robile_planning' with type 'ros.ament_python' and name 'robile_planning'
[1.562s] Level 1:colcon.colcon_core.package_discovery:discover_packages(recursive) using defaults
[1.562s] Level 1:colcon.colcon_core.package_discovery:discover_packages(ignore) discover
[1.562s] Level 1:colcon.colcon_core.package_discovery:discover_packages(ignore) using defaults
[1.562s] Level 1:colcon.colcon_core.package_discovery:discover_packages(path) discover
[1.563s] Level 1:colcon.colcon_core.package_discovery:discover_packages(path) using defaults
[1.689s] INFO:colcon.colcon_core.package_selection:Skipping not selected package 'kelo_tulip' in 'src/kelo_tulip'
[1.689s] INFO:colcon.colcon_core.package_selection:Skipping not selected package 'robile_description' in 'src/robile_description'
[1.690s] INFO:colcon.colcon_core.package_selection:Skipping not selected package 'robile_interfaces' in 'src/robile_interfaces'
[1.690s] INFO:colcon.colcon_core.package_selection:Skipping not selected package 'robile_localization' in 'src/robile_localization'
[1.691s] INFO:colcon.colcon_core.package_selection:Skipping not selected package 'robile_gazebo' in 'src/robile_gazebo'
[1.691s] INFO:colcon.colcon_core.package_selection:Skipping not selected package 'robile_navigation' in 'src/robile_navigation'
[1.695s] Level 1:colcon.colcon_core.package_discovery:discover_packages(prefix_path) check parameters
[1.696s] Level 1:colcon.colcon_core.package_discovery:discover_packages(prefix_path) discover
[1.717s] DEBUG:colcon.colcon_installed_package_information.package_discovery:Found 7 installed packages in /home/md/amr_final_ws/install
[1.721s] DEBUG:colcon.colcon_installed_package_information.package_discovery:Found 1 installed packages in /home/md/robile_ser_ws/install
[1.725s] DEBUG:colcon.colcon_installed_package_information.package_discovery:Found 6 installed packages in /home/md/ros2_robot_ws/install
[1.729s] DEBUG:colcon.colcon_installed_package_information.package_discovery:Found 2 installed packages in /home/md/Desktop/ros2_ws/install
[1.743s] DEBUG:colcon.colcon_installed_package_information.package_discovery:Found 426 installed packages in /opt/ros/humble
[1.763s] Level 1:colcon.colcon_core.package_discovery:discover_packages(prefix_path) using defaults
[1.961s] Level 5:colcon.colcon_core.verb:set package 'robile_planning' build argument 'cmake_args' from command line to 'None'
[1.962s] Level 5:colcon.colcon_core.verb:set package 'robile_planning' build argument 'cmake_target' from command line to 'None'
[1.962s] Level 5:colcon.colcon_core.verb:set package 'robile_planning' build argument 'cmake_target_skip_unavailable' from command line to 'False'
[1.962s] Level 5:colcon.colcon_core.verb:set package 'robile_planning' build argument 'cmake_clean_cache' from command line to 'False'
[1.962s] Level 5:colcon.colcon_core.verb:set package 'robile_planning' build argument 'cmake_clean_first' from command line to 'False'
[1.962s] Level 5:colcon.colcon_core.verb:set package 'robile_planning' build argument 'cmake_force_configure' from command line to 'False'
[1.962s] Level 5:colcon.colcon_core.verb:set package 'robile_planning' build argument 'ament_cmake_args' from command line to 'None'
[1.962s] Level 5:colcon.colcon_core.verb:set package 'robile_planning' build argument 'catkin_cmake_args' from command line to 'None'
[1.963s] Level 5:colcon.colcon_core.verb:set package 'robile_planning' build argument 'catkin_skip_building_tests' from command line to 'False'
[1.963s] DEBUG:colcon.colcon_core.verb:Building package 'robile_planning' with the following arguments: {'ament_cmake_args': None, 'build_base': '/home/md/amr_final_ws/build/robile_planning', 'catkin_cmake_args': None, 'catkin_skip_building_tests': False, 'cmake_args': None, 'cmake_clean_cache': False, 'cmake_clean_first': False, 'cmake_force_configure': False, 'cmake_target': None, 'cmake_target_skip_unavailable': False, 'install_base': '/home/md/amr_final_ws/install/robile_planning', 'merge_install': False, 'path': '/home/md/amr_final_ws/src/robile_planning', 'symlink_install': True, 'test_result_base': None}
[1.963s] INFO:colcon.colcon_core.executor:Executing jobs using 'parallel' executor
[1.967s] DEBUG:colcon.colcon_parallel_executor.executor.parallel:run_until_complete
[1.967s] INFO:colcon.colcon_ros.task.ament_python.build:Building ROS package in '/home/md/amr_final_ws/src/robile_planning' with build type 'ament_python'
[1.968s] Level 1:colcon.colcon_core.shell:create_environment_hook('robile_planning', 'ament_prefix_path')
[1.979s] INFO:colcon.colcon_core.plugin_system:Skipping extension 'colcon_core.shell.bat': Not used on non-Windows systems
[1.979s] INFO:colcon.colcon_core.shell:Creating environment hook '/home/md/amr_final_ws/install/robile_planning/share/robile_planning/hook/ament_prefix_path.ps1'
[1.981s] INFO:colcon.colcon_core.shell:Creating environment descriptor '/home/md/amr_final_ws/install/robile_planning/share/robile_planning/hook/ament_prefix_path.dsv'
[1.982s] INFO:colcon.colcon_core.shell:Creating environment hook '/home/md/amr_final_ws/install/robile_planning/share/robile_planning/hook/ament_prefix_path.sh'
[1.985s] INFO:colcon.colcon_core.shell:Skip shell extension 'powershell' for command environment: Not usable outside of PowerShell
[1.985s] DEBUG:colcon.colcon_core.shell:Skip shell extension 'dsv' for command environment
[3.297s] INFO:colcon.colcon_core.task.python.build:Building Python package in '/home/md/amr_final_ws/src/robile_planning'
[3.298s] INFO:colcon.colcon_core.shell:Skip shell extension 'powershell' for command environment: Not usable outside of PowerShell
[3.298s] DEBUG:colcon.colcon_core.shell:Skip shell extension 'dsv' for command environment
[5.007s] DEBUG:colcon.colcon_core.event_handler.log_command:Invoking command in '/home/md/amr_final_ws/build/robile_planning': PYTHONPATH=/home/md/amr_final_ws/build/robile_planning/prefix_override:/usr/lib/python3/dist-packages/colcon_core/task/python/colcon_distutils_commands:/home/md/amr_final_ws/install/robile_planning/lib/python3.10/site-packages:${PYTHONPATH} /usr/bin/python3 -W ignore:setup.py install is deprecated -W ignore:easy_install command is deprecated setup.py develop --editable --build-directory /home/md/amr_final_ws/build/robile_planning/build --no-deps symlink_data
[6.886s] Level 1:colcon.colcon_core.shell:create_environment_hook('robile_planning', 'pythonpath_develop')
[6.887s] INFO:colcon.colcon_core.shell:Creating environment hook '/home/md/amr_final_ws/build/robile_planning/share/robile_planning/hook/pythonpath_develop.ps1'
[6.888s] DEBUG:colcon.colcon_core.event_handler.log_command:Invoked command in '/home/md/amr_final_ws/build/robile_planning' returned '0': PYTHONPATH=/home/md/amr_final_ws/build/robile_planning/prefix_override:/usr/lib/python3/dist-packages/colcon_core/task/python/colcon_distutils_commands:/home/md/amr_final_ws/install/robile_planning/lib/python3.10/site-packages:${PYTHONPATH} /usr/bin/python3 -W ignore:setup.py install is deprecated -W ignore:easy_install command is deprecated setup.py develop --editable --build-directory /home/md/amr_final_ws/build/robile_planning/build --no-deps symlink_data
[6.889s] INFO:colcon.colcon_core.shell:Creating environment descriptor '/home/md/amr_final_ws/build/robile_planning/share/robile_planning/hook/pythonpath_develop.dsv'
[6.890s] INFO:colcon.colcon_core.shell:Creating environment hook '/home/md/amr_final_ws/build/robile_planning/share/robile_planning/hook/pythonpath_develop.sh'
[6.904s] Level 1:colcon.colcon_core.environment:checking '/home/md/amr_final_ws/install/robile_planning' for CMake module files
[6.905s] Level 1:colcon.colcon_core.environment:checking '/home/md/amr_final_ws/install/robile_planning' for CMake config files
[6.907s] Level 1:colcon.colcon_core.environment:checking '/home/md/amr_final_ws/install/robile_planning/lib'
[6.907s] Level 1:colcon.colcon_core.environment:checking '/home/md/amr_final_ws/install/robile_planning/bin'
[6.907s] Level 1:colcon.colcon_core.environment:checking '/home/md/amr_final_ws/install/robile_planning/lib/pkgconfig/robile_planning.pc'
[6.908s] Level 1:colcon.colcon_core.environment:checking '/home/md/amr_final_ws/install/robile_planning/lib/python3.10/site-packages'
[6.908s] Level 1:colcon.colcon_core.shell:create_environment_hook('robile_planning', 'pythonpath')
[6.909s] INFO:colcon.colcon_core.shell:Creating environment hook '/home/md/amr_final_ws/install/robile_planning/share/robile_planning/hook/pythonpath.ps1'
[6.910s] INFO:colcon.colcon_core.shell:Creating environment descriptor '/home/md/amr_final_ws/install/robile_planning/share/robile_planning/hook/pythonpath.dsv'
[6.911s] INFO:colcon.colcon_core.shell:Creating environment hook '/home/md/amr_final_ws/install/robile_planning/share/robile_planning/hook/pythonpath.sh'
[6.914s] Level 1:colcon.colcon_core.environment:checking '/home/md/amr_final_ws/install/robile_planning/bin'
[6.914s] Level 1:colcon.colcon_core.environment:create_environment_scripts_only(robile_planning)
[6.915s] INFO:colcon.colcon_core.shell:Creating package script '/home/md/amr_final_ws/install/robile_planning/share/robile_planning/package.ps1'
[6.919s] INFO:colcon.colcon_core.shell:Creating package descriptor '/home/md/amr_final_ws/install/robile_planning/share/robile_planning/package.dsv'
[6.921s] INFO:colcon.colcon_core.shell:Creating package script '/home/md/amr_final_ws/install/robile_planning/share/robile_planning/package.sh'
[6.923s] INFO:colcon.colcon_core.shell:Creating package script '/home/md/amr_final_ws/install/robile_planning/share/robile_planning/package.bash'
[6.928s] INFO:colcon.colcon_core.shell:Creating package script '/home/md/amr_final_ws/install/robile_planning/share/robile_planning/package.zsh'
[6.931s] Level 1:colcon.colcon_core.environment:create_file_with_runtime_dependencies(/home/md/amr_final_ws/install/robile_planning/share/colcon-core/packages/robile_planning)
[6.932s] DEBUG:colcon.colcon_parallel_executor.executor.parallel:closing loop
[6.933s] DEBUG:colcon.colcon_parallel_executor.executor.parallel:loop closed
[6.933s] DEBUG:colcon.colcon_parallel_executor.executor.parallel:run_until_complete finished with '0'
[6.933s] DEBUG:colcon.colcon_core.event_reactor:joining thread
[6.955s] INFO:colcon.colcon_core.plugin_system:Skipping extension 'colcon_notification.desktop_notification.terminal_notifier': Not used on non-Darwin systems
[6.955s] INFO:colcon.colcon_core.plugin_system:Skipping extension 'colcon_notification.desktop_notification.win32': Not used on non-Windows systems
[6.956s] INFO:colcon.colcon_notification.desktop_notification:Sending desktop notification using 'notify2'
[6.994s] DEBUG:colcon.colcon_core.event_reactor:joined thread
[6.995s] INFO:colcon.colcon_core.shell:Creating prefix script '/home/md/amr_final_ws/install/local_setup.ps1'
[6.999s] INFO:colcon.colcon_core.shell:Creating prefix util module '/home/md/amr_final_ws/install/_local_setup_util_ps1.py'
[7.006s] INFO:colcon.colcon_core.shell:Creating prefix chain script '/home/md/amr_final_ws/install/setup.ps1'
[7.014s] INFO:colcon.colcon_core.shell:Creating prefix script '/home/md/amr_final_ws/install/local_setup.sh'
[7.016s] INFO:colcon.colcon_core.shell:Creating prefix util module '/home/md/amr_final_ws/install/_local_setup_util_sh.py'
[7.018s] INFO:colcon.colcon_core.shell:Creating prefix chain script '/home/md/amr_final_ws/install/setup.sh'
[7.026s] INFO:colcon.colcon_core.shell:Creating prefix script '/home/md/amr_final_ws/install/local_setup.bash'
[7.028s] INFO:colcon.colcon_core.shell:Creating prefix chain script '/home/md/amr_final_ws/install/setup.bash'
[7.033s] INFO:colcon.colcon_core.shell:Creating prefix script '/home/md/amr_final_ws/install/local_setup.zsh'
[7.035s] INFO:colcon.colcon_core.shell:Creating prefix chain script '/home/md/amr_final_ws/install/setup.zsh'
