[0.028s] Invoking command in '/home/md/amr_final_ws/build/kelo_tulip': /usr/bin/cmake /home/md/amr_final_ws/src/kelo_tulip -DCATKIN_INSTALL_INTO_PREFIX_ROOT=0 -DCMAKE_INSTALL_PREFIX=/home/md/amr_final_ws/install/kelo_tulip
[0.036s] [0mCMake Deprecation Warning at CMakeLists.txt:1 (cmake_minimum_required):
[0.037s]   Compatibility with CMake < 2.8.12 will be removed from a future version of
[0.037s]   CMake.
[0.037s] 
[0.037s]   Update the VERSION argument <min> value or use a ...<max> suffix to tell
[0.037s]   CMake that the project does not need compatibility with older versions.
[0.037s] 
[0.037s] [0m
[0.054s] [31mCMake Error at CMakeLists.txt:4 (find_package):
[0.054s]   By not providing "Findcatkin.cmake" in CMAKE_MODULE_PATH this project has
[0.054s]   asked CMake to find a package configuration file provided by "catkin", but
[0.055s]   CMake did not find one.
[0.055s] 
[0.055s]   Could not find a package configuration file provided by "catkin" with any
[0.055s]   of the following names:
[0.055s] 
[0.055s]     catkinConfig.cmake
[0.055s]     catkin-config.cmake
[0.055s] 
[0.055s]   Add the installation prefix of "catkin" to CMAKE_PREFIX_PATH or set
[0.056s]   "catkin_DIR" to a directory containing one of the above files.  If "catkin"
[0.056s]   provides a separate development package or SDK, be sure it has been
[0.056s]   installed.
[0.056s] 
[0.056s] [0m
[0.056s] -- Configuring incomplete, errors occurred!
[0.056s] See also "/home/md/amr_final_ws/build/kelo_tulip/CMakeFiles/CMakeOutput.log".
[0.404s] Invoked command in '/home/md/amr_final_ws/build/kelo_tulip' returned '1': /usr/bin/cmake /home/md/amr_final_ws/src/kelo_tulip -DCATKIN_INSTALL_INTO_PREFIX_ROOT=0 -DCMAKE_INSTALL_PREFIX=/home/md/amr_final_ws/install/kelo_tulip
